2026-08-10T17:54:29+09:00
mg0012
PBS_JOBID=2519128.opbs
4cf825a303c87e5148d1b0343b8a671ccde858fc
## plan03-1
Currently Loaded Modulefiles:
 1) nvidia/25.9(default)   2) nv-hpcx/25.9  

Key:
(symbolic-version)  
121 files already formatted
All checks passed!

==================================== ERRORS ====================================
_________ ERROR collecting tests/harness/test_full_protocol_harness.py _________
ImportError while importing test module '/work/xg24i002/x10041/fsb_decoupled_diloco/tests/harness/test_full_protocol_harness.py'.
Hint: make sure your test modules/packages have valid Python names.
Traceback:
/home/x10041/.local/share/uv/python/cpython-3.13.13-linux-aarch64-gnu/lib/python3.13/importlib/__init__.py:88: in import_module
    return _bootstrap._gcd_import(name[level:], package, level)
           ^^^^^^^^^^^^^^^^^^^^^^^^^^^^^^^^^^^^^^^^^^^^^^^^^^^^
tests/harness/test_full_protocol_harness.py:27: in <module>
    from tests.support.protocol import (
tests/support/__init__.py:7: in <module>
    from .performance import PairedPerformanceResult, paired_noninferiority
E   ModuleNotFoundError: No module named 'tests.support.performance'
___________ ERROR collecting tests/runtime/test_terminal_service.py ____________
ImportError while importing test module '/work/xg24i002/x10041/fsb_decoupled_diloco/tests/runtime/test_terminal_service.py'.
Hint: make sure your test modules/packages have valid Python names.
Traceback:
/home/x10041/.local/share/uv/python/cpython-3.13.13-linux-aarch64-gnu/lib/python3.13/importlib/__init__.py:88: in import_module
    return _bootstrap._gcd_import(name[level:], package, level)
           ^^^^^^^^^^^^^^^^^^^^^^^^^^^^^^^^^^^^^^^^^^^^^^^^^^^^
tests/runtime/test_terminal_service.py:27: in <module>
    from tests.support import VirtualClock
tests/support/__init__.py:7: in <module>
    from .performance import PairedPerformanceResult, paired_noninferiority
E   ModuleNotFoundError: No module named 'tests.support.performance'
=========================== short test summary info ============================
ERROR tests/harness/test_full_protocol_harness.py
ERROR tests/runtime/test_terminal_service.py
!!!!!!!!!!!!!!!!!!! Interrupted: 2 errors during collection !!!!!!!!!!!!!!!!!!!!
2 errors in 4.14s
