Currently Loaded Modulefiles:
 1) nvidia/25.9(default)   2) nv-hpcx/25.9  

Key:
(symbolic-version)  
RUN_ID=plan03_1_p4_current_51x11_20260810_233100
SHARED_ROOT=/work/xg24i002/x10041/fsb_decoupled_diloco/runs/full_protocol/plan03_1_p4_current_51x11_20260810_233100
DESCRIPTOR_SHA256=4e4878ebc8070b908f4d81ae255dcfcae66c39503d75866a3bb0b2f9882ce220
HOST mg0001
HOST mg0004
HOST mg0008
HOST mg0009
HOST mg0012
HOST mg0013
HOST mg0015
HOST mg0018
HOST mg0019
{
  "audit": {
    "claimed_gc": 0,
    "folded_batch_index_rows": 0,
    "folded_batches": 0,
    "hot_batches": 3,
    "partitions": 0,
    "pending_gc": 0
  },
  "authority": {
    "ddl_sha256": "a775627c019dd7a3ed3d52563edd25b0c68f51a01a4cdeddbd12a5b8a294608e",
    "features": [],
    "mode": "static",
    "protocol_version": 4,
    "schema_fingerprint": "43496cfb369953d00f65e7fa7e7dd75c412441905a1487bd1b27903f75db922c",
    "schema_version": 11
  },
  "contributor_progress": {},
  "controller": {
    "drain_ack_deadline": 1786372421.9063866,
    "generation": 1,
    "hard_crash_cycle_token_budget": 816,
    "proposal_visibility_deadline": 1786372368.1734104,
    "reason": "configured_target",
    "registration_visibility_deadline": 1786372361.9063866,
    "requested_at": 1786372361.9063866,
    "singleton": 1,
    "state": "finalized",
    "terminal_merge_count": 0,
    "updated_by_epoch": 1,
    "updated_by_owner_id": "syncer-75cffd8c-63e2-4504-9e02-7ae326f154ac"
  },
  "current_contributor_fences": [],
  "dynamic": {
    "capacity_observations": [],
    "instances": [],
    "launch_requests": [],
    "streams": []
  },
  "integrity_check": [
    "ok"
  ],
  "latest_version": {
    "committed_at": 1786372361.333485,
    "committed_by_epoch": 1,
    "committed_by_owner_id": "syncer-75cffd8c-63e2-4504-9e02-7ae326f154ac",
    "direct_weight_tokens_applied": 6528,
    "optim_relative_path": "optim/epochs/e000001/07a107b86c0c/outer_v000011_p29443535ad37.safetensors",
    "optim_sha256": "69ab658c5bbf08b2960dd8cfc9fc3fb4e49dc7e82296ae86423003a737396904",
    "optim_size": 65856,
    "predecessor_version": 10,
    "publication_id": "29443535-ad37-4534-9b07-7a8788e424ad",
    "theta_sha256": "4cc7ba4e590ac4bf4db9730712ecb51d1a57da9d23d331cb6a6398e63f4d3f8e",
    "version": 11,
    "weight_relative_path": "weights/epochs/e000001/07a107b86c0c/global_v000011_p29443535ad37.safetensors",
    "weight_sha256": "11317e189df7ba417c6ddf1fdee37e423a41f2a55f8730cabdda39198c50d34b",
    "weight_size": 33104
  },
  "run": {
    "config_sha256": "68bf4ef660f4e44f4244149d45449a72af8709e8d8de2805e7f3cb42ba294e55",
    "descriptor_sha256": "4e4878ebc8070b908f4d81ae255dcfcae66c39503d75866a3bb0b2f9882ce220",
    "mode": "static",
    "run_id": "plan03_1_p4_current_51x11_20260810_233100",
    "shared_root": "/work/xg24i002/x10041/fsb_decoupled_diloco/runs/full_protocol/plan03_1_p4_current_51x11_20260810_233100",
    "source_fingerprint": "sha256:cc5a483060e2a6e13c6cd1967d32b37581c642a9706c7ed8919034c90b1f4a98"
  },
  "syncer_epochs": [
    {
      "acquired_at": 1786372344.230438,
      "config_sha256": "68bf4ef660f4e44f4244149d45449a72af8709e8d8de2805e7f3cb42ba294e55",
      "epoch": 1,
      "final_at": 1786372364.0105405,
      "final_state": "released",
      "hostname": "mg0001",
      "last_renewed_at": 1786372364.0105405,
      "owner_id": "syncer-75cffd8c-63e2-4504-9e02-7ae326f154ac",
      "pbs_job_id": "2521638.opbs",
      "pid": 3026694,
      "source_fingerprint": "sha256:cc5a483060e2a6e13c6cd1967d32b37581c642a9706c7ed8919034c90b1f4a98",
      "superseded_by_epoch": null
    }
  ],
  "terminal": {
    "direct_weight_tokens_applied": 71808,
    "final_version": 11,
    "finalized_at": 1786372363.4868755,
    "finalized_by_epoch": 1,
    "finalized_by_owner_id": "syncer-75cffd8c-63e2-4504-9e02-7ae326f154ac",
    "generation": 1,
    "singleton": 1,
    "state": "finalized",
    "stop_reason": "configured_target"
  },
  "terminal_contributor_fences": [
    {
      "acknowledged_at": 1786372363.1337516,
      "acknowledged_by_epoch": 1,
      "close_data_cursor": 765,
      "close_last_cycle_seq": 15,
      "fence_json": "{\"attempt_id\":\"attempt-799bb9c3-8f0b-47b5-9ed0-6ac73cf22861\",\"binding_generation\":1,\"kind\":\"static\",\"learner_id\":\"learner_000\",\"logical_launch_id\":\"allocation-2521638-learner_000\"}",
      "fence_kind": "static",
      "final_cycle_seq": 15,
      "final_update_id": "b59db62b-b7ff-4266-b2d8-6b103853886a",
      "generation": 1,
      "hard_crash_gap_tokens_upper_bound": 0,
      "stable_contributor_key": "learner_000",
      "state": "acked"
    },
    {
      "acknowledged_at": 1786372362.277101,
      "acknowledged_by_epoch": 1,
      "close_data_cursor": 663,
      "close_last_cycle_seq": 13,
      "fence_json": "{\"attempt_id\":\"attempt-b8fa08af-f6c3-4061-8c94-472d191e7d6d\",\"binding_generation\":1,\"kind\":\"static\",\"learner_id\":\"learner_001\",\"logical_launch_id\":\"allocation-2521638-learner_001\"}",
      "fence_kind": "static",
      "final_cycle_seq": 13,
      "final_update_id": "12114c15-5a60-4b73-91b9-d487a18b3b4e",
      "generation": 1,
      "hard_crash_gap_tokens_upper_bound": 0,
      "stable_contributor_key": "learner_001",
      "state": "acked"
    },
    {
      "acknowledged_at": 1786372362.2862983,
      "acknowledged_by_epoch": 1,
      "close_data_cursor": 663,
      "close_last_cycle_seq": 13,
      "fence_json": "{\"attempt_id\":\"attempt-0bea9aa1-aa25-44cc-be76-bc932ce8245a\",\"binding_generation\":1,\"kind\":\"static\",\"learner_id\":\"learner_002\",\"logical_launch_id\":\"allocation-2521638-learner_002\"}",
      "fence_kind": "static",
      "final_cycle_seq": 13,
      "final_update_id": "9f6e8728-9850-4416-8e84-072696c61b6a",
      "generation": 1,
      "hard_crash_gap_tokens_upper_bound": 0,
      "stable_contributor_key": "learner_002",
      "state": "acked"
    },
    {
      "acknowledged_at": 1786372362.294006,
      "acknowledged_by_epoch": 1,
      "close_data_cursor": 663,
      "close_last_cycle_seq": 13,
      "fence_json": "{\"attempt_id\":\"attempt-7092c48c-5739-4e50-9fb1-65ff6529151b\",\"binding_generation\":1,\"kind\":\"static\",\"learner_id\":\"learner_003\",\"logical_launch_id\":\"allocation-2521638-learner_003\"}",
      "fence_kind": "static",
      "final_cycle_seq": 13,
      "final_update_id": "ff470f27-2175-43a0-98e5-52611950500f",
      "generation": 1,
      "hard_crash_gap_tokens_upper_bound": 0,
      "stable_contributor_key": "learner_003",
      "state": "acked"
    },
    {
      "acknowledged_at": 1786372362.301807,
      "acknowledged_by_epoch": 1,
      "close_data_cursor": 714,
      "close_last_cycle_seq": 14,
      "fence_json": "{\"attempt_id\":\"attempt-7c2831cb-8321-4038-9434-0ab2bd51fa70\",\"binding_generation\":1,\"kind\":\"static\",\"learner_id\":\"learner_004\",\"logical_launch_id\":\"allocation-2521638-learner_004\"}",
      "fence_kind": "static",
      "final_cycle_seq": 14,
      "final_update_id": "15366ebd-40c2-4b8e-96dd-3e034daa2e53",
      "generation": 1,
      "hard_crash_gap_tokens_upper_bound": 0,
      "stable_contributor_key": "learner_004",
      "state": "acked"
    },
    {
      "acknowledged_at": 1786372362.3094096,
      "acknowledged_by_epoch": 1,
      "close_data_cursor": 714,
      "close_last_cycle_seq": 14,
      "fence_json": "{\"attempt_id\":\"attempt-10c04c2c-3921-4aae-9575-1f560613c4f1\",\"binding_generation\":1,\"kind\":\"static\",\"learner_id\":\"learner_005\",\"logical_launch_id\":\"allocation-2521638-learner_005\"}",
      "fence_kind": "static",
      "final_cycle_seq": 14,
      "final_update_id": "25ad9ae2-4268-4177-8c3e-3dcf93091b07",
      "generation": 1,
      "hard_crash_gap_tokens_upper_bound": 0,
      "stable_contributor_key": "learner_005",
      "state": "acked"
    },
    {
      "acknowledged_at": 1786372363.155904,
      "acknowledged_by_epoch": 1,
      "close_data_cursor": 714,
      "close_last_cycle_seq": 14,
      "fence_json": "{\"attempt_id\":\"attempt-56d1da0f-87b0-4972-9acd-b39242d0305a\",\"binding_generation\":1,\"kind\":\"static\",\"learner_id\":\"learner_006\",\"logical_launch_id\":\"allocation-2521638-learner_006\"}",
      "fence_kind": "static",
      "final_cycle_seq": 14,
      "final_update_id": "da8778a5-d6e1-4f1a-9600-f5149241f522",
      "generation": 1,
      "hard_crash_gap_tokens_upper_bound": 0,
      "stable_contributor_key": "learner_006",
      "state": "acked"
    },
    {
      "acknowledged_at": 1786372363.1635594,
      "acknowledged_by_epoch": 1,
      "close_data_cursor": 714,
      "close_last_cycle_seq": 14,
      "fence_json": "{\"attempt_id\":\"attempt-42b0bd9c-7925-4ae7-8ec8-af7d72163dc1\",\"binding_generation\":1,\"kind\":\"static\",\"learner_id\":\"learner_007\",\"logical_launch_id\":\"allocation-2521638-learner_007\"}",
      "fence_kind": "static",
      "final_cycle_seq": 14,
      "final_update_id": "886b9aed-d928-4492-a7a3-6a29424158a0",
      "generation": 1,
      "hard_crash_gap_tokens_upper_bound": 0,
      "stable_contributor_key": "learner_007",
      "state": "acked"
    }
  ],
  "token_ledger": {
    "adjudicated_processed": 89760,
    "carried_ancestry": 0,
    "direct_applied": 71808,
    "direct_dropped": 17952,
    "direct_outstanding": 0,
    "direct_quarantined_or_conflicted": 0,
    "direct_reported_unpublished": 0,
    "hard_crash_gap_tokens_upper_bound": 0,
    "local_discarded": 0
  }
}
PASS
