Currently Loaded Modulefiles:
 1) nvidia/25.9(default)   2) nv-hpcx/25.9  

Key:
(symbolic-version)  
RUN_ID=plan03_1_p3_learner_replacement_20260810_192006
SHARED_ROOT=/work/xg24i002/x10041/fsb_decoupled_diloco/runs/full_protocol/plan03_1_p3_learner_replacement_20260810_192006
DESCRIPTOR_SHA256=07caebde806870fd4cfe808353204f4315ba8449ad49497967b1ead01e941707
HOST mg0020
HOST mg0021
HOST mg0024
HOST mg0025
HOST mg0026
[ERROR] Full Protocol rank failed at line 108
{
  "audit": {
    "claimed_gc": 0,
    "folded_batch_index_rows": 0,
    "folded_batches": 0,
    "hot_batches": 2,
    "partitions": 0,
    "pending_gc": 0
  },
  "authority": {
    "ddl_sha256": "be522b2e708f98079776cba224d61108e4d9440b4e5e22ef949d0462df76e216",
    "features": [],
    "mode": "static",
    "protocol_version": 4,
    "schema_fingerprint": "385c18698797fc09424f4cbfa63569accaf296ead8ce2f5b0b98bb88bee63f13",
    "schema_version": 9
  },
  "contributor_progress": {},
  "controller": {
    "drain_ack_deadline": 1786357271.2877378,
    "generation": 1,
    "hard_crash_cycle_token_budget": 320,
    "proposal_visibility_deadline": 1786357243.8761759,
    "reason": "configured_target",
    "registration_visibility_deadline": 1786357241.2877378,
    "requested_at": 1786357241.2877378,
    "singleton": 1,
    "state": "finalized",
    "terminal_merge_count": 0,
    "updated_by_epoch": 1,
    "updated_by_owner_id": "syncer-be006e2a-b42a-4590-bbb0-ff2364908851"
  },
  "current_contributor_fences": [],
  "dynamic": {
    "capacity_observations": [],
    "instances": [],
    "launch_requests": [],
    "streams": []
  },
  "integrity_check": [
    "ok"
  ],
  "latest_version": {
    "committed_at": 1786357240.98627,
    "committed_by_epoch": 1,
    "committed_by_owner_id": "syncer-be006e2a-b42a-4590-bbb0-ff2364908851",
    "direct_weight_tokens_applied": 1280,
    "optim_relative_path": "optim/epochs/e000001/539a5b091099/outer_v000004_p3ead9614efaf.safetensors",
    "optim_sha256": "ba1f708a49676c911529ddc40ba05d390df8237364357aec152b594753cb2caa",
    "optim_size": 65856,
    "predecessor_version": 3,
    "publication_id": "3ead9614-efaf-4d3b-bb19-81fdbb8857e0",
    "theta_sha256": "ca228eaefe04b49cc35d74624acbe1238ac3b2d4b64e03b8c93fbc35e66d31fb",
    "version": 4,
    "weight_relative_path": "weights/epochs/e000001/539a5b091099/global_v000004_p3ead9614efaf.safetensors",
    "weight_sha256": "bca00e963b8aa92e217c9b3cfa9a32a666514ccec530e83cc3812c2346253253",
    "weight_size": 33104
  },
  "run": {
    "config_sha256": "337a277171e82390662bd85f490c5f0dce1a530c876f0e6f6bcd665ebcd153c2",
    "descriptor_sha256": "07caebde806870fd4cfe808353204f4315ba8449ad49497967b1ead01e941707",
    "mode": "static",
    "run_id": "plan03_1_p3_learner_replacement_20260810_192006",
    "shared_root": "/work/xg24i002/x10041/fsb_decoupled_diloco/runs/full_protocol/plan03_1_p3_learner_replacement_20260810_192006",
    "source_fingerprint": "sha256:87e6223c81c49839673b949eccb540f95fcd22d75e4aece3f9824aad124a0314"
  },
  "syncer_epochs": [
    {
      "acquired_at": 1786357228.925763,
      "config_sha256": "337a277171e82390662bd85f490c5f0dce1a530c876f0e6f6bcd665ebcd153c2",
      "epoch": 1,
      "final_at": 1786357242.231054,
      "final_state": "released",
      "hostname": "mg0020",
      "last_renewed_at": 1786357242.231054,
      "owner_id": "syncer-be006e2a-b42a-4590-bbb0-ff2364908851",
      "pbs_job_id": "2519816.opbs",
      "pid": 618421,
      "source_fingerprint": "sha256:87e6223c81c49839673b949eccb540f95fcd22d75e4aece3f9824aad124a0314",
      "superseded_by_epoch": null
    }
  ],
  "terminal": {
    "direct_weight_tokens_applied": 2560,
    "final_version": 4,
    "finalized_at": 1786357242.0355494,
    "finalized_by_epoch": 1,
    "finalized_by_owner_id": "syncer-be006e2a-b42a-4590-bbb0-ff2364908851",
    "generation": 1,
    "singleton": 1,
    "state": "finalized",
    "stop_reason": "configured_target"
  },
  "terminal_contributor_fences": [
    {
      "acknowledged_at": 1786357241.8500316,
      "acknowledged_by_epoch": 1,
      "close_data_cursor": 100,
      "close_last_cycle_seq": 5,
      "fence_json": "{\"attempt_id\":\"attempt-2519816-learner_000-replacement\",\"binding_generation\":2,\"kind\":\"static\",\"learner_id\":\"learner_000\",\"logical_launch_id\":\"replacement-2519816-learner_000\"}",
      "fence_kind": "static",
      "final_cycle_seq": 5,
      "final_update_id": "a1e7b383-d6ee-47f0-89f5-80d0fb37fce8",
      "generation": 1,
      "hard_crash_gap_tokens_upper_bound": 0,
      "stable_contributor_key": "learner_000",
      "state": "acked"
    },
    {
      "acknowledged_at": 1786357241.4537246,
      "acknowledged_by_epoch": 1,
      "close_data_cursor": 300,
      "close_last_cycle_seq": 15,
      "fence_json": "{\"attempt_id\":\"attempt-9806d5a3-0f26-41c6-aafc-df24a265d3ec\",\"binding_generation\":1,\"kind\":\"static\",\"learner_id\":\"learner_001\",\"logical_launch_id\":\"allocation-2519816-learner_001\"}",
      "fence_kind": "static",
      "final_cycle_seq": 15,
      "final_update_id": "6e5096ed-2d6c-40a1-b15e-e001c92aaa17",
      "generation": 1,
      "hard_crash_gap_tokens_upper_bound": 0,
      "stable_contributor_key": "learner_001",
      "state": "acked"
    },
    {
      "acknowledged_at": 1786357241.86403,
      "acknowledged_by_epoch": 1,
      "close_data_cursor": 280,
      "close_last_cycle_seq": 14,
      "fence_json": "{\"attempt_id\":\"attempt-07948bbc-d263-4172-a1e3-afa1ae700702\",\"binding_generation\":1,\"kind\":\"static\",\"learner_id\":\"learner_002\",\"logical_launch_id\":\"allocation-2519816-learner_002\"}",
      "fence_kind": "static",
      "final_cycle_seq": 14,
      "final_update_id": "17ffd08e-87e5-45f5-82e3-31ba60fbab1d",
      "generation": 1,
      "hard_crash_gap_tokens_upper_bound": 0,
      "stable_contributor_key": "learner_002",
      "state": "acked"
    },
    {
      "acknowledged_at": 1786357241.4624383,
      "acknowledged_by_epoch": 1,
      "close_data_cursor": 280,
      "close_last_cycle_seq": 14,
      "fence_json": "{\"attempt_id\":\"attempt-a474259c-3fbe-4161-a734-6bc8f75c0087\",\"binding_generation\":1,\"kind\":\"static\",\"learner_id\":\"learner_003\",\"logical_launch_id\":\"allocation-2519816-learner_003\"}",
      "fence_kind": "static",
      "final_cycle_seq": 14,
      "final_update_id": "c964ba17-9e05-49de-b3a7-febb4fb3e8fa",
      "generation": 1,
      "hard_crash_gap_tokens_upper_bound": 0,
      "stable_contributor_key": "learner_003",
      "state": "acked"
    }
  ],
  "token_ledger": {
    "adjudicated_processed": 15360,
    "carried_ancestry": 0,
    "direct_applied": 5120,
    "direct_dropped": 10240,
    "direct_outstanding": 0,
    "direct_quarantined_or_conflicted": 0,
    "direct_reported_unpublished": 0,
    "hard_crash_gap_tokens_upper_bound": 0,
    "local_discarded": 0
  }
}
PASS
