Currently Loaded Modulefiles:
 1) nvidia/25.9(default)   2) nv-hpcx/25.9  

Key:
(symbolic-version)  
RUN_ID=plan03_1_final_f1_syncer_takeover_20260810_235900
SHARED_ROOT=/work/xg24i002/x10041/fsb_decoupled_diloco/runs/full_protocol/plan03_1_final_f1_syncer_takeover_20260810_235900
DESCRIPTOR_SHA256=64b95cc93e86b69a3be1e38042215d4ed29529349edbec7c21445078be0dd164
HOST mg0004
HOST mg0008
HOST mg0009
HOST mg0010
HOST mg0012
/work/xg24i002/x10041/fsb_decoupled_diloco/.formal-worktrees/source-1558e111/scripts/miyabi/run_full_protocol_rank.sh: line 201: 3240934 Killed                  FS_DILOCO_FAULT_PAUSE_AFTER_COMMITTED_VERSION="$SYNCER_TAKEOVER_BOUNDARY_VERSION" FS_DILOCO_FAULT_PAUSE_MARKER_PATH="$fault_marker" CUDA_VISIBLE_DEVICES="$SYNCER_CUDA_VISIBLE_DEVICES" OMP_NUM_THREADS="$SYNCER_OMP_NUM_THREADS" "${SYNCER_COMMAND[@]}" > "$LOG_ROOT/syncer_primary.log" 2>&1
[ERROR] Full Protocol rank failed at line 201
{
  "audit": {
    "claimed_gc": 0,
    "folded_batch_index_rows": 0,
    "folded_batches": 0,
    "hot_batches": 1,
    "partitions": 0,
    "pending_gc": 0
  },
  "authority": {
    "ddl_sha256": "a775627c019dd7a3ed3d52563edd25b0c68f51a01a4cdeddbd12a5b8a294608e",
    "features": [],
    "mode": "static",
    "protocol_version": 4,
    "schema_fingerprint": "43496cfb369953d00f65e7fa7e7dd75c412441905a1487bd1b27903f75db922c",
    "schema_version": 11
  },
  "contributor_progress": {},
  "controller": {
    "drain_ack_deadline": 1786374026.9940228,
    "generation": 1,
    "hard_crash_cycle_token_budget": 320,
    "proposal_visibility_deadline": 1786373999.382179,
    "reason": "configured_target",
    "registration_visibility_deadline": 1786373996.9940228,
    "requested_at": 1786373996.9940228,
    "singleton": 1,
    "state": "finalized",
    "terminal_merge_count": 0,
    "updated_by_epoch": 2,
    "updated_by_owner_id": "syncer-2b4d84f2-3ef0-4547-ba6d-536688ef3be0"
  },
  "current_contributor_fences": [],
  "dynamic": {
    "capacity_observations": [],
    "instances": [],
    "launch_requests": [],
    "streams": []
  },
  "integrity_check": [
    "ok"
  ],
  "latest_version": {
    "committed_at": 1786373996.7723503,
    "committed_by_epoch": 2,
    "committed_by_owner_id": "syncer-2b4d84f2-3ef0-4547-ba6d-536688ef3be0",
    "direct_weight_tokens_applied": 1280,
    "optim_relative_path": "optim/epochs/e000002/239042d0c4d3/outer_v000004_p4865fee2c6c9.safetensors",
    "optim_sha256": "2d58a3296f807e036899cda2c3e0777b75682ccdcc6522e1c2d976f257525626",
    "optim_size": 65856,
    "predecessor_version": 3,
    "publication_id": "4865fee2-c6c9-4bc1-90b6-a37b426787de",
    "theta_sha256": "07d5c624cb5aced4391f6e71852b3e6a4c109ee45fb12400d6cae41ab2bd190d",
    "version": 4,
    "weight_relative_path": "weights/epochs/e000002/239042d0c4d3/global_v000004_p4865fee2c6c9.safetensors",
    "weight_sha256": "3ac7237d47d997e758f4ef8c4b9fa164fab35d369e995e6831aeb3754362a003",
    "weight_size": 33104
  },
  "run": {
    "config_sha256": "056da5f0ca5d53b79864a922af0b47932fad6fc861ffd4b9c71c765dcd7a6455",
    "descriptor_sha256": "64b95cc93e86b69a3be1e38042215d4ed29529349edbec7c21445078be0dd164",
    "mode": "static",
    "run_id": "plan03_1_final_f1_syncer_takeover_20260810_235900",
    "shared_root": "/work/xg24i002/x10041/fsb_decoupled_diloco/runs/full_protocol/plan03_1_final_f1_syncer_takeover_20260810_235900",
    "source_fingerprint": "sha256:9fdff5a7c613e044a7f97523ede2c566f60d4fc9fbf5a5cb4edd5c416ee06337"
  },
  "syncer_epochs": [
    {
      "acquired_at": 1786373972.7542572,
      "config_sha256": "056da5f0ca5d53b79864a922af0b47932fad6fc861ffd4b9c71c765dcd7a6455",
      "epoch": 1,
      "final_at": 1786373994.911199,
      "final_state": "expired",
      "hostname": "mg0004",
      "last_renewed_at": 1786373978.837355,
      "owner_id": "syncer-72d7bb17-d450-431d-87f8-a4b2a8a8e289",
      "pbs_job_id": "2521777.opbs",
      "pid": 3240934,
      "source_fingerprint": "sha256:9fdff5a7c613e044a7f97523ede2c566f60d4fc9fbf5a5cb4edd5c416ee06337",
      "superseded_by_epoch": 2
    },
    {
      "acquired_at": 1786373994.911199,
      "config_sha256": "056da5f0ca5d53b79864a922af0b47932fad6fc861ffd4b9c71c765dcd7a6455",
      "epoch": 2,
      "final_at": 1786373997.9921343,
      "final_state": "released",
      "hostname": "mg0004",
      "last_renewed_at": 1786373997.9921343,
      "owner_id": "syncer-2b4d84f2-3ef0-4547-ba6d-536688ef3be0",
      "pbs_job_id": "2521777.opbs",
      "pid": 3241019,
      "source_fingerprint": "sha256:9fdff5a7c613e044a7f97523ede2c566f60d4fc9fbf5a5cb4edd5c416ee06337",
      "superseded_by_epoch": null
    }
  ],
  "terminal": {
    "direct_weight_tokens_applied": 5120,
    "final_version": 4,
    "finalized_at": 1786373997.4563787,
    "finalized_by_epoch": 2,
    "finalized_by_owner_id": "syncer-2b4d84f2-3ef0-4547-ba6d-536688ef3be0",
    "generation": 1,
    "singleton": 1,
    "state": "finalized",
    "stop_reason": "configured_target"
  },
  "terminal_contributor_fences": [
    {
      "acknowledged_at": 1786373997.3472812,
      "acknowledged_by_epoch": 2,
      "close_data_cursor": 100,
      "close_last_cycle_seq": 5,
      "fence_json": "{\"attempt_id\":\"attempt-8456dfe0-8ca6-413f-ae87-87f77f619733\",\"binding_generation\":1,\"kind\":\"static\",\"learner_id\":\"learner_000\",\"logical_launch_id\":\"allocation-2521777-learner_000\"}",
      "fence_kind": "static",
      "final_cycle_seq": 5,
      "final_update_id": "c8ba87f4-5a2e-45f9-8271-328f8411fb04",
      "generation": 1,
      "hard_crash_gap_tokens_upper_bound": 0,
      "stable_contributor_key": "learner_000",
      "state": "acked"
    },
    {
      "acknowledged_at": 1786373997.3558252,
      "acknowledged_by_epoch": 2,
      "close_data_cursor": 100,
      "close_last_cycle_seq": 5,
      "fence_json": "{\"attempt_id\":\"attempt-840fe010-c81a-424f-9e0a-64e5eb6a7892\",\"binding_generation\":1,\"kind\":\"static\",\"learner_id\":\"learner_001\",\"logical_launch_id\":\"allocation-2521777-learner_001\"}",
      "fence_kind": "static",
      "final_cycle_seq": 5,
      "final_update_id": "a8c867c6-2e1e-4b91-9826-8944f5e47ad7",
      "generation": 1,
      "hard_crash_gap_tokens_upper_bound": 0,
      "stable_contributor_key": "learner_001",
      "state": "acked"
    },
    {
      "acknowledged_at": 1786373997.3637397,
      "acknowledged_by_epoch": 2,
      "close_data_cursor": 100,
      "close_last_cycle_seq": 5,
      "fence_json": "{\"attempt_id\":\"attempt-e508b08a-12ca-4eab-a0a4-0655253ed9bc\",\"binding_generation\":1,\"kind\":\"static\",\"learner_id\":\"learner_002\",\"logical_launch_id\":\"allocation-2521777-learner_002\"}",
      "fence_kind": "static",
      "final_cycle_seq": 5,
      "final_update_id": "daa2c687-9656-4a3d-882f-c99153f010bb",
      "generation": 1,
      "hard_crash_gap_tokens_upper_bound": 0,
      "stable_contributor_key": "learner_002",
      "state": "acked"
    },
    {
      "acknowledged_at": 1786373997.3713126,
      "acknowledged_by_epoch": 2,
      "close_data_cursor": 120,
      "close_last_cycle_seq": 6,
      "fence_json": "{\"attempt_id\":\"attempt-692b082a-170f-49b9-8372-a66794d2ef0b\",\"binding_generation\":1,\"kind\":\"static\",\"learner_id\":\"learner_003\",\"logical_launch_id\":\"allocation-2521777-learner_003\"}",
      "fence_kind": "static",
      "final_cycle_seq": 6,
      "final_update_id": "a9225569-2946-4930-ad56-7c61b1edfe71",
      "generation": 1,
      "hard_crash_gap_tokens_upper_bound": 0,
      "stable_contributor_key": "learner_003",
      "state": "acked"
    }
  ],
  "token_ledger": {
    "adjudicated_processed": 6720,
    "carried_ancestry": 0,
    "direct_applied": 5120,
    "direct_dropped": 1600,
    "direct_outstanding": 0,
    "direct_quarantined_or_conflicted": 0,
    "direct_reported_unpublished": 0,
    "hard_crash_gap_tokens_upper_bound": 0,
    "local_discarded": 0
  }
}
PASS
