Would reformat: fs_diloco/core/config.py
Would reformat: fs_diloco/core/source_identity.py
Would reformat: fs_diloco/modeling/hf_identity.py
Would reformat: fs_diloco/modeling/outer_optim.py
Would reformat: fs_diloco/storage/authority.py
Would reformat: fs_diloco/storage/paths.py
Would reformat: fs_diloco/tools/analysis.py
Would reformat: fs_diloco/tools/clean_run.py
Would reformat: scripts/miyabi/check_full_protocol_run.py
Would reformat: tests/architecture/test_authority_surface.py
Would reformat: tests/architecture/test_plan_complete_dead_surfaces.py
Would reformat: tests/harness/test_full_protocol_harness.py
Would reformat: tests/runtime/test_dynamic_capacity_service.py
Would reformat: tests/runtime/test_learner_control.py
Would reformat: tests/runtime/test_pbs_scheduler.py
Would reformat: tests/storage/test_artifact_policy.py
Would reformat: tests/storage/test_audit_archive.py
Would reformat: tests/storage/test_authority_operational.py
Would reformat: tests/storage/test_dynamic_admission_request.py
Would reformat: tests/storage/test_dynamic_launch_authorization.py
Would reformat: tests/storage/test_run_initializer.py
Would reformat: tests/storage/test_terminal_request.py
Would reformat: tests/test_adoption_strategy.py
Would reformat: tests/test_clean_run.py
Would reformat: tests/tools/test_launch_independent_run.py
Would reformat: tests/tools/test_resolve_scheduler_uncertainty.py
26 files would be reformatted, 95 files already formatted
