{
  "heartbeats": [
    {
      "format_version": 1,
      "hostname": "mg0010",
      "last_loaded_global_version": 0,
      "last_local_step": 8,
      "last_update_id": "learner_000_00000008_03c55d191f68",
      "learner_id": "learner_000",
      "learning_rate": 0.001,
      "phase": "process_exit",
      "pid": 1999116,
      "resource_reader_error_count": 0,
      "run_id": "second_review_resume2_20260721",
      "scheduler_total_steps": null,
      "status": "stopped",
      "timestamp": 1784561265.5313141,
      "tokens_per_sec": null,
      "training_cpu_utilization_peak_percent": 7.142857142857143,
      "training_gpu_utilization_peak_percent": 1.0,
      "training_resource_sample_count": 14
    },
    {
      "format_version": 1,
      "hostname": "mg0010",
      "last_loaded_global_version": 0,
      "last_local_step": 8,
      "last_update_id": "learner_001_00000008_7d8e38b6687b",
      "learner_id": "learner_001",
      "learning_rate": 0.001,
      "phase": "process_exit",
      "pid": 1999117,
      "resource_reader_error_count": 0,
      "run_id": "second_review_resume2_20260721",
      "scheduler_total_steps": null,
      "status": "stopped",
      "timestamp": 1784561265.5317955,
      "tokens_per_sec": null,
      "training_cpu_utilization_peak_percent": 12.0,
      "training_gpu_utilization_peak_percent": 1.0,
      "training_resource_sample_count": 14
    }
  ],
  "learners": [
    {
      "last_seen": 1784561265.4749491,
      "learner_id": "learner_000",
      "status": "active"
    },
    {
      "last_seen": 1784561265.4747179,
      "learner_id": "learner_001",
      "status": "active"
    }
  ],
  "max_committed_version": 1,
  "stop_exists": false
}
