{
  "complete_training_time_seconds": 4.964181134011596,
  "db": {
    "applied_updates": 2,
    "archived_updates": 2,
    "archived_versions": 1,
    "contributors": [
      {
        "applied_version": 1,
        "effective_weight": 0.5,
        "learner_id": "learner_000",
        "update_id": "learner_000_00000008_439b05adea7c"
      },
      {
        "applied_version": 1,
        "effective_weight": 0.5,
        "learner_id": "learner_001",
        "update_id": "learner_001_00000008_30211c22e450"
      }
    ],
    "dropped_updates": 0,
    "exists": true,
    "fragment_applied_updates": 0,
    "fragment_dropped_updates": 0,
    "fragment_learners_with_updates": [],
    "fragment_pending_updates": 0,
    "fragment_selected_counts_by_event": {},
    "fragment_staleness_values": [],
    "fragment_update_integrity": {
      "archived_payloads_expected_absent": true,
      "ok": true
    },
    "fragment_versions_rows": [],
    "global_versions": 1,
    "integrity_check": [
      "ok"
    ],
    "integrity_ok": true,
    "mid_cycle_adoption": {
      "adoption_count": 0,
      "base_switched_at_step_values": [],
      "proposals_with_adoption": 0
    },
    "path": "/work/xg24i002/x10041/fsb_decoupled_diloco/runs/fs_diloco/second_review_full_20260721/control/syncer_metadata.sqlite3",
    "pending_updates": 0
  },
  "fragment_merge_counts": {},
  "fragment_sizes": {
    "imbalance_ratio": 0.0,
    "max": 0,
    "mean": 0.0,
    "min": 0
  },
  "fragment_staleness_distribution": {
    "count": 0
  },
  "fragment_versions": {},
  "global_merge_event": 1,
  "heartbeats": {
    "learner_000": {
      "format_version": 1,
      "hostname": "mg0010",
      "last_loaded_global_version": 0,
      "last_local_step": 8,
      "last_update_id": "learner_000_00000008_439b05adea7c",
      "learner_id": "learner_000",
      "learning_rate": 0.001,
      "phase": "process_exit",
      "pid": 1997871,
      "resource_reader_error_count": 0,
      "run_id": "second_review_full_20260721",
      "scheduler_total_steps": null,
      "status": "stopped",
      "timestamp": 1784560810.7423368,
      "tokens_per_sec": null,
      "training_cpu_utilization_peak_percent": 7.142857142857143,
      "training_gpu_utilization_peak_percent": 8.0,
      "training_resource_sample_count": 14
    },
    "learner_001": {
      "format_version": 1,
      "hostname": "mg0010",
      "last_loaded_global_version": 0,
      "last_local_step": 8,
      "last_update_id": "learner_001_00000008_30211c22e450",
      "learner_id": "learner_001",
      "learning_rate": 0.001,
      "phase": "process_exit",
      "pid": 1997872,
      "resource_reader_error_count": 0,
      "run_id": "second_review_full_20260721",
      "scheduler_total_steps": null,
      "status": "stopped",
      "timestamp": 1784560810.7359388,
      "tokens_per_sec": null,
      "training_cpu_utilization_peak_percent": 6.25,
      "training_gpu_utilization_peak_percent": 8.0,
      "training_resource_sample_count": 14
    }
  },
  "latest": {
    "created_at": 1784560811.1234553,
    "format_version": 1,
    "optim_path": "/work/xg24i002/x10041/fsb_decoupled_diloco/runs/fs_diloco/second_review_full_20260721/optim/outer_v000001.safetensors",
    "param_index_path": "/work/xg24i002/x10041/fsb_decoupled_diloco/runs/fs_diloco/second_review_full_20260721/control/param_index.json",
    "run_id": "second_review_full_20260721",
    "total_seen_tokens": 128,
    "total_update_tokens": 128,
    "version": 1,
    "weight_path": "/work/xg24i002/x10041/fsb_decoupled_diloco/runs/fs_diloco/second_review_full_20260721/weights/global_v000001.safetensors"
  },
  "latest_kind": "full",
  "learner_adoption_pause": {
    "learner_000": {
      "adoption_count": 0,
      "adoption_pause_fraction": 0.0,
      "adoption_pause_mean_seconds": null,
      "adoption_pause_total_seconds": 0,
      "completed_cycle_elapsed_seconds": 0.29673571907915175,
      "status": "available"
    },
    "learner_001": {
      "adoption_count": 0,
      "adoption_pause_fraction": 0.0,
      "adoption_pause_mean_seconds": null,
      "adoption_pause_total_seconds": 0,
      "completed_cycle_elapsed_seconds": 0.2966399749275297,
      "status": "available"
    }
  },
  "learner_fragment_adoption": {
    "learner_000": {
      "fragment_adopt_count": 0,
      "has_adopted_after_initial": false,
      "last_adopted_fragments": [],
      "last_loaded_fragment_versions": {}
    },
    "learner_001": {
      "fragment_adopt_count": 0,
      "has_adopted_after_initial": false,
      "last_adopted_fragments": [],
      "last_loaded_fragment_versions": {}
    }
  },
  "learner_local_steps": {
    "learner_000": 8,
    "learner_001": 8
  },
  "learner_metrics": {
    "exists": true,
    "last": {
      "base_fragment_version": "",
      "fragment_adopt_count": "",
      "fragment_id": "",
      "fragment_norm": "",
      "global_merge_event": "",
      "global_version": "0",
      "last_loaded_fragment_versions_json": "",
      "learner_id": "learner_000",
      "learning_rate": "0.001",
      "local_cycle_cpu_utilization_peak_percent": "1.5037593984962405",
      "local_cycle_elapsed_seconds": "0.014944585971534252",
      "local_cycle_gpu_utilization_peak_percent": "8.0",
      "local_cycle_resource_sample_count": "3",
      "local_cycle_step_count": "2",
      "local_cycle_step_time_seconds_mean": "0.00150724605191499",
      "local_step": "8",
      "param_norm": "34.14753341674805",
      "phase": "update_written",
      "scheduler_total_steps": "",
      "timestamp": "1784560810.733914",
      "tokens": "64",
      "tokens_per_sec": "4282.487324968668",
      "train_loss": "4.33967924118042",
      "training_cpu_utilization_peak_percent": "7.142857142857143",
      "training_gpu_utilization_peak_percent": "8.0",
      "update_write_seconds": "0.007181524997577071"
    },
    "rows": 8
  },
  "learner_resources": {
    "cpu_utilization_scope": "whole_node",
    "gpu_utilization_scope": "learner_cuda_visible_device",
    "per_learner": {
      "learner_000": {
        "last_local_step": 8,
        "status": "stopped",
        "training_cpu_utilization_peak_percent": 7.142857142857143,
        "training_gpu_utilization_peak_percent": 8.0
      },
      "learner_001": {
        "last_local_step": 8,
        "status": "stopped",
        "training_cpu_utilization_peak_percent": 6.25,
        "training_gpu_utilization_peak_percent": 8.0
      }
    },
    "training_cpu_utilization_peak_percent_max": 7.142857142857143,
    "training_cpu_utilization_peak_percent_mean": 6.696428571428571,
    "training_gpu_utilization_peak_percent_max": 8.0,
    "training_gpu_utilization_peak_percent_mean": 8.0
  },
  "loss_summary": {
    "count": 8,
    "first_10_mean": 4.3679889142513275,
    "last_10_mean": 4.3679889142513275,
    "last_vs_first_ratio": 1.0,
    "max": 4.461312294006348,
    "mean": 4.3679889142513275,
    "min": 4.314668893814087,
    "obvious_divergence": false
  },
  "materialized_weight_exists": false,
  "run_summary": {
    "all_learners_stopped": true,
    "complete_training_time_seconds": 4.964181134011596,
    "final_version": 1,
    "format_version": 1,
    "learner_resources": {
      "cpu_utilization_scope": "whole_node",
      "gpu_utilization_scope": "learner_cuda_visible_device",
      "per_learner": {
        "learner_000": {
          "last_local_step": 8,
          "status": "stopped",
          "training_cpu_utilization_peak_percent": 7.142857142857143,
          "training_gpu_utilization_peak_percent": 8.0
        },
        "learner_001": {
          "last_local_step": 8,
          "status": "stopped",
          "training_cpu_utilization_peak_percent": 6.25,
          "training_gpu_utilization_peak_percent": 8.0
        }
      },
      "training_cpu_utilization_peak_percent_max": 7.142857142857143,
      "training_cpu_utilization_peak_percent_mean": 6.696428571428571,
      "training_gpu_utilization_peak_percent_max": 8.0,
      "training_gpu_utilization_peak_percent_mean": 8.0
    },
    "run_id": "second_review_full_20260721",
    "stop_reason": "input_exhausted",
    "total_seen_tokens": 128,
    "training_completed_at": 1784560811.2256427,
    "training_started_at": 1784560806.2614615
  },
  "selected_count_distribution": {
    "2": 1
  },
  "shared_root": "/work/xg24i002/x10041/fsb_decoupled_diloco/runs/fs_diloco/second_review_full_20260721",
  "staleness_evidence": {
    "aggregate_staleness_counts": {
      "0": 2
    },
    "effective_staleness_mean": {
      "count": 1,
      "max": 0.0,
      "mean": 0.0,
      "min": 0.0
    },
    "fresh_effective_weight": {
      "count": 1,
      "max": 1.0,
      "mean": 1.0,
      "min": 1.0
    },
    "links": [
      {
        "effective_staleness_mean": 0.0,
        "fresh_effective_weight": 1.0,
        "merge_timestamp": 1784560811.1666865,
        "merge_version": "1",
        "staleness_counts": {
          "0": 2
        }
      }
    ],
    "merge_count": 1,
    "status": "available_observational_only",
    "warning": "merge-to-next-learner loss links are temporal observations, not validation"
  },
  "stop": {
    "format_version": 1,
    "reason": "input_exhausted",
    "run_id": "second_review_full_20260721",
    "timestamp": 1784560811.197858,
    "total_seen_tokens": 128,
    "version": 1
  },
  "stop_reason": "input_exhausted",
  "syncer_log_flags": {
    "error": false,
    "exists": true,
    "no_progress_timeout": false,
    "uncaught_exception": false
  },
  "syncer_metrics": {
    "exists": true,
    "last": {
      "aggregation_seconds": "0.005986390868201852",
      "discovery_seconds": "0.07564033404923975",
      "effective_staleness_mean": "0.0",
      "fragment_aggregation_seconds": "",
      "fragment_id": "",
      "fragment_read_seconds": "",
      "fragment_staleness_max": "",
      "fragment_staleness_mean": "",
      "fragment_staleness_min": "",
      "fragment_version": "",
      "fresh_effective_weight": "1.0",
      "gc_pending_rows": "0",
      "global_interval_seconds": "1.9943632760550827",
      "global_merge_event": "",
      "grace_seconds": "0.2247908660210669",
      "idle_seconds": "1.6004961500875652",
      "interval_residual_seconds": "0.020180196035653353",
      "learner_local_cycle_cpu_utilization_peak_percent_mean": "2.603731551099972",
      "learner_local_cycle_gpu_utilization_peak_percent_mean": "8.0",
      "learner_local_cycle_step_time_seconds_mean": "0.0014950300683267415",
      "learner_training_cpu_utilization_peak_percent_mean": "6.696428571428571",
      "learner_training_gpu_utilization_peak_percent_mean": "8.0",
      "maintenance_scan_seconds": "0.02014838601462543",
      "maintenance_scanned_rows": "2",
      "maintenance_seconds": "0.03208411205559969",
      "materialize_full_seconds": "",
      "materialized_bytes": "",
      "materialized_this_event": "",
      "merge_seconds": "0.024788730777800083",
      "outer_step_seconds": "0.01880233990959823",
      "publish_checkpoint_seconds": "0.00585563899949193",
      "publish_dtype": "float32",
      "publish_ingest_passes": "0",
      "publish_ingest_seconds": "0.0",
      "publish_ingested_heartbeats": "0",
      "publish_ingested_updates": "0",
      "publish_outer_bytes": "16592",
      "publish_outer_seconds": "0.0052541999612003565",
      "publish_roundtrip_l2_error": "0.0",
      "publish_roundtrip_linf_error": "0.0",
      "publish_roundtrip_relative_l2_error": "0.0",
      "publish_seconds": "0.01481601013801992",
      "publish_weight_bytes": "8352",
      "publish_weight_seconds": "0.005261623999103904",
      "quorum_trigger": "terminal_drain",
      "read_seconds": "0.0015668768901377916",
      "selected_count": "2",
      "sqlite_commit_seconds": "0.005837207892909646",
      "stale_updates_dropped": "0",
      "staleness_counts_json": "{\"0\":2}",
      "timestamp": "1784560811.1666865",
      "total_update_tokens": "128",
      "version": "1"
    },
    "rows": 1
  },
  "syncer_resource_cost": {
    "active_total_seconds": 0.041171617805957794,
    "complete_training_time_seconds": 4.964181134011596,
    "duty_cycle": 0.00829373801932297,
    "duty_cycle_percent": 0.829373801932297,
    "estimated_idle_gpu_node_hours": 0.001367502643390455,
    "merge_compute_p50_seconds": 0.026355607667937875,
    "merge_compute_p95_seconds": 0.026355607667937875,
    "merge_compute_total_seconds": 0.026355607667937875,
    "merge_count": 1,
    "publish_p50_seconds": 0.01481601013801992,
    "publish_p95_seconds": 0.01481601013801992,
    "publish_total_seconds": 0.01481601013801992,
    "reserved_syncer_node_hours": 0.00137893920389211,
    "status": "available"
  },
  "update_manifest": {
    "exists": true,
    "last": {
      "base_fragment_version": "",
      "base_global_merge_event": "",
      "base_global_version": "0",
      "file_path": "/work/xg24i002/x10041/fsb_decoupled_diloco/runs/fs_diloco/second_review_full_20260721/updates/payloads/learner_000/learner_000_00000008_439b05adea7c.params.safetensors",
      "file_size_bytes": "8272",
      "fragment_id": "",
      "learner_id": "learner_000",
      "local_step_end": "8",
      "local_step_start": "6",
      "sha256": "ac7142a2eebcdb27149384e3e6263a998ae39247b8600057cd736e6b9f06fc27",
      "tensor_dtype": "float32",
      "timestamp": "1784560810.7343724",
      "tokens_this_update": "64",
      "update_id": "learner_000_00000008_439b05adea7c",
      "update_kind": ""
    },
    "rows": 8
  }
}
