{
  "complete_training_time_seconds": 3.5574157449882478,
  "db": {
    "applied_updates": 3,
    "archived_updates": 4,
    "archived_versions": 3,
    "contributors": [
      {
        "applied_version": 1,
        "effective_weight": 1.0,
        "learner_id": "learner_000",
        "update_id": "learner_000_00000002_472206d2b2be"
      },
      {
        "applied_version": 2,
        "effective_weight": 1.0,
        "learner_id": "learner_000",
        "update_id": "learner_000_00000004_3f2d5924b849"
      },
      {
        "applied_version": 3,
        "effective_weight": 1.0,
        "learner_id": "learner_000",
        "update_id": "learner_000_00000006_19b9ad3b0dac"
      }
    ],
    "dropped_updates": 1,
    "exists": true,
    "fragment_applied_updates": 0,
    "fragment_dropped_updates": 0,
    "fragment_learners_with_updates": [],
    "fragment_pending_updates": 0,
    "fragment_selected_counts_by_event": {},
    "fragment_staleness_values": [],
    "fragment_update_integrity": {
      "archived_payloads_expected_absent": true,
      "ok": true
    },
    "fragment_versions_rows": [],
    "global_versions": 1,
    "integrity_check": [
      "ok"
    ],
    "integrity_ok": true,
    "mid_cycle_adoption": {
      "adoption_count": 0,
      "base_switched_at_step_values": [],
      "proposals_with_adoption": 0
    },
    "path": "/work/xg24i002/x10041/fsb_decoupled_diloco/runs/fs_diloco/second_review_predict_20260721/control/syncer_metadata.sqlite3",
    "pending_updates": 0
  },
  "fragment_merge_counts": {},
  "fragment_sizes": {
    "imbalance_ratio": 0.0,
    "max": 0,
    "mean": 0.0,
    "min": 0
  },
  "fragment_staleness_distribution": {
    "count": 0
  },
  "fragment_versions": {},
  "global_merge_event": 3,
  "heartbeats": {
    "learner_000": {
      "format_version": 1,
      "hostname": "mg0010",
      "last_loaded_global_version": 3,
      "last_local_step": 8,
      "last_update_id": "learner_000_00000008_e29b902711f8",
      "learner_id": "learner_000",
      "learning_rate": 0.0001,
      "phase": "process_exit",
      "pid": 1998212,
      "resource_reader_error_count": 0,
      "run_id": "second_review_predict_20260721",
      "scheduler_total_steps": 4,
      "status": "stopped",
      "timestamp": 1784560858.646919,
      "tokens_per_sec": null,
      "training_cpu_utilization_peak_percent": 4.3478260869565215,
      "training_gpu_utilization_peak_percent": 2.0,
      "training_resource_sample_count": 14
    }
  },
  "latest": {
    "created_at": 1784560858.5951257,
    "format_version": 1,
    "optim_path": "/work/xg24i002/x10041/fsb_decoupled_diloco/runs/fs_diloco/second_review_predict_20260721/optim/outer_v000003.safetensors",
    "param_index_path": "/work/xg24i002/x10041/fsb_decoupled_diloco/runs/fs_diloco/second_review_predict_20260721/control/param_index.json",
    "run_id": "second_review_predict_20260721",
    "total_seen_tokens": 192,
    "total_update_tokens": 64,
    "version": 3,
    "weight_path": "/work/xg24i002/x10041/fsb_decoupled_diloco/runs/fs_diloco/second_review_predict_20260721/weights/global_v000003.safetensors"
  },
  "latest_kind": "full",
  "learner_adoption_pause": {
    "learner_000": {
      "adoption_count": 3,
      "adoption_pause_fraction": 0.019856457049118384,
      "adoption_pause_mean_seconds": 0.00235927135994037,
      "adoption_pause_total_seconds": 0.00707781407982111,
      "completed_cycle_elapsed_seconds": 0.3564489909913391,
      "status": "available"
    }
  },
  "learner_fragment_adoption": {
    "learner_000": {
      "fragment_adopt_count": 0,
      "has_adopted_after_initial": false,
      "last_adopted_fragments": [],
      "last_loaded_fragment_versions": {}
    }
  },
  "learner_local_steps": {
    "learner_000": 8
  },
  "learner_metrics": {
    "exists": true,
    "last": {
      "base_fragment_version": "",
      "fragment_adopt_count": "",
      "fragment_id": "",
      "fragment_norm": "",
      "global_merge_event": "",
      "global_version": "3",
      "last_loaded_fragment_versions_json": "",
      "learner_id": "learner_000",
      "learning_rate": "0.0001",
      "local_cycle_cpu_utilization_peak_percent": "4.3478260869565215",
      "local_cycle_elapsed_seconds": "0.07092853891663253",
      "local_cycle_gpu_utilization_peak_percent": "1.0",
      "local_cycle_resource_sample_count": "3",
      "local_cycle_step_count": "2",
      "local_cycle_step_time_seconds_mean": "0.0016171809984371066",
      "local_step": "8",
      "param_norm": "32.37226867675781",
      "phase": "update_written",
      "scheduler_total_steps": "4",
      "timestamp": "1784560858.6375947",
      "tokens": "64",
      "tokens_per_sec": "902.3166270945444",
      "train_loss": "4.309771537780762",
      "training_cpu_utilization_peak_percent": "4.3478260869565215",
      "training_gpu_utilization_peak_percent": "2.0",
      "update_write_seconds": "0.006888599134981632"
    },
    "rows": 4
  },
  "learner_resources": {
    "cpu_utilization_scope": "whole_node",
    "gpu_utilization_scope": "learner_cuda_visible_device",
    "per_learner": {
      "learner_000": {
        "last_local_step": 8,
        "status": "stopped",
        "training_cpu_utilization_peak_percent": 4.3478260869565215,
        "training_gpu_utilization_peak_percent": 2.0
      }
    },
    "training_cpu_utilization_peak_percent_max": 4.3478260869565215,
    "training_cpu_utilization_peak_percent_mean": 4.3478260869565215,
    "training_gpu_utilization_peak_percent_max": 2.0,
    "training_gpu_utilization_peak_percent_mean": 2.0
  },
  "loss_summary": {
    "count": 4,
    "first_10_mean": 4.3487429022789,
    "last_10_mean": 4.3487429022789,
    "last_vs_first_ratio": 1.0,
    "max": 4.416645288467407,
    "mean": 4.3487429022789,
    "min": 4.309771537780762,
    "obvious_divergence": false
  },
  "materialized_weight_exists": false,
  "run_summary": {
    "all_learners_stopped": true,
    "complete_training_time_seconds": 3.5574157449882478,
    "final_version": 3,
    "format_version": 1,
    "learner_resources": {
      "cpu_utilization_scope": "whole_node",
      "gpu_utilization_scope": "learner_cuda_visible_device",
      "per_learner": {
        "learner_000": {
          "last_local_step": 8,
          "status": "stopped",
          "training_cpu_utilization_peak_percent": 4.3478260869565215,
          "training_gpu_utilization_peak_percent": 2.0
        }
      },
      "training_cpu_utilization_peak_percent_max": 4.3478260869565215,
      "training_cpu_utilization_peak_percent_mean": 4.3478260869565215,
      "training_gpu_utilization_peak_percent_max": 2.0,
      "training_gpu_utilization_peak_percent_mean": 2.0
    },
    "run_id": "second_review_predict_20260721",
    "stop_reason": "stop_after_outer_steps",
    "total_seen_tokens": 192,
    "training_completed_at": 1784560859.6857526,
    "training_started_at": 1784560856.1283367
  },
  "selected_count_distribution": {
    "1": 3
  },
  "shared_root": "/work/xg24i002/x10041/fsb_decoupled_diloco/runs/fs_diloco/second_review_predict_20260721",
  "staleness_evidence": {
    "aggregate_staleness_counts": {
      "0": 3
    },
    "effective_staleness_mean": {
      "count": 3,
      "max": 0.0,
      "mean": 0.0,
      "min": 0.0
    },
    "fresh_effective_weight": {
      "count": 3,
      "max": 1.0,
      "mean": 1.0,
      "min": 1.0
    },
    "links": [
      {
        "delay_seconds": 0.07144594192504883,
        "effective_staleness_mean": 0.0,
        "fresh_effective_weight": 1.0,
        "merge_timestamp": 1784560858.4776504,
        "merge_version": "1",
        "next_learner_id": "learner_000",
        "next_local_step": 6,
        "next_train_loss": 4.339965581893921,
        "next_update_timestamp": 1784560858.5490963,
        "staleness_counts": {
          "0": 1
        }
      },
      {
        "delay_seconds": 0.07871127128601074,
        "effective_staleness_mean": 0.0,
        "fresh_effective_weight": 1.0,
        "merge_timestamp": 1784560858.5588834,
        "merge_version": "2",
        "next_learner_id": "learner_000",
        "next_local_step": 8,
        "next_train_loss": 4.309771537780762,
        "next_update_timestamp": 1784560858.6375947,
        "staleness_counts": {
          "0": 1
        }
      },
      {
        "delay_seconds": 0.004392862319946289,
        "effective_staleness_mean": 0.0,
        "fresh_effective_weight": 1.0,
        "merge_timestamp": 1784560858.6332018,
        "merge_version": "3",
        "next_learner_id": "learner_000",
        "next_local_step": 8,
        "next_train_loss": 4.309771537780762,
        "next_update_timestamp": 1784560858.6375947,
        "staleness_counts": {
          "0": 1
        }
      }
    ],
    "merge_count": 3,
    "status": "available_observational_only",
    "warning": "merge-to-next-learner loss links are temporal observations, not validation"
  },
  "stop": {
    "format_version": 1,
    "reason": "stop_after_outer_steps",
    "run_id": "second_review_predict_20260721",
    "timestamp": 1784560858.6362844,
    "total_seen_tokens": 192,
    "version": 3
  },
  "stop_reason": "stop_after_outer_steps",
  "syncer_log_flags": {
    "error": false,
    "exists": true,
    "no_progress_timeout": false,
    "uncaught_exception": false
  },
  "syncer_metrics": {
    "exists": true,
    "last": {
      "aggregation_seconds": "6.681610830128193e-05",
      "discovery_seconds": "0.019024549052119255",
      "effective_staleness_mean": "0.0",
      "fragment_aggregation_seconds": "",
      "fragment_id": "",
      "fragment_read_seconds": "",
      "fragment_staleness_max": "",
      "fragment_staleness_mean": "",
      "fragment_staleness_min": "",
      "fragment_version": "",
      "fresh_effective_weight": "1.0",
      "gc_pending_rows": "0",
      "global_interval_seconds": "0.07111346698366106",
      "global_merge_event": "",
      "grace_seconds": "0.0014080619439482689",
      "idle_seconds": "0.0",
      "interval_residual_seconds": "0.008584340801462531",
      "learner_local_cycle_cpu_utilization_peak_percent_mean": "3.5714285714285716",
      "learner_local_cycle_gpu_utilization_peak_percent_mean": "2.0",
      "learner_local_cycle_step_time_seconds_mean": "0.0020527810556814075",
      "learner_training_cpu_utilization_peak_percent_mean": "3.5714285714285716",
      "learner_training_gpu_utilization_peak_percent_mean": "2.0",
      "maintenance_scan_seconds": "0.016717608086764812",
      "maintenance_scanned_rows": "1",
      "maintenance_seconds": "0.027714200085029006",
      "materialize_full_seconds": "",
      "materialized_bytes": "",
      "materialized_this_event": "",
      "merge_seconds": "0.00046262331306934357",
      "outer_step_seconds": "0.00039580720476806164",
      "publish_checkpoint_seconds": "0.004831961123272777",
      "publish_dtype": "float32",
      "publish_ingest_passes": "0",
      "publish_ingest_seconds": "0.0",
      "publish_ingested_heartbeats": "0",
      "publish_ingested_updates": "0",
      "publish_outer_bytes": "16592",
      "publish_outer_seconds": "0.004376536933705211",
      "publish_roundtrip_l2_error": "0.0",
      "publish_roundtrip_linf_error": "0.0",
      "publish_roundtrip_relative_l2_error": "0.0",
      "publish_seconds": "0.013299340847879648",
      "publish_weight_bytes": "8352",
      "publish_weight_seconds": "0.004103161860257387",
      "quorum_trigger": "quorum_max",
      "read_seconds": "0.0006203509401530027",
      "selected_count": "1",
      "sqlite_commit_seconds": "0.005416408181190491",
      "stale_updates_dropped": "0",
      "staleness_counts_json": "{\"0\":1}",
      "timestamp": "1784560858.6332018",
      "total_update_tokens": "64",
      "version": "3"
    },
    "rows": 3
  },
  "syncer_resource_cost": {
    "active_total_seconds": 0.06389206764288247,
    "complete_training_time_seconds": 3.5574157449882478,
    "duty_cycle": 0.01796024761314299,
    "duty_cycle_percent": 1.796024761314299,
    "estimated_idle_gpu_node_hours": 0.000970423243707046,
    "merge_compute_p50_seconds": 0.0011491819750517607,
    "merge_compute_p95_seconds": 0.017337898397818206,
    "merge_compute_total_seconds": 0.021368800895288587,
    "merge_count": 3,
    "publish_p50_seconds": 0.013994027860462666,
    "publish_p95_seconds": 0.015106311021372675,
    "publish_total_seconds": 0.04252326674759388,
    "reserved_syncer_node_hours": 0.0009881710402745133,
    "status": "available"
  },
  "update_manifest": {
    "exists": true,
    "last": {
      "base_fragment_version": "",
      "base_global_merge_event": "",
      "base_global_version": "3",
      "file_path": "/work/xg24i002/x10041/fsb_decoupled_diloco/runs/fs_diloco/second_review_predict_20260721/updates/payloads/learner_000/learner_000_00000008_e29b902711f8.params.safetensors",
      "file_size_bytes": "8272",
      "fragment_id": "",
      "learner_id": "learner_000",
      "local_step_end": "8",
      "local_step_start": "6",
      "sha256": "2724977d887caeec89589403dba0fc46d090d389cc3973be8f2d9b10ef800ca5",
      "tensor_dtype": "float32",
      "timestamp": "1784560858.6381376",
      "tokens_this_update": "64",
      "update_id": "learner_000_00000008_e29b902711f8",
      "update_kind": ""
    },
    "rows": 4
  }
}
