[0m
> plan · glm-5.2
[0m
[0m$ [0mls -la
total 28
dr-xr-x--- 10 x10041 xg24i002  225 Aug 10 19:23 .
drwx------  7 x10041 xg24i002  173 Aug 10 19:23 ..
-r--r-----  1 x10041 xg24i002 5399 Aug 10 19:18 AGENTS.md
dr-xr-x---  2 x10041 xg24i002  110 Aug 10 19:18 configs
dr-xr-x---  2 x10041 xg24i002  103 Aug 10 19:18 docs
dr-xr-x---  9 x10041 xg24i002  182 Aug 10 19:18 fs_diloco
-r--r-----  1 x10041 xg24i002  460 Aug 10 19:18 .gitignore
dr-xr-x---  6 x10041 xg24i002  202 Aug 10 19:18 plans
-r--r-----  1 x10041 xg24i002 1616 Aug 10 19:18 pyproject.toml
-r--r-----  1 x10041 xg24i002    5 Aug 10 19:18 .python-version
-r--r-----  1 x10041 xg24i002 1944 Aug 10 19:18 README.md
dr-xr-x---  5 x10041 xg24i002   53 Aug 10 19:18 reports
dr-xr-x---  2 x10041 xg24i002   71 Aug 10 19:23 .review-packet
dr-xr-x---  3 x10041 xg24i002   20 Aug 10 19:18 scripts
dr-xr-x---  9 x10041 xg24i002 4096 Aug 10 19:18 tests
[0m
[0m$ [0mgit log --oneline -20 2>/dev/null || echo "not a git repo"
not a git repo
[0m
[0m$ [0mgit rev-parse HEAD 2>/dev/null && git rev-parse HEAD~0 2>/dev/null
(no output)
[0m
[0m→ [0mRead fs_diloco
[0m→ [0mRead tests
[0m→ [0mRead configs
[0m→ [0mRead scripts
[0m→ [0mRead docs
[0m→ [0mRead plans
[0m→ [0mRead reports
[0m→ [0mRead .review-packet
[0m→ [0mRead .review-packet/changed-files.txt
[0m→ [0mRead .review-packet/diff-stat.txt
[0m→ [0mRead plans/DOING
[0m→ [0mRead reports/DOING
[0m→ [0mRead fs_diloco/core
[0m→ [0mRead fs_diloco/protocol
[0m→ [0mRead fs_diloco/runtime
[0m→ [0mRead fs_diloco/storage
[0m→ [0mRead plans/DOING/plans
[0m→ [0mRead reports/DOING/plan03-1/requirement-matrix.csv
[0m→ [0mRead reports/DOING/plan03-1/identity-authority.md
[0m→ [0mRead reports/DOING/plan03-1/artifact-schema.md
[0m→ [0mRead reports/DOING/plan03-1/p3-functional-fault-manifest.json
[0m→ [0mRead reports/DOING/plan03-1/workflow_state.yaml
[0m→ [0mRead reports/DOING/plan03-1/progress.md
[0m
[0m# [0mTodos
[•] Read plan03-1.md and key requirement docs
[ ] Inspect fs_diloco/storage (authority, control, paths, schema) for identity/ownership/concurrency
[ ] Inspect fs_diloco/protocol (authority, contributor, selection, merge) for transaction/fence invariants
[ ] Inspect runtime (learner, syncer, services) for takeover/replacement/terminal/drain invariants
[ ] Inspect scripts/miyabi/check_full_protocol_run.py for false-PASS/FAIL paths and durable oracles
[ ] Inspect tests for requirement-to-assertion coverage, false-PASS/FAIL, mutation tests, dead compatibility tests
[ ] Inspect configs, pyproject, README, docs for uniqueness/dead code/drift
[ ] Inspect architecture tests + module_coverage manifest for boundary enforcement
[ ] Verify no legacy/backward-compat surfaces remain (SURFACE-01, CLEAN-01)
[ ] Compose final Markdown review with findings and verdict
[0m
[0m→ [0mRead plans/DOING/plans/plan03-1.md
[0m→ [0mRead fs_diloco/storage/authority.py
[0m→ [0mRead fs_diloco/storage/control.py
[0m→ [0mRead fs_diloco/storage/paths.py
[0m• [0mExplore protocol layer invariants[90m Explore Agent[0m
[0m• [0mExplore runtime services and launchers[90m Explore Agent[0m
[0m✓ [0mExplore protocol layer invariants[90m Explore Agent[0m
