Currently Loaded Modulefiles:
 1) nvidia/25.9(default)   2) nv-hpcx/25.9  

Key:
(symbolic-version)  
RUN_ID=plan05_functional_final_no_failure_20260812_050810
SHARED_ROOT=/work/xg24i002/x10041/fsb_decoupled_diloco/runs/full_protocol/plan05_functional_final_no_failure_20260812_050810
DESCRIPTOR_SHA256=a8e42c35f0a6e1bca7d204dd58a562a84b8582d0ee6897bda05ed0cf98bf466c
HOST mg0969
HOST mg0975
HOST mg0982
HOST mg0983
HOST mg0984
{
  "audit": {
    "claimed_gc": 0,
    "folded_batch_index_rows": 0,
    "folded_batches": 0,
    "hot_batches": 1,
    "partitions": 0,
    "pending_gc": 0
  },
  "authority": {
    "ddl_sha256": "a860a7515f532c6bd24134f2bee7f784aa3083a67319a585546919c3793d7f74",
    "protocol_version": 5,
    "schema_fingerprint": "864b23356a44aabf8620d5edce330d8e7345eaf10def9e3acb7b05e89512bb01",
    "schema_version": 12
  },
  "contributor_progress": {},
  "controller": {
    "drain_ack_deadline": 1786478959.4188917,
    "generation": 1,
    "hard_crash_cycle_token_budget": 320,
    "proposal_visibility_deadline": 1786478931.783159,
    "reason": "configured_target",
    "registration_visibility_deadline": 1786478929.4188917,
    "requested_at": 1786478929.4188917,
    "singleton": 1,
    "state": "finalized",
    "terminal_merge_count": 0,
    "updated_by_epoch": 1,
    "updated_by_owner_id": "syncer-0b7a801c-8683-46c8-be4c-2e8b7ec63a9a"
  },
  "current_contributor_fences": [],
  "integrity_check": [
    "ok"
  ],
  "latest_version": {
    "committed_at": 1786478929.3233595,
    "committed_by_epoch": 1,
    "committed_by_owner_id": "syncer-0b7a801c-8683-46c8-be4c-2e8b7ec63a9a",
    "direct_weight_tokens_applied": 960,
    "optim_relative_path": "optim/epochs/e000001/50464e702772/outer_v000004_p3c8cac04b07b.safetensors",
    "optim_sha256": "c6646a3dc9c0850563f773c8116b0be9399603d432c325ab36b42a758eaab31a",
    "optim_size": 65856,
    "predecessor_version": 3,
    "publication_id": "3c8cac04-b07b-4963-990d-25103edcedd6",
    "theta_sha256": "b675ab44f9865ec7af5e1f4117e6e27bd9373308bfb14fde5c433a30f922f025",
    "version": 4,
    "weight_relative_path": "weights/epochs/e000001/50464e702772/global_v000004_p3c8cac04b07b.safetensors",
    "weight_sha256": "528b118904da5d487f518a285e87d2fcba542dbb754f230a409863c30fe2a58a",
    "weight_size": 33104
  },
  "membership": {
    "capacity_observations": [
      {
        "action": "sufficient",
        "command_epoch": 1,
        "desired_contributors": 4,
        "eligible_contributors": 4,
        "global_version": 0,
        "kind": "scheduler_window",
        "observation_key": "capacity-1d8d488bcac67a63817aa6893a41882c",
        "observation_seq": 1,
        "observed_at": 1786478923.3985608,
        "productive_instances": 4,
        "reserved_launch_capacity": 0,
        "selected_contributors": 0
      },
      {
        "action": "sufficient",
        "command_epoch": 1,
        "desired_contributors": 4,
        "eligible_contributors": 4,
        "global_version": 0,
        "kind": "scheduler_window",
        "observation_key": "capacity-4a97082fefa4c7bd0c6712dba2b74413",
        "observation_seq": 2,
        "observed_at": 1786478925.5111892,
        "productive_instances": 4,
        "reserved_launch_capacity": 0,
        "selected_contributors": 0
      },
      {
        "action": "sufficient",
        "command_epoch": 1,
        "desired_contributors": 4,
        "eligible_contributors": 4,
        "global_version": 1,
        "kind": "scheduler_window",
        "observation_key": "capacity-3ba26d8ee99413ccd4be2107bc1ef64f",
        "observation_seq": 3,
        "observed_at": 1786478927.6953866,
        "productive_instances": 4,
        "reserved_launch_capacity": 0,
        "selected_contributors": 0
      }
    ],
    "instances": [
      {
        "admission_generation": 1,
        "admission_token_sha256": "9e339f7876d2bf6458fe1de3088802c69a38293dfc54ad55e20baf187a948cc1",
        "admitted_at": 1786478918.930856,
        "admitted_by_epoch": 1,
        "final_update_id": null,
        "hostname": "mg0975",
        "instance_id": "learner_li_25f16e64-0f0d-416d-a3fa-23d24f078ff9",
        "last_seen": 1786478918.930856,
        "launch_request_id": null,
        "pbs_job_id": "2533382.opbs",
        "pid": 791572,
        "placement_epoch": 1,
        "placement_id": "placement-cd36a6314c753ea6706004a0dbfe73ef",
        "registered_at": 1786478918.930856,
        "status": "stopped",
        "status_reason": "terminal_graceful_ack",
        "stopped_at": 1786478929.8238845,
        "stream_epoch": 1,
        "stream_id": 0
      },
      {
        "admission_generation": 1,
        "admission_token_sha256": "fd085c3b8922451ff172764876d30f2bcb2e62a66058ac715d5b5eecb66473b2",
        "admitted_at": 1786478918.9659076,
        "admitted_by_epoch": 1,
        "final_update_id": null,
        "hostname": "mg0982",
        "instance_id": "learner_li_418e83a9-f101-4238-b238-dbc47051e683",
        "last_seen": 1786478918.9659076,
        "launch_request_id": null,
        "pbs_job_id": "2533382.opbs",
        "pid": 749121,
        "placement_epoch": 1,
        "placement_id": "placement-12f738dc79c3d3bfa819a146fd0ea38f",
        "registered_at": 1786478918.9659076,
        "status": "stopped",
        "status_reason": "terminal_graceful_ack",
        "stopped_at": 1786478929.8240726,
        "stream_epoch": 1,
        "stream_id": 1
      },
      {
        "admission_generation": 1,
        "admission_token_sha256": "9de7027436b81a3dfc8cf1d2e63a65df94726e978660df7b4774efae661b90b5",
        "admitted_at": 1786478918.9953241,
        "admitted_by_epoch": 1,
        "final_update_id": null,
        "hostname": "mg0984",
        "instance_id": "learner_li_41ee8502-4db7-4af7-bdf7-7c81fab93273",
        "last_seen": 1786478918.9953241,
        "launch_request_id": null,
        "pbs_job_id": "2533382.opbs",
        "pid": 595203,
        "placement_epoch": 1,
        "placement_id": "placement-a3f52c50e27b1c529d59534a3cdc6664",
        "registered_at": 1786478918.9953241,
        "status": "stopped",
        "status_reason": "terminal_graceful_ack",
        "stopped_at": 1786478929.8242624,
        "stream_epoch": 1,
        "stream_id": 3
      },
      {
        "admission_generation": 1,
        "admission_token_sha256": "af8c8fe07bb5a5a115d8b829846acdac30ab2ca1193c978aa5eb4a1fe8c04578",
        "admitted_at": 1786478919.025322,
        "admitted_by_epoch": 1,
        "final_update_id": null,
        "hostname": "mg0983",
        "instance_id": "learner_li_60161ec6-cb00-4b5d-a189-ec17f2454ba6",
        "last_seen": 1786478919.025322,
        "launch_request_id": null,
        "pbs_job_id": "2533382.opbs",
        "pid": 605840,
        "placement_epoch": 1,
        "placement_id": "placement-fb4c14bd8b2d3c47cf097d5acbff934c",
        "registered_at": 1786478919.025322,
        "status": "stopped",
        "status_reason": "terminal_graceful_ack",
        "stopped_at": 1786478929.8241746,
        "stream_epoch": 1,
        "stream_id": 2
      }
    ],
    "launch_requests": [
      {
        "admitted_instance_id": "learner_li_25f16e64-0f0d-416d-a3fa-23d24f078ff9",
        "authorized_placement_epoch": null,
        "authorized_placement_id": null,
        "bootstrap_slot": 0,
        "created_at": 1786478918.930856,
        "evidence_source": "registration",
        "expires_at": null,
        "first_uncertain_at": null,
        "last_error": null,
        "last_positive_evidence_at": 1786478918.930856,
        "manual_reason": null,
        "not_before": 1786478918.930856,
        "observation_key": null,
        "pbs_job_id": "2533382.opbs",
        "reason": "initial_bootstrap",
        "replace_instance_id": null,
        "request_id": "bootstrap-0",
        "request_sha256": "77daffc21ae767263222f48cb83268cae6ae3425a610b21a80a531b1a75dadf8",
        "requested_by_epoch": 1,
        "reservation_released_at": 1786478918.930856,
        "role": "bootstrap",
        "scheduler_observed_at": 1786478918.930856,
        "scheduler_state": "admitted",
        "state": "admitted",
        "stream_id": 0,
        "submission_attempts": 0,
        "uncertainty_deadline": null,
        "updated_at": 1786478918.930856
      },
      {
        "admitted_instance_id": "learner_li_418e83a9-f101-4238-b238-dbc47051e683",
        "authorized_placement_epoch": null,
        "authorized_placement_id": null,
        "bootstrap_slot": 1,
        "created_at": 1786478918.9659076,
        "evidence_source": "registration",
        "expires_at": null,
        "first_uncertain_at": null,
        "last_error": null,
        "last_positive_evidence_at": 1786478918.9659076,
        "manual_reason": null,
        "not_before": 1786478918.9659076,
        "observation_key": null,
        "pbs_job_id": "2533382.opbs",
        "reason": "initial_bootstrap",
        "replace_instance_id": null,
        "request_id": "bootstrap-1",
        "request_sha256": "9dd31bad5e7dad3bc9c20aed02fcba8b428b2bc39ce961cefb73abd4e33e8641",
        "requested_by_epoch": 1,
        "reservation_released_at": 1786478918.9659076,
        "role": "bootstrap",
        "scheduler_observed_at": 1786478918.9659076,
        "scheduler_state": "admitted",
        "state": "admitted",
        "stream_id": 1,
        "submission_attempts": 0,
        "uncertainty_deadline": null,
        "updated_at": 1786478918.9659076
      },
      {
        "admitted_instance_id": "learner_li_41ee8502-4db7-4af7-bdf7-7c81fab93273",
        "authorized_placement_epoch": null,
        "authorized_placement_id": null,
        "bootstrap_slot": 3,
        "created_at": 1786478918.9953241,
        "evidence_source": "registration",
        "expires_at": null,
        "first_uncertain_at": null,
        "last_error": null,
        "last_positive_evidence_at": 1786478918.9953241,
        "manual_reason": null,
        "not_before": 1786478918.9953241,
        "observation_key": null,
        "pbs_job_id": "2533382.opbs",
        "reason": "initial_bootstrap",
        "replace_instance_id": null,
        "request_id": "bootstrap-3",
        "request_sha256": "cfd03df2eb0b8ce20e1dbddb50bc42756919bc0f2fc08c73c854743874e60add",
        "requested_by_epoch": 1,
        "reservation_released_at": 1786478918.9953241,
        "role": "bootstrap",
        "scheduler_observed_at": 1786478918.9953241,
        "scheduler_state": "admitted",
        "state": "admitted",
        "stream_id": 3,
        "submission_attempts": 0,
        "uncertainty_deadline": null,
        "updated_at": 1786478918.9953241
      },
      {
        "admitted_instance_id": "learner_li_60161ec6-cb00-4b5d-a189-ec17f2454ba6",
        "authorized_placement_epoch": null,
        "authorized_placement_id": null,
        "bootstrap_slot": 2,
        "created_at": 1786478919.025322,
        "evidence_source": "registration",
        "expires_at": null,
        "first_uncertain_at": null,
        "last_error": null,
        "last_positive_evidence_at": 1786478919.025322,
        "manual_reason": null,
        "not_before": 1786478919.025322,
        "observation_key": null,
        "pbs_job_id": "2533382.opbs",
        "reason": "initial_bootstrap",
        "replace_instance_id": null,
        "request_id": "bootstrap-2",
        "request_sha256": "0066702fdf2adcb427d04f853bd4a7c33f204960e67422ff2633f780f65020ec",
        "requested_by_epoch": 1,
        "reservation_released_at": 1786478919.025322,
        "role": "bootstrap",
        "scheduler_observed_at": 1786478919.025322,
        "scheduler_state": "admitted",
        "state": "admitted",
        "stream_id": 2,
        "submission_attempts": 0,
        "uncertainty_deadline": null,
        "updated_at": 1786478919.025322
      }
    ],
    "streams": [
      {
        "current_instance_id": null,
        "current_stream_epoch": 1,
        "resume_cursor": 0,
        "state": "available",
        "stream_id": 0,
        "updated_at": 1786478929.8238845
      },
      {
        "current_instance_id": null,
        "current_stream_epoch": 1,
        "resume_cursor": 0,
        "state": "available",
        "stream_id": 1,
        "updated_at": 1786478929.8240726
      },
      {
        "current_instance_id": null,
        "current_stream_epoch": 1,
        "resume_cursor": 0,
        "state": "available",
        "stream_id": 2,
        "updated_at": 1786478929.8241746
      },
      {
        "current_instance_id": null,
        "current_stream_epoch": 1,
        "resume_cursor": 0,
        "state": "available",
        "stream_id": 3,
        "updated_at": 1786478929.8242624
      }
    ]
  },
  "run": {
    "config_sha256": "32341285cc08168bffed5df37d9b05f52e65fbee228cf7ea63aa8928e53a3309",
    "descriptor_sha256": "a8e42c35f0a6e1bca7d204dd58a562a84b8582d0ee6897bda05ed0cf98bf466c",
    "run_id": "plan05_functional_final_no_failure_20260812_050810",
    "shared_root": "/work/xg24i002/x10041/fsb_decoupled_diloco/runs/full_protocol/plan05_functional_final_no_failure_20260812_050810",
    "source_fingerprint": "sha256:d2e3b725d16de5c8d9768386cfabd42f94dbaf865156bb334e2c67ccf6fed3e4"
  },
  "syncer_epochs": [
    {
      "acquired_at": 1786478918.689214,
      "config_sha256": "32341285cc08168bffed5df37d9b05f52e65fbee228cf7ea63aa8928e53a3309",
      "epoch": 1,
      "final_at": 1786478930.309199,
      "final_state": "released",
      "hostname": "mg0969",
      "last_renewed_at": 1786478930.309199,
      "owner_id": "syncer-0b7a801c-8683-46c8-be4c-2e8b7ec63a9a",
      "pbs_job_id": "2533382.opbs",
      "pid": 749156,
      "source_fingerprint": "sha256:d2e3b725d16de5c8d9768386cfabd42f94dbaf865156bb334e2c67ccf6fed3e4",
      "superseded_by_epoch": null
    }
  ],
  "terminal": {
    "direct_weight_tokens_applied": 3840,
    "final_version": 4,
    "finalized_at": 1786478929.8230667,
    "finalized_by_epoch": 1,
    "finalized_by_owner_id": "syncer-0b7a801c-8683-46c8-be4c-2e8b7ec63a9a",
    "generation": 1,
    "singleton": 1,
    "state": "finalized",
    "stop_reason": "configured_target"
  },
  "terminal_contributor_fences": [
    {
      "acknowledged_at": 1786478929.7418735,
      "acknowledged_by_epoch": 1,
      "close_data_cursor": 100,
      "close_last_cycle_seq": 5,
      "fence_json": "{\"admission_generation\":1,\"admission_token_sha256\":\"9e339f7876d2bf6458fe1de3088802c69a38293dfc54ad55e20baf187a948cc1\",\"instance_id\":\"learner_li_25f16e64-0f0d-416d-a3fa-23d24f078ff9\",\"placement_epoch\":1,\"placement_id\":\"placement-cd36a6314c753ea6706004a0dbfe73ef\",\"stream_epoch\":1,\"stream_id\":0}",
      "final_cycle_seq": 5,
      "final_update_id": "684d7679-7d40-49cc-9049-2dc35723219c",
      "generation": 1,
      "hard_crash_gap_tokens_upper_bound": 0,
      "stable_contributor_key": "0",
      "state": "acked"
    },
    {
      "acknowledged_at": 1786478929.75238,
      "acknowledged_by_epoch": 1,
      "close_data_cursor": 100,
      "close_last_cycle_seq": 5,
      "fence_json": "{\"admission_generation\":1,\"admission_token_sha256\":\"fd085c3b8922451ff172764876d30f2bcb2e62a66058ac715d5b5eecb66473b2\",\"instance_id\":\"learner_li_418e83a9-f101-4238-b238-dbc47051e683\",\"placement_epoch\":1,\"placement_id\":\"placement-12f738dc79c3d3bfa819a146fd0ea38f\",\"stream_epoch\":1,\"stream_id\":1}",
      "final_cycle_seq": 5,
      "final_update_id": "9616a294-7b7d-4670-92a1-3fdd9aa85b2d",
      "generation": 1,
      "hard_crash_gap_tokens_upper_bound": 0,
      "stable_contributor_key": "1",
      "state": "acked"
    },
    {
      "acknowledged_at": 1786478929.7657752,
      "acknowledged_by_epoch": 1,
      "close_data_cursor": 100,
      "close_last_cycle_seq": 5,
      "fence_json": "{\"admission_generation\":1,\"admission_token_sha256\":\"af8c8fe07bb5a5a115d8b829846acdac30ab2ca1193c978aa5eb4a1fe8c04578\",\"instance_id\":\"learner_li_60161ec6-cb00-4b5d-a189-ec17f2454ba6\",\"placement_epoch\":1,\"placement_id\":\"placement-fb4c14bd8b2d3c47cf097d5acbff934c\",\"stream_epoch\":1,\"stream_id\":2}",
      "final_cycle_seq": 5,
      "final_update_id": "b8c5ead4-c397-4644-94b9-ffe563c469b5",
      "generation": 1,
      "hard_crash_gap_tokens_upper_bound": 0,
      "stable_contributor_key": "2",
      "state": "acked"
    },
    {
      "acknowledged_at": 1786478929.4743876,
      "acknowledged_by_epoch": 1,
      "close_data_cursor": 20,
      "close_last_cycle_seq": 1,
      "fence_json": "{\"admission_generation\":1,\"admission_token_sha256\":\"9de7027436b81a3dfc8cf1d2e63a65df94726e978660df7b4774efae661b90b5\",\"instance_id\":\"learner_li_41ee8502-4db7-4af7-bdf7-7c81fab93273\",\"placement_epoch\":1,\"placement_id\":\"placement-a3f52c50e27b1c529d59534a3cdc6664\",\"stream_epoch\":1,\"stream_id\":3}",
      "final_cycle_seq": 1,
      "final_update_id": "4725c687-d411-4647-a634-1dc389ba2399",
      "generation": 1,
      "hard_crash_gap_tokens_upper_bound": 0,
      "stable_contributor_key": "3",
      "state": "acked"
    }
  ],
  "token_ledger": {
    "adjudicated_processed": 5120,
    "carried_ancestry": 0,
    "direct_applied": 3840,
    "direct_dropped": 1280,
    "direct_outstanding": 0,
    "direct_quarantined_or_conflicted": 0,
    "direct_reported_unpublished": 0,
    "hard_crash_gap_tokens_upper_bound": 0,
    "local_discarded": 0
  }
}
PASS
