Currently Loaded Modulefiles:
 1) nvidia/25.9(default)   2) nv-hpcx/25.9  

Key:
(symbolic-version)  
RUN_ID=plan05_functional_final_syncer_takeover_20260812_050810
SHARED_ROOT=/work/xg24i002/x10041/fsb_decoupled_diloco/runs/full_protocol/plan05_functional_final_syncer_takeover_20260812_050810
DESCRIPTOR_SHA256=3efd4345e144ac2d45ed44433a65e737cf0f21691d200a29ab5f38679c0ee2aa
HOST mg0985
HOST mg0986
HOST mg0988
HOST mg0989
HOST mg0990
/work/xg24i002/x10041/fsb_decoupled_diloco/scripts/miyabi/agent/run_full_protocol_rank.sh: line 69: 662675 Killed                  FS_DILOCO_FAULT_PAUSE_AFTER_COMMITTED_VERSION="$SYNCER_TAKEOVER_BOUNDARY_VERSION" FS_DILOCO_FAULT_PAUSE_MARKER_PATH="$fault_marker" CUDA_VISIBLE_DEVICES="$SYNCER_CUDA_VISIBLE_DEVICES" OMP_NUM_THREADS="$SYNCER_OMP_NUM_THREADS" "${SYNCER_COMMAND[@]}" > "$LOG_ROOT/syncer_primary.log" 2>&1
[ERROR] Full Protocol rank failed at line 69
{
  "audit": {
    "claimed_gc": 0,
    "folded_batch_index_rows": 0,
    "folded_batches": 0,
    "hot_batches": 1,
    "partitions": 0,
    "pending_gc": 0
  },
  "authority": {
    "ddl_sha256": "a860a7515f532c6bd24134f2bee7f784aa3083a67319a585546919c3793d7f74",
    "protocol_version": 5,
    "schema_fingerprint": "864b23356a44aabf8620d5edce330d8e7345eaf10def9e3acb7b05e89512bb01",
    "schema_version": 12
  },
  "contributor_progress": {},
  "controller": {
    "drain_ack_deadline": 1786478985.953529,
    "generation": 1,
    "hard_crash_cycle_token_budget": 320,
    "proposal_visibility_deadline": 1786478958.2885604,
    "reason": "configured_target",
    "registration_visibility_deadline": 1786478955.953529,
    "requested_at": 1786478955.953529,
    "singleton": 1,
    "state": "finalized",
    "terminal_merge_count": 0,
    "updated_by_epoch": 2,
    "updated_by_owner_id": "syncer-7ac2423b-c81b-4292-b080-ae1164f14fbb"
  },
  "current_contributor_fences": [],
  "integrity_check": [
    "ok"
  ],
  "latest_version": {
    "committed_at": 1786478954.772461,
    "committed_by_epoch": 2,
    "committed_by_owner_id": "syncer-7ac2423b-c81b-4292-b080-ae1164f14fbb",
    "direct_weight_tokens_applied": 960,
    "optim_relative_path": "optim/epochs/e000002/a6c945591289/outer_v000004_p5bfd4277d3ef.safetensors",
    "optim_sha256": "591a0b6daf4d71880bea7103614fae07c841f33655747efb5d1e4a043f3ba9b2",
    "optim_size": 65856,
    "predecessor_version": 3,
    "publication_id": "5bfd4277-d3ef-43ff-bf0b-b541a8ffd806",
    "theta_sha256": "bab25911e2a21e412c0c9c4d8588eae5b1f202449b42f9127607f5a96100ce7c",
    "version": 4,
    "weight_relative_path": "weights/epochs/e000002/a6c945591289/global_v000004_p5bfd4277d3ef.safetensors",
    "weight_sha256": "c60848ad7793e6de5c2ecabdb447155edce0fa6e59d53ea309841501512aed5a",
    "weight_size": 33104
  },
  "membership": {
    "capacity_observations": [
      {
        "action": "sufficient",
        "command_epoch": 1,
        "desired_contributors": 4,
        "eligible_contributors": 4,
        "global_version": 0,
        "kind": "scheduler_window",
        "observation_key": "capacity-f685ca821c5adf47ba6f7cec0d1dc45f",
        "observation_seq": 1,
        "observed_at": 1786478924.9681473,
        "productive_instances": 4,
        "reserved_launch_capacity": 0,
        "selected_contributors": 0
      },
      {
        "action": "sufficient",
        "command_epoch": 1,
        "desired_contributors": 4,
        "eligible_contributors": 4,
        "global_version": 0,
        "kind": "scheduler_window",
        "observation_key": "capacity-554a5158770ffd8f1d35d5fba7001f59",
        "observation_seq": 2,
        "observed_at": 1786478927.1235952,
        "productive_instances": 4,
        "reserved_launch_capacity": 0,
        "selected_contributors": 0
      },
      {
        "action": "sufficient",
        "command_epoch": 1,
        "desired_contributors": 4,
        "eligible_contributors": 4,
        "global_version": 1,
        "kind": "scheduler_window",
        "observation_key": "capacity-daa4fcc918803086a99250e95440b75e",
        "observation_seq": 3,
        "observed_at": 1786478929.3100507,
        "productive_instances": 4,
        "reserved_launch_capacity": 0,
        "selected_contributors": 0
      },
      {
        "action": "low",
        "command_epoch": 2,
        "desired_contributors": 4,
        "eligible_contributors": 4,
        "global_version": 2,
        "kind": "scheduler_window",
        "observation_key": "capacity-f3b3d51e8e66f8d2c4a793cb727a569a",
        "observation_seq": 4,
        "observed_at": 1786478946.309019,
        "productive_instances": 1,
        "reserved_launch_capacity": 0,
        "selected_contributors": 0
      },
      {
        "action": "low",
        "command_epoch": 2,
        "desired_contributors": 4,
        "eligible_contributors": 4,
        "global_version": 2,
        "kind": "scheduler_window",
        "observation_key": "capacity-1998f792ed91f0ef7a923196a1aee063",
        "observation_seq": 5,
        "observed_at": 1786478950.303569,
        "productive_instances": 2,
        "reserved_launch_capacity": 0,
        "selected_contributors": 0
      },
      {
        "action": "low",
        "command_epoch": 2,
        "desired_contributors": 4,
        "eligible_contributors": 4,
        "global_version": 3,
        "kind": "scheduler_window",
        "observation_key": "capacity-5a0b2ddf0d4e92d741d69e0f1343c630",
        "observation_seq": 6,
        "observed_at": 1786478952.6779745,
        "productive_instances": 3,
        "reserved_launch_capacity": 0,
        "selected_contributors": 3
      },
      {
        "action": "low",
        "command_epoch": 2,
        "desired_contributors": 4,
        "eligible_contributors": 4,
        "global_version": 4,
        "kind": "scheduler_window",
        "observation_key": "capacity-775a867ce27a82bed16bf200185d8fab",
        "observation_seq": 7,
        "observed_at": 1786478954.8012743,
        "productive_instances": 3,
        "reserved_launch_capacity": 0,
        "selected_contributors": 3
      }
    ],
    "instances": [
      {
        "admission_generation": 1,
        "admission_token_sha256": "d670ff3e1a89534774b417a62e87e616448cddfdd0d4a4c4e3b8e36194d3517a",
        "admitted_at": 1786478920.5144367,
        "admitted_by_epoch": 1,
        "final_update_id": null,
        "hostname": "mg0989",
        "instance_id": "learner_li_0ceb97f4-077a-48d6-bd1e-5e7ac0dc00d4",
        "last_seen": 1786478920.5144367,
        "launch_request_id": null,
        "pbs_job_id": "2533383.opbs",
        "pid": 663194,
        "placement_epoch": 1,
        "placement_id": "placement-b8f8bc1eb0dd30bcf820bd9387b4812a",
        "registered_at": 1786478920.5144367,
        "status": "stopped",
        "status_reason": "terminal_graceful_ack",
        "stopped_at": 1786478956.35174,
        "stream_epoch": 1,
        "stream_id": 2
      },
      {
        "admission_generation": 1,
        "admission_token_sha256": "5a1fd3bba13cc7a4af62bb143a12c734b4962d333822febc5f415ec237e36b5b",
        "admitted_at": 1786478920.5458376,
        "admitted_by_epoch": 1,
        "final_update_id": null,
        "hostname": "mg0986",
        "instance_id": "learner_li_7d2a832c-2cf6-4fd8-9011-eea24dce0827",
        "last_seen": 1786478920.5458376,
        "launch_request_id": null,
        "pbs_job_id": "2533383.opbs",
        "pid": 628148,
        "placement_epoch": 1,
        "placement_id": "placement-5beb1d8809fa57191e310f4244b70e97",
        "registered_at": 1786478920.5458376,
        "status": "stopped",
        "status_reason": "terminal_graceful_ack",
        "stopped_at": 1786478956.3514743,
        "stream_epoch": 1,
        "stream_id": 0
      },
      {
        "admission_generation": 1,
        "admission_token_sha256": "4df87c8e735729105df8502ff377ea69b0c890e02cd5d1a00c06e6945cfb1f21",
        "admitted_at": 1786478920.7926476,
        "admitted_by_epoch": 1,
        "final_update_id": null,
        "hostname": "mg0988",
        "instance_id": "learner_li_076c5dcd-bf37-4f31-be21-15310e6d9470",
        "last_seen": 1786478920.7926476,
        "launch_request_id": null,
        "pbs_job_id": "2533383.opbs",
        "pid": 759851,
        "placement_epoch": 1,
        "placement_id": "placement-8cb735e004acb743ef7a895ea5d83ef0",
        "registered_at": 1786478920.7926476,
        "status": "stopped",
        "status_reason": "terminal_graceful_ack",
        "stopped_at": 1786478956.3516757,
        "stream_epoch": 1,
        "stream_id": 1
      },
      {
        "admission_generation": 1,
        "admission_token_sha256": "fb9340120acab029ca5454c44663b264fddd57a7e486e38b852553ccd97c02c1",
        "admitted_at": 1786478920.8207712,
        "admitted_by_epoch": 1,
        "final_update_id": null,
        "hostname": "mg0990",
        "instance_id": "learner_li_f09237b3-1ec5-491a-83b2-d6998a22d326",
        "last_seen": 1786478920.8207712,
        "launch_request_id": null,
        "pbs_job_id": "2533383.opbs",
        "pid": 686645,
        "placement_epoch": 1,
        "placement_id": "placement-1e165dbf9eaf7089d32b400177a63201",
        "registered_at": 1786478920.8207712,
        "status": "stopped",
        "status_reason": "terminal_graceful_ack",
        "stopped_at": 1786478956.3518293,
        "stream_epoch": 1,
        "stream_id": 3
      }
    ],
    "launch_requests": [
      {
        "admitted_instance_id": "learner_li_0ceb97f4-077a-48d6-bd1e-5e7ac0dc00d4",
        "authorized_placement_epoch": null,
        "authorized_placement_id": null,
        "bootstrap_slot": 2,
        "created_at": 1786478920.5144367,
        "evidence_source": "registration",
        "expires_at": null,
        "first_uncertain_at": null,
        "last_error": null,
        "last_positive_evidence_at": 1786478920.5144367,
        "manual_reason": null,
        "not_before": 1786478920.5144367,
        "observation_key": null,
        "pbs_job_id": "2533383.opbs",
        "reason": "initial_bootstrap",
        "replace_instance_id": null,
        "request_id": "bootstrap-2",
        "request_sha256": "5911a1cce6ae2714a3b97992ab120f654a416c914c488906a7bc98c5a091f771",
        "requested_by_epoch": 1,
        "reservation_released_at": 1786478920.5144367,
        "role": "bootstrap",
        "scheduler_observed_at": 1786478920.5144367,
        "scheduler_state": "admitted",
        "state": "admitted",
        "stream_id": 2,
        "submission_attempts": 0,
        "uncertainty_deadline": null,
        "updated_at": 1786478920.5144367
      },
      {
        "admitted_instance_id": "learner_li_7d2a832c-2cf6-4fd8-9011-eea24dce0827",
        "authorized_placement_epoch": null,
        "authorized_placement_id": null,
        "bootstrap_slot": 0,
        "created_at": 1786478920.5458376,
        "evidence_source": "registration",
        "expires_at": null,
        "first_uncertain_at": null,
        "last_error": null,
        "last_positive_evidence_at": 1786478920.5458376,
        "manual_reason": null,
        "not_before": 1786478920.5458376,
        "observation_key": null,
        "pbs_job_id": "2533383.opbs",
        "reason": "initial_bootstrap",
        "replace_instance_id": null,
        "request_id": "bootstrap-0",
        "request_sha256": "4ac3b61cf655c4995f08210498d3b5a8d7c1374170f7c83e837192d6c63196b8",
        "requested_by_epoch": 1,
        "reservation_released_at": 1786478920.5458376,
        "role": "bootstrap",
        "scheduler_observed_at": 1786478920.5458376,
        "scheduler_state": "admitted",
        "state": "admitted",
        "stream_id": 0,
        "submission_attempts": 0,
        "uncertainty_deadline": null,
        "updated_at": 1786478920.5458376
      },
      {
        "admitted_instance_id": "learner_li_076c5dcd-bf37-4f31-be21-15310e6d9470",
        "authorized_placement_epoch": null,
        "authorized_placement_id": null,
        "bootstrap_slot": 1,
        "created_at": 1786478920.7926476,
        "evidence_source": "registration",
        "expires_at": null,
        "first_uncertain_at": null,
        "last_error": null,
        "last_positive_evidence_at": 1786478920.7926476,
        "manual_reason": null,
        "not_before": 1786478920.7926476,
        "observation_key": null,
        "pbs_job_id": "2533383.opbs",
        "reason": "initial_bootstrap",
        "replace_instance_id": null,
        "request_id": "bootstrap-1",
        "request_sha256": "0312c67ddf10a88c07a97b0cfcc51fab8ae91540264b054bb38180a035e772fd",
        "requested_by_epoch": 1,
        "reservation_released_at": 1786478920.7926476,
        "role": "bootstrap",
        "scheduler_observed_at": 1786478920.7926476,
        "scheduler_state": "admitted",
        "state": "admitted",
        "stream_id": 1,
        "submission_attempts": 0,
        "uncertainty_deadline": null,
        "updated_at": 1786478920.7926476
      },
      {
        "admitted_instance_id": "learner_li_f09237b3-1ec5-491a-83b2-d6998a22d326",
        "authorized_placement_epoch": null,
        "authorized_placement_id": null,
        "bootstrap_slot": 3,
        "created_at": 1786478920.8207712,
        "evidence_source": "registration",
        "expires_at": null,
        "first_uncertain_at": null,
        "last_error": null,
        "last_positive_evidence_at": 1786478920.8207712,
        "manual_reason": null,
        "not_before": 1786478920.8207712,
        "observation_key": null,
        "pbs_job_id": "2533383.opbs",
        "reason": "initial_bootstrap",
        "replace_instance_id": null,
        "request_id": "bootstrap-3",
        "request_sha256": "4e46897c6a1d300daa89b78b70f5da74e1b760a5396fdcca62327957b82717b2",
        "requested_by_epoch": 1,
        "reservation_released_at": 1786478920.8207712,
        "role": "bootstrap",
        "scheduler_observed_at": 1786478920.8207712,
        "scheduler_state": "admitted",
        "state": "admitted",
        "stream_id": 3,
        "submission_attempts": 0,
        "uncertainty_deadline": null,
        "updated_at": 1786478920.8207712
      }
    ],
    "streams": [
      {
        "current_instance_id": null,
        "current_stream_epoch": 1,
        "resume_cursor": 0,
        "state": "available",
        "stream_id": 0,
        "updated_at": 1786478956.3514743
      },
      {
        "current_instance_id": null,
        "current_stream_epoch": 1,
        "resume_cursor": 0,
        "state": "available",
        "stream_id": 1,
        "updated_at": 1786478956.3516757
      },
      {
        "current_instance_id": null,
        "current_stream_epoch": 1,
        "resume_cursor": 0,
        "state": "available",
        "stream_id": 2,
        "updated_at": 1786478956.35174
      },
      {
        "current_instance_id": null,
        "current_stream_epoch": 1,
        "resume_cursor": 0,
        "state": "available",
        "stream_id": 3,
        "updated_at": 1786478956.3518293
      }
    ]
  },
  "run": {
    "config_sha256": "26e6e3553e62a82457e31acaf9322afe271378b6961e80c66e9c4bb839635e5c",
    "descriptor_sha256": "3efd4345e144ac2d45ed44433a65e737cf0f21691d200a29ab5f38679c0ee2aa",
    "run_id": "plan05_functional_final_syncer_takeover_20260812_050810",
    "shared_root": "/work/xg24i002/x10041/fsb_decoupled_diloco/runs/full_protocol/plan05_functional_final_syncer_takeover_20260812_050810",
    "source_fingerprint": "sha256:d2e3b725d16de5c8d9768386cfabd42f94dbaf865156bb334e2c67ccf6fed3e4"
  },
  "syncer_epochs": [
    {
      "acquired_at": 1786478920.2741115,
      "config_sha256": "26e6e3553e62a82457e31acaf9322afe271378b6961e80c66e9c4bb839635e5c",
      "epoch": 1,
      "final_at": 1786478944.860127,
      "final_state": "expired",
      "hostname": "mg0985",
      "last_renewed_at": 1786478928.4311872,
      "owner_id": "syncer-ccbbc40b-377d-4751-8de0-281df86a2770",
      "pbs_job_id": "2533383.opbs",
      "pid": 662675,
      "source_fingerprint": "sha256:d2e3b725d16de5c8d9768386cfabd42f94dbaf865156bb334e2c67ccf6fed3e4",
      "superseded_by_epoch": 2
    },
    {
      "acquired_at": 1786478944.860127,
      "config_sha256": "26e6e3553e62a82457e31acaf9322afe271378b6961e80c66e9c4bb839635e5c",
      "epoch": 2,
      "final_at": 1786478956.9259624,
      "final_state": "released",
      "hostname": "mg0985",
      "last_renewed_at": 1786478956.9259624,
      "owner_id": "syncer-7ac2423b-c81b-4292-b080-ae1164f14fbb",
      "pbs_job_id": "2533383.opbs",
      "pid": 662835,
      "source_fingerprint": "sha256:d2e3b725d16de5c8d9768386cfabd42f94dbaf865156bb334e2c67ccf6fed3e4",
      "superseded_by_epoch": null
    }
  ],
  "terminal": {
    "direct_weight_tokens_applied": 3840,
    "final_version": 4,
    "finalized_at": 1786478956.3506234,
    "finalized_by_epoch": 2,
    "finalized_by_owner_id": "syncer-7ac2423b-c81b-4292-b080-ae1164f14fbb",
    "generation": 1,
    "singleton": 1,
    "state": "finalized",
    "stop_reason": "configured_target"
  },
  "terminal_contributor_fences": [
    {
      "acknowledged_at": 1786478956.003439,
      "acknowledged_by_epoch": 2,
      "close_data_cursor": 100,
      "close_last_cycle_seq": 5,
      "fence_json": "{\"admission_generation\":1,\"admission_token_sha256\":\"5a1fd3bba13cc7a4af62bb143a12c734b4962d333822febc5f415ec237e36b5b\",\"instance_id\":\"learner_li_7d2a832c-2cf6-4fd8-9011-eea24dce0827\",\"placement_epoch\":1,\"placement_id\":\"placement-5beb1d8809fa57191e310f4244b70e97\",\"stream_epoch\":1,\"stream_id\":0}",
      "final_cycle_seq": 5,
      "final_update_id": "d1f873c5-10de-49a7-af2e-707e2abea9f4",
      "generation": 1,
      "hard_crash_gap_tokens_upper_bound": 0,
      "stable_contributor_key": "0",
      "state": "acked"
    },
    {
      "acknowledged_at": 1786478956.2635422,
      "acknowledged_by_epoch": 2,
      "close_data_cursor": 100,
      "close_last_cycle_seq": 5,
      "fence_json": "{\"admission_generation\":1,\"admission_token_sha256\":\"4df87c8e735729105df8502ff377ea69b0c890e02cd5d1a00c06e6945cfb1f21\",\"instance_id\":\"learner_li_076c5dcd-bf37-4f31-be21-15310e6d9470\",\"placement_epoch\":1,\"placement_id\":\"placement-8cb735e004acb743ef7a895ea5d83ef0\",\"stream_epoch\":1,\"stream_id\":1}",
      "final_cycle_seq": 5,
      "final_update_id": "197fd8e1-7e28-4039-867d-6321c31cb172",
      "generation": 1,
      "hard_crash_gap_tokens_upper_bound": 0,
      "stable_contributor_key": "1",
      "state": "acked"
    },
    {
      "acknowledged_at": 1786478956.2713497,
      "acknowledged_by_epoch": 2,
      "close_data_cursor": 80,
      "close_last_cycle_seq": 4,
      "fence_json": "{\"admission_generation\":1,\"admission_token_sha256\":\"d670ff3e1a89534774b417a62e87e616448cddfdd0d4a4c4e3b8e36194d3517a\",\"instance_id\":\"learner_li_0ceb97f4-077a-48d6-bd1e-5e7ac0dc00d4\",\"placement_epoch\":1,\"placement_id\":\"placement-b8f8bc1eb0dd30bcf820bd9387b4812a\",\"stream_epoch\":1,\"stream_id\":2}",
      "final_cycle_seq": 4,
      "final_update_id": "add63bb9-e4ff-4556-bd5b-e0b24faa9108",
      "generation": 1,
      "hard_crash_gap_tokens_upper_bound": 0,
      "stable_contributor_key": "2",
      "state": "acked"
    },
    {
      "acknowledged_at": 1786478956.2790413,
      "acknowledged_by_epoch": 2,
      "close_data_cursor": 20,
      "close_last_cycle_seq": 1,
      "fence_json": "{\"admission_generation\":1,\"admission_token_sha256\":\"fb9340120acab029ca5454c44663b264fddd57a7e486e38b852553ccd97c02c1\",\"instance_id\":\"learner_li_f09237b3-1ec5-491a-83b2-d6998a22d326\",\"placement_epoch\":1,\"placement_id\":\"placement-1e165dbf9eaf7089d32b400177a63201\",\"stream_epoch\":1,\"stream_id\":3}",
      "final_cycle_seq": 1,
      "final_update_id": "f95dba68-dcdf-4aa1-9cb3-ef7e0bb30b5b",
      "generation": 1,
      "hard_crash_gap_tokens_upper_bound": 0,
      "stable_contributor_key": "3",
      "state": "acked"
    }
  ],
  "token_ledger": {
    "adjudicated_processed": 4800,
    "carried_ancestry": 0,
    "direct_applied": 3840,
    "direct_dropped": 960,
    "direct_outstanding": 0,
    "direct_quarantined_or_conflicted": 0,
    "direct_reported_unpublished": 0,
    "hard_crash_gap_tokens_upper_bound": 0,
    "local_discarded": 0
  }
}
PASS
