Currently Loaded Modulefiles:
 1) nvidia/25.9(default)   2) nv-hpcx/25.9  

Key:
(symbolic-version)  
RUN_ID=plan03_1_p3_normal_20260810_191842
SHARED_ROOT=/work/xg24i002/x10041/fsb_decoupled_diloco/runs/full_protocol/plan03_1_p3_normal_20260810_191842
DESCRIPTOR_SHA256=f4c4cbd4032155ca72d804ae15ec18aae06c24633e69f40cf6f146b761d928a5
HOST mg0020
HOST mg0024
HOST mg0025
HOST mg0026
HOST mg0028
{
  "audit": {
    "claimed_gc": 0,
    "folded_batch_index_rows": 0,
    "folded_batches": 0,
    "hot_batches": 1,
    "partitions": 0,
    "pending_gc": 0
  },
  "authority": {
    "ddl_sha256": "be522b2e708f98079776cba224d61108e4d9440b4e5e22ef949d0462df76e216",
    "features": [],
    "mode": "static",
    "protocol_version": 4,
    "schema_fingerprint": "385c18698797fc09424f4cbfa63569accaf296ead8ce2f5b0b98bb88bee63f13",
    "schema_version": 9
  },
  "contributor_progress": {},
  "controller": {
    "drain_ack_deadline": 1786357183.1761067,
    "generation": 1,
    "hard_crash_cycle_token_budget": 320,
    "proposal_visibility_deadline": 1786357155.6007686,
    "reason": "configured_target",
    "registration_visibility_deadline": 1786357153.1761067,
    "requested_at": 1786357153.1761067,
    "singleton": 1,
    "state": "finalized",
    "terminal_merge_count": 0,
    "updated_by_epoch": 1,
    "updated_by_owner_id": "syncer-ba469a72-7089-4c5f-82db-a5bedbe2dbf4"
  },
  "current_contributor_fences": [],
  "dynamic": {
    "capacity_observations": [],
    "instances": [],
    "launch_requests": [],
    "streams": []
  },
  "integrity_check": [
    "ok"
  ],
  "latest_version": {
    "committed_at": 1786357152.9590535,
    "committed_by_epoch": 1,
    "committed_by_owner_id": "syncer-ba469a72-7089-4c5f-82db-a5bedbe2dbf4",
    "direct_weight_tokens_applied": 1280,
    "optim_relative_path": "optim/epochs/e000001/45155a12699f/outer_v000004_p0b691a53dc8d.safetensors",
    "optim_sha256": "5ac42815dfc551c5a7f51757ed1b683866778c0ab35d94ea23fd73c9b5a248fa",
    "optim_size": 65856,
    "predecessor_version": 3,
    "publication_id": "0b691a53-dc8d-4725-9d54-f3cc58a7bcc5",
    "theta_sha256": "16e473b7fc873498a2154748388036a72d4ed90f17a29ad7d1b76b08224e2b9d",
    "version": 4,
    "weight_relative_path": "weights/epochs/e000001/45155a12699f/global_v000004_p0b691a53dc8d.safetensors",
    "weight_sha256": "1111cbbb1a6ca220d1a5d043d1310c1b7c72b878797d9d37f95edfda26df45b8",
    "weight_size": 33104
  },
  "run": {
    "config_sha256": "855a52ded704c1437bfa09431301c5d4614267e937f67d1a1540a02ae45cc608",
    "descriptor_sha256": "f4c4cbd4032155ca72d804ae15ec18aae06c24633e69f40cf6f146b761d928a5",
    "mode": "static",
    "run_id": "plan03_1_p3_normal_20260810_191842",
    "shared_root": "/work/xg24i002/x10041/fsb_decoupled_diloco/runs/full_protocol/plan03_1_p3_normal_20260810_191842",
    "source_fingerprint": "sha256:87e6223c81c49839673b949eccb540f95fcd22d75e4aece3f9824aad124a0314"
  },
  "syncer_epochs": [
    {
      "acquired_at": 1786357144.4809704,
      "config_sha256": "855a52ded704c1437bfa09431301c5d4614267e937f67d1a1540a02ae45cc608",
      "epoch": 1,
      "final_at": 1786357154.1914,
      "final_state": "released",
      "hostname": "mg0020",
      "last_renewed_at": 1786357154.1914,
      "owner_id": "syncer-ba469a72-7089-4c5f-82db-a5bedbe2dbf4",
      "pbs_job_id": "2519796.opbs",
      "pid": 617693,
      "source_fingerprint": "sha256:87e6223c81c49839673b949eccb540f95fcd22d75e4aece3f9824aad124a0314",
      "superseded_by_epoch": null
    }
  ],
  "terminal": {
    "direct_weight_tokens_applied": 5120,
    "final_version": 4,
    "finalized_at": 1786357153.6790574,
    "finalized_by_epoch": 1,
    "finalized_by_owner_id": "syncer-ba469a72-7089-4c5f-82db-a5bedbe2dbf4",
    "generation": 1,
    "singleton": 1,
    "state": "finalized",
    "stop_reason": "configured_target"
  },
  "terminal_contributor_fences": [
    {
      "acknowledged_at": 1786357153.5504322,
      "acknowledged_by_epoch": 1,
      "close_data_cursor": 120,
      "close_last_cycle_seq": 6,
      "fence_json": "{\"attempt_id\":\"attempt-eb4ffa85-e301-4c0b-83c0-100c7e9ea910\",\"binding_generation\":1,\"kind\":\"static\",\"learner_id\":\"learner_000\",\"logical_launch_id\":\"allocation-2519796-learner_000\"}",
      "fence_kind": "static",
      "final_cycle_seq": 6,
      "final_update_id": "b2b69d68-500b-4820-831f-21c4e00a34dd",
      "generation": 1,
      "hard_crash_gap_tokens_upper_bound": 0,
      "stable_contributor_key": "learner_000",
      "state": "acked"
    },
    {
      "acknowledged_at": 1786357153.5610976,
      "acknowledged_by_epoch": 1,
      "close_data_cursor": 120,
      "close_last_cycle_seq": 6,
      "fence_json": "{\"attempt_id\":\"attempt-61300c85-3869-4a4a-bed4-86eccf55d375\",\"binding_generation\":1,\"kind\":\"static\",\"learner_id\":\"learner_001\",\"logical_launch_id\":\"allocation-2519796-learner_001\"}",
      "fence_kind": "static",
      "final_cycle_seq": 6,
      "final_update_id": "6afe486f-e6f6-4910-b52f-d09c8f523663",
      "generation": 1,
      "hard_crash_gap_tokens_upper_bound": 0,
      "stable_contributor_key": "learner_001",
      "state": "acked"
    },
    {
      "acknowledged_at": 1786357153.570708,
      "acknowledged_by_epoch": 1,
      "close_data_cursor": 120,
      "close_last_cycle_seq": 6,
      "fence_json": "{\"attempt_id\":\"attempt-e9b3c0ef-1e4e-4a23-bf06-dfe40e0c8a05\",\"binding_generation\":1,\"kind\":\"static\",\"learner_id\":\"learner_002\",\"logical_launch_id\":\"allocation-2519796-learner_002\"}",
      "fence_kind": "static",
      "final_cycle_seq": 6,
      "final_update_id": "12a21507-9e1f-4a24-8435-503742850e84",
      "generation": 1,
      "hard_crash_gap_tokens_upper_bound": 0,
      "stable_contributor_key": "learner_002",
      "state": "acked"
    },
    {
      "acknowledged_at": 1786357153.584453,
      "acknowledged_by_epoch": 1,
      "close_data_cursor": 100,
      "close_last_cycle_seq": 5,
      "fence_json": "{\"attempt_id\":\"attempt-90cd4ec9-fed4-467c-bbc9-d266fa75579b\",\"binding_generation\":1,\"kind\":\"static\",\"learner_id\":\"learner_003\",\"logical_launch_id\":\"allocation-2519796-learner_003\"}",
      "fence_kind": "static",
      "final_cycle_seq": 5,
      "final_update_id": "78f42f67-f63b-4873-b4e9-bc3845dcdabe",
      "generation": 1,
      "hard_crash_gap_tokens_upper_bound": 0,
      "stable_contributor_key": "learner_003",
      "state": "acked"
    }
  ],
  "token_ledger": {
    "adjudicated_processed": 7360,
    "carried_ancestry": 0,
    "direct_applied": 5120,
    "direct_dropped": 2240,
    "direct_outstanding": 0,
    "direct_quarantined_or_conflicted": 0,
    "direct_reported_unpublished": 0,
    "hard_crash_gap_tokens_upper_bound": 0,
    "local_discarded": 0
  }
}
PASS
