Currently Loaded Modulefiles:
 1) nvidia/25.9(default)   2) nv-hpcx/25.9  

Key:
(symbolic-version)  
RUN_ID=plan03_1_p3_normal_20260810_193300
SHARED_ROOT=/work/xg24i002/x10041/fsb_decoupled_diloco/runs/full_protocol/plan03_1_p3_normal_20260810_193300
DESCRIPTOR_SHA256=0fc4e1ef782172021b6fc6864152b2402b3a80fd5e41ffe4b5a1d54d2e10d65d
HOST mg0005
HOST mg0006
HOST mg0010
HOST mg0012
HOST mg0013
{
  "audit": {
    "claimed_gc": 0,
    "folded_batch_index_rows": 0,
    "folded_batches": 0,
    "hot_batches": 1,
    "partitions": 0,
    "pending_gc": 0
  },
  "authority": {
    "ddl_sha256": "be522b2e708f98079776cba224d61108e4d9440b4e5e22ef949d0462df76e216",
    "features": [],
    "mode": "static",
    "protocol_version": 4,
    "schema_fingerprint": "385c18698797fc09424f4cbfa63569accaf296ead8ce2f5b0b98bb88bee63f13",
    "schema_version": 9
  },
  "contributor_progress": {},
  "controller": {
    "drain_ack_deadline": 1786358085.3202844,
    "generation": 1,
    "hard_crash_cycle_token_budget": 320,
    "proposal_visibility_deadline": 1786358057.7451394,
    "reason": "configured_target",
    "registration_visibility_deadline": 1786358055.3202844,
    "requested_at": 1786358055.3202844,
    "singleton": 1,
    "state": "finalized",
    "terminal_merge_count": 0,
    "updated_by_epoch": 1,
    "updated_by_owner_id": "syncer-cf6715bf-29b6-47e2-8f8c-81f75fbf144e"
  },
  "current_contributor_fences": [],
  "dynamic": {
    "capacity_observations": [],
    "instances": [],
    "launch_requests": [],
    "streams": []
  },
  "integrity_check": [
    "ok"
  ],
  "latest_version": {
    "committed_at": 1786358055.119788,
    "committed_by_epoch": 1,
    "committed_by_owner_id": "syncer-cf6715bf-29b6-47e2-8f8c-81f75fbf144e",
    "direct_weight_tokens_applied": 1280,
    "optim_relative_path": "optim/epochs/e000001/2b24afdb246b/outer_v000004_pc41ae8da60d2.safetensors",
    "optim_sha256": "95a9cbad854f4881c29839ac28936e3f4cf43562466227877c58448ec20cb62b",
    "optim_size": 65856,
    "predecessor_version": 3,
    "publication_id": "c41ae8da-60d2-41ca-b264-ecef1e6dc4f2",
    "theta_sha256": "641c1da80db81d58ff7fb0b575f6b8bff31ff5b17df377d48998e7cb2dd7f943",
    "version": 4,
    "weight_relative_path": "weights/epochs/e000001/2b24afdb246b/global_v000004_pc41ae8da60d2.safetensors",
    "weight_sha256": "ae0d503cd9ced8ebbcc83b8c63822d856b600f37edc30f824dd0c316ece983b2",
    "weight_size": 33104
  },
  "run": {
    "config_sha256": "c0933f6b53334b9545031f8db589fcb512d9cfbc5392ac960f72df9712a36d04",
    "descriptor_sha256": "0fc4e1ef782172021b6fc6864152b2402b3a80fd5e41ffe4b5a1d54d2e10d65d",
    "mode": "static",
    "run_id": "plan03_1_p3_normal_20260810_193300",
    "shared_root": "/work/xg24i002/x10041/fsb_decoupled_diloco/runs/full_protocol/plan03_1_p3_normal_20260810_193300",
    "source_fingerprint": "sha256:6b4964840a786276242608746f862ca3ce05ae48f256d8755eadb58cfd4454e5"
  },
  "syncer_epochs": [
    {
      "acquired_at": 1786358045.7187276,
      "config_sha256": "c0933f6b53334b9545031f8db589fcb512d9cfbc5392ac960f72df9712a36d04",
      "epoch": 1,
      "final_at": 1786358056.48859,
      "final_state": "released",
      "hostname": "mg0005",
      "last_renewed_at": 1786358056.48859,
      "owner_id": "syncer-cf6715bf-29b6-47e2-8f8c-81f75fbf144e",
      "pbs_job_id": "2519926.opbs",
      "pid": 1042194,
      "source_fingerprint": "sha256:6b4964840a786276242608746f862ca3ce05ae48f256d8755eadb58cfd4454e5",
      "superseded_by_epoch": null
    }
  ],
  "terminal": {
    "direct_weight_tokens_applied": 5120,
    "final_version": 4,
    "finalized_at": 1786358055.830907,
    "finalized_by_epoch": 1,
    "finalized_by_owner_id": "syncer-cf6715bf-29b6-47e2-8f8c-81f75fbf144e",
    "generation": 1,
    "singleton": 1,
    "state": "finalized",
    "stop_reason": "configured_target"
  },
  "terminal_contributor_fences": [
    {
      "acknowledged_at": 1786358055.4154847,
      "acknowledged_by_epoch": 1,
      "close_data_cursor": 160,
      "close_last_cycle_seq": 8,
      "fence_json": "{\"attempt_id\":\"attempt-bf696c68-907f-43a8-ae21-7ed3f39246dc\",\"binding_generation\":1,\"kind\":\"static\",\"learner_id\":\"learner_000\",\"logical_launch_id\":\"allocation-2519926-learner_000\"}",
      "fence_kind": "static",
      "final_cycle_seq": 8,
      "final_update_id": "6842037f-96c6-489f-b474-3b8d10c54e24",
      "generation": 1,
      "hard_crash_gap_tokens_upper_bound": 0,
      "stable_contributor_key": "learner_000",
      "state": "acked"
    },
    {
      "acknowledged_at": 1786358055.723688,
      "acknowledged_by_epoch": 1,
      "close_data_cursor": 120,
      "close_last_cycle_seq": 6,
      "fence_json": "{\"attempt_id\":\"attempt-74c80b7d-d5c1-4825-9ce4-370c6d024a75\",\"binding_generation\":1,\"kind\":\"static\",\"learner_id\":\"learner_001\",\"logical_launch_id\":\"allocation-2519926-learner_001\"}",
      "fence_kind": "static",
      "final_cycle_seq": 6,
      "final_update_id": "6af4e1fa-2c64-44d5-93f2-9a1f57835a31",
      "generation": 1,
      "hard_crash_gap_tokens_upper_bound": 0,
      "stable_contributor_key": "learner_001",
      "state": "acked"
    },
    {
      "acknowledged_at": 1786358055.7328672,
      "acknowledged_by_epoch": 1,
      "close_data_cursor": 140,
      "close_last_cycle_seq": 7,
      "fence_json": "{\"attempt_id\":\"attempt-94033f4f-ef10-4924-b264-a68e4ed9a98f\",\"binding_generation\":1,\"kind\":\"static\",\"learner_id\":\"learner_002\",\"logical_launch_id\":\"allocation-2519926-learner_002\"}",
      "fence_kind": "static",
      "final_cycle_seq": 7,
      "final_update_id": "8f51b900-f734-4b35-8bb9-c42b0e4fe7c3",
      "generation": 1,
      "hard_crash_gap_tokens_upper_bound": 0,
      "stable_contributor_key": "learner_002",
      "state": "acked"
    },
    {
      "acknowledged_at": 1786358055.4253995,
      "acknowledged_by_epoch": 1,
      "close_data_cursor": 140,
      "close_last_cycle_seq": 7,
      "fence_json": "{\"attempt_id\":\"attempt-3d0d6491-0074-4f12-90e1-7dfca9e3cd7c\",\"binding_generation\":1,\"kind\":\"static\",\"learner_id\":\"learner_003\",\"logical_launch_id\":\"allocation-2519926-learner_003\"}",
      "fence_kind": "static",
      "final_cycle_seq": 7,
      "final_update_id": "76d1527d-7be7-4020-af49-dd3d117cfd27",
      "generation": 1,
      "hard_crash_gap_tokens_upper_bound": 0,
      "stable_contributor_key": "learner_003",
      "state": "acked"
    }
  ],
  "token_ledger": {
    "adjudicated_processed": 8960,
    "carried_ancestry": 0,
    "direct_applied": 5120,
    "direct_dropped": 3840,
    "direct_outstanding": 0,
    "direct_quarantined_or_conflicted": 0,
    "direct_reported_unpublished": 0,
    "hard_crash_gap_tokens_upper_bound": 0,
    "local_discarded": 0
  }
}
PASS
