Currently Loaded Modulefiles:
 1) nvidia/25.9(default)   2) nv-hpcx/25.9  

Key:
(symbolic-version)  
RUN_ID=plan03_1_p3_syncer_takeover_20260810_193700
SHARED_ROOT=/work/xg24i002/x10041/fsb_decoupled_diloco/runs/full_protocol/plan03_1_p3_syncer_takeover_20260810_193700
DESCRIPTOR_SHA256=fe26689bf1a97bef1c09eda70a399aa2f308f989898853d8b2a9416b199dcf1f
HOST mg0004
HOST mg0005
HOST mg0006
HOST mg0007
HOST mg0010
/work/xg24i002/x10041/fsb_decoupled_diloco/scripts/miyabi/run_full_protocol_rank.sh: line 200: 3174735 Killed                  FS_DILOCO_FAULT_PAUSE_AFTER_COMMITTED_VERSION=2 FS_DILOCO_FAULT_PAUSE_MARKER_PATH="$fault_marker" CUDA_VISIBLE_DEVICES="$SYNCER_CUDA_VISIBLE_DEVICES" OMP_NUM_THREADS="$SYNCER_OMP_NUM_THREADS" "${SYNCER_COMMAND[@]}" > "$LOG_ROOT/syncer_primary.log" 2>&1
[ERROR] Full Protocol rank failed at line 200
{
  "audit": {
    "claimed_gc": 0,
    "folded_batch_index_rows": 0,
    "folded_batches": 0,
    "hot_batches": 1,
    "partitions": 0,
    "pending_gc": 0
  },
  "authority": {
    "ddl_sha256": "be522b2e708f98079776cba224d61108e4d9440b4e5e22ef949d0462df76e216",
    "features": [],
    "mode": "static",
    "protocol_version": 4,
    "schema_fingerprint": "385c18698797fc09424f4cbfa63569accaf296ead8ce2f5b0b98bb88bee63f13",
    "schema_version": 9
  },
  "contributor_progress": {},
  "controller": {
    "drain_ack_deadline": 1786358288.9786704,
    "generation": 1,
    "hard_crash_cycle_token_budget": 320,
    "proposal_visibility_deadline": 1786358261.3623495,
    "reason": "configured_target",
    "registration_visibility_deadline": 1786358258.9786704,
    "requested_at": 1786358258.9786704,
    "singleton": 1,
    "state": "finalized",
    "terminal_merge_count": 0,
    "updated_by_epoch": 2,
    "updated_by_owner_id": "syncer-1cefc658-9c32-4476-9f31-1b63055444e5"
  },
  "current_contributor_fences": [],
  "dynamic": {
    "capacity_observations": [],
    "instances": [],
    "launch_requests": [],
    "streams": []
  },
  "integrity_check": [
    "ok"
  ],
  "latest_version": {
    "committed_at": 1786358258.7846897,
    "committed_by_epoch": 2,
    "committed_by_owner_id": "syncer-1cefc658-9c32-4476-9f31-1b63055444e5",
    "direct_weight_tokens_applied": 1280,
    "optim_relative_path": "optim/epochs/e000002/d00cb6f0a3ad/outer_v000004_p063a9b23a641.safetensors",
    "optim_sha256": "2c78baa159d9acea5d4b3671ff7807016d0e9577cae9fcd360ea931d176536a6",
    "optim_size": 65856,
    "predecessor_version": 3,
    "publication_id": "063a9b23-a641-4510-ad30-0c8e4d4915fe",
    "theta_sha256": "a35f15f997a4213fe145c2d5359bff9ea0eb7259b459c2f884fe2fe360de3d39",
    "version": 4,
    "weight_relative_path": "weights/epochs/e000002/d00cb6f0a3ad/global_v000004_p063a9b23a641.safetensors",
    "weight_sha256": "533b9ff312da8b251200409a45b3f7acae7b078085f47a1493a449d794bda80e",
    "weight_size": 33104
  },
  "run": {
    "config_sha256": "541069b716f68ec0d9913597fc6708974715eaf5edf90fa5d120c9644739a339",
    "descriptor_sha256": "fe26689bf1a97bef1c09eda70a399aa2f308f989898853d8b2a9416b199dcf1f",
    "mode": "static",
    "run_id": "plan03_1_p3_syncer_takeover_20260810_193700",
    "shared_root": "/work/xg24i002/x10041/fsb_decoupled_diloco/runs/full_protocol/plan03_1_p3_syncer_takeover_20260810_193700",
    "source_fingerprint": "sha256:6b4964840a786276242608746f862ca3ce05ae48f256d8755eadb58cfd4454e5"
  },
  "syncer_epochs": [
    {
      "acquired_at": 1786358234.5558674,
      "config_sha256": "541069b716f68ec0d9913597fc6708974715eaf5edf90fa5d120c9644739a339",
      "epoch": 1,
      "final_at": 1786358256.9115624,
      "final_state": "expired",
      "hostname": "mg0004",
      "last_renewed_at": 1786358240.5981803,
      "owner_id": "syncer-7a1b7b63-2ea0-4ae6-93f9-f762564b4d6a",
      "pbs_job_id": "2519945.opbs",
      "pid": 3174735,
      "source_fingerprint": "sha256:6b4964840a786276242608746f862ca3ce05ae48f256d8755eadb58cfd4454e5",
      "superseded_by_epoch": 2
    },
    {
      "acquired_at": 1786358256.9115624,
      "config_sha256": "541069b716f68ec0d9913597fc6708974715eaf5edf90fa5d120c9644739a339",
      "epoch": 2,
      "final_at": 1786358259.913223,
      "final_state": "released",
      "hostname": "mg0004",
      "last_renewed_at": 1786358259.913223,
      "owner_id": "syncer-1cefc658-9c32-4476-9f31-1b63055444e5",
      "pbs_job_id": "2519945.opbs",
      "pid": 3174822,
      "source_fingerprint": "sha256:6b4964840a786276242608746f862ca3ce05ae48f256d8755eadb58cfd4454e5",
      "superseded_by_epoch": null
    }
  ],
  "terminal": {
    "direct_weight_tokens_applied": 5120,
    "final_version": 4,
    "finalized_at": 1786358259.4344385,
    "finalized_by_epoch": 2,
    "finalized_by_owner_id": "syncer-1cefc658-9c32-4476-9f31-1b63055444e5",
    "generation": 1,
    "singleton": 1,
    "state": "finalized",
    "stop_reason": "configured_target"
  },
  "terminal_contributor_fences": [
    {
      "acknowledged_at": 1786358259.3278975,
      "acknowledged_by_epoch": 2,
      "close_data_cursor": 120,
      "close_last_cycle_seq": 6,
      "fence_json": "{\"attempt_id\":\"attempt-80b5b275-1cfa-4933-a999-e58aa0b6ade2\",\"binding_generation\":1,\"kind\":\"static\",\"learner_id\":\"learner_000\",\"logical_launch_id\":\"allocation-2519945-learner_000\"}",
      "fence_kind": "static",
      "final_cycle_seq": 6,
      "final_update_id": "4fe55631-8bf4-43a7-b17b-af60034abb72",
      "generation": 1,
      "hard_crash_gap_tokens_upper_bound": 0,
      "stable_contributor_key": "learner_000",
      "state": "acked"
    },
    {
      "acknowledged_at": 1786358259.3363135,
      "acknowledged_by_epoch": 2,
      "close_data_cursor": 120,
      "close_last_cycle_seq": 6,
      "fence_json": "{\"attempt_id\":\"attempt-3f944931-becc-4931-8072-9014c91f5552\",\"binding_generation\":1,\"kind\":\"static\",\"learner_id\":\"learner_001\",\"logical_launch_id\":\"allocation-2519945-learner_001\"}",
      "fence_kind": "static",
      "final_cycle_seq": 6,
      "final_update_id": "58176450-6d5b-461e-bc39-8f1ffc2e475b",
      "generation": 1,
      "hard_crash_gap_tokens_upper_bound": 0,
      "stable_contributor_key": "learner_001",
      "state": "acked"
    },
    {
      "acknowledged_at": 1786358259.3447156,
      "acknowledged_by_epoch": 2,
      "close_data_cursor": 80,
      "close_last_cycle_seq": 4,
      "fence_json": "{\"attempt_id\":\"attempt-c7000513-1757-49f3-a030-4d614046a309\",\"binding_generation\":1,\"kind\":\"static\",\"learner_id\":\"learner_002\",\"logical_launch_id\":\"allocation-2519945-learner_002\"}",
      "fence_kind": "static",
      "final_cycle_seq": 4,
      "final_update_id": "4b8b4569-0df0-4733-b80a-2e38f0ef2a22",
      "generation": 1,
      "hard_crash_gap_tokens_upper_bound": 0,
      "stable_contributor_key": "learner_002",
      "state": "acked"
    },
    {
      "acknowledged_at": 1786358259.3525074,
      "acknowledged_by_epoch": 2,
      "close_data_cursor": 80,
      "close_last_cycle_seq": 4,
      "fence_json": "{\"attempt_id\":\"attempt-c2f5baf4-6f29-427f-811f-7b99c8b2656e\",\"binding_generation\":1,\"kind\":\"static\",\"learner_id\":\"learner_003\",\"logical_launch_id\":\"allocation-2519945-learner_003\"}",
      "fence_kind": "static",
      "final_cycle_seq": 4,
      "final_update_id": "148d716b-4d9a-4edc-b61e-b629e984af7e",
      "generation": 1,
      "hard_crash_gap_tokens_upper_bound": 0,
      "stable_contributor_key": "learner_003",
      "state": "acked"
    }
  ],
  "token_ledger": {
    "adjudicated_processed": 6400,
    "carried_ancestry": 0,
    "direct_applied": 5120,
    "direct_dropped": 1280,
    "direct_outstanding": 0,
    "direct_quarantined_or_conflicted": 0,
    "direct_reported_unpublished": 0,
    "hard_crash_gap_tokens_upper_bound": 0,
    "local_discarded": 0
  }
}
PASS
