Currently Loaded Modulefiles:
 1) nvidia/25.9(default)   2) nv-hpcx/25.9  

Key:
(symbolic-version)  
RUN_ID=plan03_1_p3_learner_replacement_20260810_193500
SHARED_ROOT=/work/xg24i002/x10041/fsb_decoupled_diloco/runs/full_protocol/plan03_1_p3_learner_replacement_20260810_193500
DESCRIPTOR_SHA256=485333361c8a037b4544eb542ebcf69f52feb498e191e3ed3eef9c67d4da4d63
HOST mg0001
HOST mg0005
HOST mg0006
HOST mg0007
HOST mg0010
[ERROR] Full Protocol rank failed at line 108
{
  "audit": {
    "claimed_gc": 0,
    "folded_batch_index_rows": 0,
    "folded_batches": 0,
    "hot_batches": 2,
    "partitions": 0,
    "pending_gc": 0
  },
  "authority": {
    "ddl_sha256": "be522b2e708f98079776cba224d61108e4d9440b4e5e22ef949d0462df76e216",
    "features": [],
    "mode": "static",
    "protocol_version": 4,
    "schema_fingerprint": "385c18698797fc09424f4cbfa63569accaf296ead8ce2f5b0b98bb88bee63f13",
    "schema_version": 9
  },
  "contributor_progress": {},
  "controller": {
    "drain_ack_deadline": 1786358185.1290033,
    "generation": 1,
    "hard_crash_cycle_token_budget": 320,
    "proposal_visibility_deadline": 1786358157.3396628,
    "reason": "configured_target",
    "registration_visibility_deadline": 1786358155.1290033,
    "requested_at": 1786358155.1290033,
    "singleton": 1,
    "state": "finalized",
    "terminal_merge_count": 0,
    "updated_by_epoch": 1,
    "updated_by_owner_id": "syncer-019c4a28-869a-4d00-88fb-88eeec0b74d6"
  },
  "current_contributor_fences": [],
  "dynamic": {
    "capacity_observations": [],
    "instances": [],
    "launch_requests": [],
    "streams": []
  },
  "integrity_check": [
    "ok"
  ],
  "latest_version": {
    "committed_at": 1786358154.8311055,
    "committed_by_epoch": 1,
    "committed_by_owner_id": "syncer-019c4a28-869a-4d00-88fb-88eeec0b74d6",
    "direct_weight_tokens_applied": 1280,
    "optim_relative_path": "optim/epochs/e000001/96f5f5d06b0e/outer_v000004_pd99172b4a24b.safetensors",
    "optim_sha256": "739e35996bed579b6db5a579eb06e0da7bf80ff39139c9986749ba597e5aea69",
    "optim_size": 65856,
    "predecessor_version": 3,
    "publication_id": "d99172b4-a24b-4964-b951-b47cc37e29ad",
    "theta_sha256": "75b137fe243775f0a4096e4a70a638a345afc55c5a00b0a40d7563b74e0fa77b",
    "version": 4,
    "weight_relative_path": "weights/epochs/e000001/96f5f5d06b0e/global_v000004_pd99172b4a24b.safetensors",
    "weight_sha256": "370e4d55b03acc42be66916c8148f3e08ae1c3044ef121c26d04ab2fc47bb4cf",
    "weight_size": 33104
  },
  "run": {
    "config_sha256": "ad3fd257975666dbac83879d11ed89bf143f55bd099dcb32ba8d951e7b91766d",
    "descriptor_sha256": "485333361c8a037b4544eb542ebcf69f52feb498e191e3ed3eef9c67d4da4d63",
    "mode": "static",
    "run_id": "plan03_1_p3_learner_replacement_20260810_193500",
    "shared_root": "/work/xg24i002/x10041/fsb_decoupled_diloco/runs/full_protocol/plan03_1_p3_learner_replacement_20260810_193500",
    "source_fingerprint": "sha256:6b4964840a786276242608746f862ca3ce05ae48f256d8755eadb58cfd4454e5"
  },
  "syncer_epochs": [
    {
      "acquired_at": 1786358142.5281844,
      "config_sha256": "ad3fd257975666dbac83879d11ed89bf143f55bd099dcb32ba8d951e7b91766d",
      "epoch": 1,
      "final_at": 1786358155.7166855,
      "final_state": "released",
      "hostname": "mg0001",
      "last_renewed_at": 1786358155.7166855,
      "owner_id": "syncer-019c4a28-869a-4d00-88fb-88eeec0b74d6",
      "pbs_job_id": "2519935.opbs",
      "pid": 2476517,
      "source_fingerprint": "sha256:6b4964840a786276242608746f862ca3ce05ae48f256d8755eadb58cfd4454e5",
      "superseded_by_epoch": null
    }
  ],
  "terminal": {
    "direct_weight_tokens_applied": 5120,
    "final_version": 4,
    "finalized_at": 1786358155.493751,
    "finalized_by_epoch": 1,
    "finalized_by_owner_id": "syncer-019c4a28-869a-4d00-88fb-88eeec0b74d6",
    "generation": 1,
    "singleton": 1,
    "state": "finalized",
    "stop_reason": "configured_target"
  },
  "terminal_contributor_fences": [
    {
      "acknowledged_at": 1786358155.3058233,
      "acknowledged_by_epoch": 1,
      "close_data_cursor": 100,
      "close_last_cycle_seq": 5,
      "fence_json": "{\"attempt_id\":\"attempt-2519935-learner_000-replacement\",\"binding_generation\":2,\"kind\":\"static\",\"learner_id\":\"learner_000\",\"logical_launch_id\":\"replacement-2519935-learner_000\"}",
      "fence_kind": "static",
      "final_cycle_seq": 5,
      "final_update_id": "ed990f2e-c39e-4d2c-9f52-894215c77d17",
      "generation": 1,
      "hard_crash_gap_tokens_upper_bound": 0,
      "stable_contributor_key": "learner_000",
      "state": "acked"
    },
    {
      "acknowledged_at": 1786358155.3152792,
      "acknowledged_by_epoch": 1,
      "close_data_cursor": 300,
      "close_last_cycle_seq": 15,
      "fence_json": "{\"attempt_id\":\"attempt-7bacbf30-8f86-4459-91b9-489c0f5bb82e\",\"binding_generation\":1,\"kind\":\"static\",\"learner_id\":\"learner_001\",\"logical_launch_id\":\"allocation-2519935-learner_001\"}",
      "fence_kind": "static",
      "final_cycle_seq": 15,
      "final_update_id": "ba5b9664-2ab8-4a88-ba2e-13e9f77f7d1c",
      "generation": 1,
      "hard_crash_gap_tokens_upper_bound": 0,
      "stable_contributor_key": "learner_001",
      "state": "acked"
    },
    {
      "acknowledged_at": 1786358155.322862,
      "acknowledged_by_epoch": 1,
      "close_data_cursor": 280,
      "close_last_cycle_seq": 14,
      "fence_json": "{\"attempt_id\":\"attempt-5390820a-b9dc-49b5-9e32-18e8b5d3cc84\",\"binding_generation\":1,\"kind\":\"static\",\"learner_id\":\"learner_002\",\"logical_launch_id\":\"allocation-2519935-learner_002\"}",
      "fence_kind": "static",
      "final_cycle_seq": 14,
      "final_update_id": "b884b738-2ebb-4d7d-a1b5-73bcc60b023e",
      "generation": 1,
      "hard_crash_gap_tokens_upper_bound": 0,
      "stable_contributor_key": "learner_002",
      "state": "acked"
    },
    {
      "acknowledged_at": 1786358155.3302448,
      "acknowledged_by_epoch": 1,
      "close_data_cursor": 280,
      "close_last_cycle_seq": 14,
      "fence_json": "{\"attempt_id\":\"attempt-36703223-7648-4cb7-9ef5-58acc89c9ecb\",\"binding_generation\":1,\"kind\":\"static\",\"learner_id\":\"learner_003\",\"logical_launch_id\":\"allocation-2519935-learner_003\"}",
      "fence_kind": "static",
      "final_cycle_seq": 14,
      "final_update_id": "a8f61583-f393-48f8-a26f-43ea649ac417",
      "generation": 1,
      "hard_crash_gap_tokens_upper_bound": 0,
      "stable_contributor_key": "learner_003",
      "state": "acked"
    }
  ],
  "token_ledger": {
    "adjudicated_processed": 15360,
    "carried_ancestry": 0,
    "direct_applied": 5120,
    "direct_dropped": 10240,
    "direct_outstanding": 0,
    "direct_quarantined_or_conflicted": 0,
    "direct_reported_unpublished": 0,
    "hard_crash_gap_tokens_upper_bound": 0,
    "local_discarded": 0
  }
}
PASS
