[0m
> plan · minimax-m3
[0m
[0m$ [0mls -la
total 28
dr-xr-x--- 10 x10041 xg24i002  225 Aug 10 21:58 .
drwx------  7 x10041 xg24i002  176 Aug 10 21:58 ..
-r--r-----  1 x10041 xg24i002 5399 Aug 10 21:55 AGENTS.md
dr-xr-x---  2 x10041 xg24i002  110 Aug 10 21:55 configs
dr-xr-x---  2 x10041 xg24i002  103 Aug 10 21:55 docs
dr-xr-x---  9 x10041 xg24i002  168 Aug 10 21:55 fs_diloco
-r--r-----  1 x10041 xg24i002  460 Aug 10 21:55 .gitignore
dr-xr-x---  6 x10041 xg24i002  202 Aug 10 21:55 plans
-r--r-----  1 x10041 xg24i002 1302 Aug 10 21:55 pyproject.toml
-r--r-----  1 x10041 xg24i002    5 Aug 10 21:55 .python-version
-r--r-----  1 x10041 xg24i002 2339 Aug 10 21:55 README.md
dr-xr-x---  5 x10041 xg24i002   53 Aug 10 21:55 reports
dr-xr-x---  2 x10041 xg24i002   71 Aug 10 21:58 .review-packet
dr-xr-x---  3 x10041 xg24i002   20 Aug 10 21:55 scripts
dr-xr-x---  9 x10041 xg24i002 4096 Aug 10 21:55 tests
[0m
[0m$ [0mls -la .review-packet/
total 392
dr-xr-x---  2 x10041 xg24i002     71 Aug 10 21:58 .
dr-xr-x--- 10 x10041 xg24i002    225 Aug 10 21:58 ..
-r--r-----  1 x10041 xg24i002   3368 Aug 10 21:58 changed-files.txt
-r--r-----  1 x10041 xg24i002   3420 Aug 10 21:58 diff-stat.txt
-r--r-----  1 x10041 xg24i002 390484 Aug 10 21:58 target.diff
[0m
[0m→ [0mRead .review-packet/changed-files.txt
[0m→ [0mRead .review-packet/diff-stat.txt
[0m→ [0mRead .review-packet/target.diff[90m [limit=200][0m
[0m→ [0mRead .review-packet/target.diff[90m [offset=200, limit=400][0m
[0m
[0m$ [0mwc -l /tmp/2520922.7876/fsdiloco-review.2520922.u8Ncni/repository-minimax/.review-packet/target.diff
4730 /tmp/2520922.7876/fsdiloco-review.2520922.u8Ncni/repository-minimax/.review-packet/target.diff
[0m
[0m→ [0mRead reports/DOING/code_review/plan03-1/critical-current-fs-diloco/finding-dispositions_4ebee6339fb76f63127874c655d7b109b2ec0b39.md
[0m→ [0mRead plans/DOING/plans/plan03-1.md
[0m→ [0mRead .review-packet/target.diff[90m [offset=600, limit=400][0m
[0m→ [0mRead .review-packet/target.diff[90m [offset=946, limit=400][0m
[0m→ [0mRead .review-packet/target.diff[90m [offset=1346, limit=400][0m
[0m→ [0mRead .review-packet/target.diff[90m [offset=1700, limit=600][0m
[0m→ [0mRead .review-packet/target.diff[90m [offset=2300, limit=600][0m
[0m→ [0mRead fs_diloco/core/config.py
[0m→ [0mRead fs_diloco/runtime/syncer.py[90m [offset=800, limit=200][0m
[0m→ [0mRead fs_diloco/runtime/syncer_entrypoint.py
[0m→ [0mRead tests/runtime/test_syncer_startup_admission.py
[0m→ [0mRead tests/runtime/test_syncer_composition.py
[0m→ [0mRead tests/test_config.py
[0m→ [0mRead fs_diloco/storage/schema.sql[90m [limit=100][0m
[0m✱ [0mGrep "final_state.*IN.*'terminal'|'terminal'.*final_state|final_state.*=.*'terminal'"[90m in fs_diloco/storage · 0 matches[0m
[0m✱ [0mGrep "terminal"[90m in fs_diloco/storage/schema.sql · 100 matches[0m
[0m✱ [0mGrep "final_state"[90m in fs_diloco/storage/authority.py · 6 matches[0m
[0m→ [0mRead configs/full_protocol_functional.yaml
[0m→ [0mRead configs/full_protocol_static.yaml
[0m→ [0mRead fs_diloco/protocol/__init__.py
[0m
[0m$ [0mls /tmp/2520922.7876/fsdiloco-review.2520922.u8Ncni/repository-minimax/fs_diloco/
core
__init__.py
learner.py
modeling
observability
protocol
runtime
storage
syncer.py
tools
[0m
[0m→ [0mRead fs_diloco/syncer.py
[0m→ [0mRead fs_diloco/learner.py
[0m→ [0mRead pyproject.toml
[0m→ [0mRead tests/architecture/test_plan_complete_dead_surfaces.py
[0m✱ [0mGrep "CycleReceiptV1|FullUpdateProposalV2|V[0-9]"[90m in fs_diloco · 41 matches[0m
[0m→ [0mRead scripts/miyabi/run_full_protocol.pbs
[0m→ [0mRead scripts/miyabi/run_full_protocol_rank.sh
[0m→ [0mRead scripts/miyabi/run_full_protocol_allocation.sh
[0m✱ [0mGrep "syncer_takeover_boundary|SYNCER_TAKEOVER_BOUNDARY|fault-boundary|fault_boundary"[90m in scripts/miyabi/check_full_protocol_run.py · 14 matches[0m
[0m→ [0mRead scripts/miyabi/check_full_protocol_run.py[90m [offset=820, limit=100][0m
[0m→ [0mRead scripts/miyabi/check_full_protocol_run.py[90m [offset=620, limit=100][0m
[0m✱ [0mGrep "syncer_epochs.*2|syncer_epoch_count.*2|expected_replaced|replacement_learner.*learner_000|second.*leader|two.*epoch"[90m in tests/harness/test_full_protocol_harness.py · 0 matches[0m
[0m
[0m$ [0mls /tmp/2520922.7876/fsdiloco-review.2520922.u8Ncni/repository-minimax/tests/harness/
test_full_protocol_harness.py
test_plan_completion.py
test_validation_suite.py
[0m
[0m✱ [0mGrep "test_"[90m in tests/harness/test_full_protocol_harness.py · 34 matches[0m
[0m→ [0mRead tests/harness/test_full_protocol_harness.py[90m [offset=421, limit=100][0m
[0m
[0m$ [0mgit -C /tmp/2520922.7876/fsdiloco-review.2520922.u8Ncni/repository-minimax status 2>&1 | head -3 || echo "not a git repo"
fatal: not a git repository (or any parent up to mount point /)
Stopping at filesystem boundary (GIT_DISCOVERY_ACROSS_FILESYSTEM not set).
[0m
[0m✱ [0mGrep "last_update_id|ContributorResumeState"[90m in fs_diloco/protocol/data_cursor.py · 12 matches[0m
[0m✱ [0mGrep "V[0-9]+$|class.*V[0-9]|versioned_wire_types"[90m in tests/architecture/test_plan_complete_dead_surfaces.py · 3 matches[0m
[0m✱ [0mGrep "_admit_requests|_ingest_proposals|test_"[90m in tests/runtime/test_syncer_composition.py · 47 matches[0m
[0m→ [0mRead tests/runtime/test_syncer_composition.py[90m [offset=47, limit=50][0m
[0m→ [0mRead scripts/miyabi/run_validation_suite.py
[0m→ [0mRead reports/DOING/plan03-1/identity-authority.md
[0m→ [0mRead reports/DOING/plan03-1/artifact-schema.md
[0m→ [0mRead reports/DOING/plan03-1/formal-ladder-manifest.json
[0m→ [0mRead tests/harness/test_full_protocol_harness.py[90m [offset=1, limit=80][0m
[0m→ [0mRead tests/harness/test_full_protocol_harness.py[90m [offset=80, limit=220][0m
[0m→ [0mRead tests/test_config.py[90m [limit=25][0m
[0m✱ [0mGrep "SYNCER_TAKEOVER_BOUNDARY_VERSION"[90m in scripts/miyabi · 6 matches[0m
[0m✱ [0mGrep "SIGSTOP|SIGCONT|kill -STOP|fault_boundary.*committed_version|concurrent"[90m in scripts/miyabi/run_full_protocol_rank.sh · 0 matches[0m
[0m
[0m$ [0mgrep -n "SIGSTOP\|SIGCONT\|kill -STOP\|kill -CONT" /tmp/2520922.7876/fsdiloco-review.2520922.u8Ncni/repository-minimax/scripts/miyabi/run_full_protocol_rank.sh || echo "no SIGSTOP/SIGCONT in rank script"
no SIGSTOP/SIGCONT in rank script
[0m
[0m→ [0mRead fs_diloco/runtime/syncer.py[90m [offset=820, limit=50][0m
[0m
[0m$ [0mls /tmp/2520922.7876/fsdiloco-review.2520922.u8Ncni/repository-minimax/fs_diloco/cli.py 2>&1 || echo "cli.py deleted"
ls: cannot access '/tmp/2520922.7876/fsdiloco-review.2520922.u8Ncni/repository-minimax/fs_diloco/cli.py': No such file or directory
cli.py deleted
[0m
[0m$ [0mgrep -n "fs-diloco" /tmp/2520922.7876/fsdiloco-review.2520922.u8Ncni/repository-minimax/pyproject.toml || echo "no fs-diloco entries"
6:name = "fs-diloco-miyabi"
[0m
[0m$ [0mls /tmp/2520922.7876/fsdiloco-review.2520922.u8Ncni/repository-minimax/tests/test_cli.py 2>&1 || echo "test_cli.py deleted"
ls: cannot access '/tmp/2520922.7876/fsdiloco-review.2520922.u8Ncni/repository-minimax/tests/test_cli.py': No such file or directory
test_cli.py deleted
[0m
[0m$ [0mgrep -n "requires-python\|target-version\|\.python-version" /tmp/2520922.7876/fsdiloco-review.2520922.u8Ncni/repository-minimax/pyproject.toml; echo ---; cat /tmp/2520922.7876/fsdiloco-review.2520922.u8Ncni/repository-minimax/.python-version
10:requires-python = ">=3.13"
29:target-version = "py313"
---
3.13
[0m
[0m$ [0mgrep -n "RunSection\|ModelSection\|DataSection\|name: str =" /tmp/2520922.7876/fsdiloco-review.2520922.u8Ncni/repository-minimax/fs_diloco/core/config.py | head -20
97:class RunSection(ConfigSection):
98:    name: str = "full_protocol"
107:class ModelSection(ConfigSection):
119:class DataSection(ConfigSection):
120:    dataset_name: str = "synthetic"
206:    name: str = "adamw"
219:    name: str = "nesterov"
269:    run: RunSection = field(default_factory=RunSection)
270:    model: ModelSection = field(default_factory=ModelSection)
271:    data: DataSection = field(default_factory=DataSection)
[0m
[0m→ [0mRead fs_diloco/runtime/syncer_entrypoint.py[90m [offset=240, limit=25][0m
[0m✱ [0mGrep "last_update_id"[90m in fs_diloco/runtime/learner.py · 5 matches[0m
[0m✱ [0mGrep "last_update_id|final_update_id"[90m in tests/runtime/test_terminal_service.py · 1 match[0m
[0m→ [0mRead tests/runtime/test_terminal_service.py[90m [offset=180, limit=60][0m
[0m→ [0mRead tests/architecture/test_plan_complete_dead_surfaces.py[90m [offset=90, limit=50][0m
[0m
[0m$ [0mgrep -rn "fs_diloco.learner\|fs_diloco.syncer\|fs_diloco.cli" /tmp/2520922.7876/fsdiloco-review.2520922.u8Ncni/repository-minimax/scripts/miyabi /tmp/2520922.7876/fsdiloco-review.2520922.u8Ncni/repository-minimax/docs /tmp/2520922.7876/fsdiloco-review.2520922.u8Ncni/repository-minimax/configs 2>&1 | head -20
/tmp/2520922.7876/fsdiloco-review.2520922.u8Ncni/repository-minimax/scripts/miyabi/run_full_protocol_rank.sh:26:    "$PYTHON_BIN" -m fs_diloco.learner
/tmp/2520922.7876/fsdiloco-review.2520922.u8Ncni/repository-minimax/scripts/miyabi/run_full_protocol_rank.sh:162:  "$PYTHON_BIN" -m fs_diloco.syncer
/tmp/2520922.7876/fsdiloco-review.2520922.u8Ncni/repository-minimax/scripts/miyabi/run_learner.pbs:44:exec "$PYTHON_BIN" -m fs_diloco.learner \
/tmp/2520922.7876/fsdiloco-review.2520922.u8Ncni/repository-minimax/scripts/miyabi/run_syncer.pbs:21:exec "$PYTHON_BIN" -m fs_diloco.syncer \
[0m
[0m→ [0mRead docs/configuration.md
[0m→ [0mRead docs/design.md
[0m→ [0mRead docs/operations.md
[0m✗ [0mGrep "FAULT-4L1S-01|dynamic|FAULT" failed[90m in reports/DOING/plan03-1/identity-authority.md[0m
[91m[1mError: [0mRipgrep JSON record exceeded 65536 bytes
[0m✱ [0mGrep "dynamic membership"[90m in reports/DOING/plan03-1/identity-authority.md · 1 match[0m
[0m✱ [0mGrep "Dynamic membership remains|FAULT-4L1S-01"[90m in reports/DOING/plan03-1/identity-authority.md · 13 matches[0m
[0m→ [0mRead reports/DOING/plan03-1/requirement-matrix.csv
[0m→ [0mRead tests/architecture/test_plan_complete_dead_surfaces.py[90m [offset=155, limit=50][0m
[0m→ [0mRead fs_diloco/core/versions.py
[0m→ [0mRead tests/tools/test_resolve_scheduler_uncertainty.py
[0m✱ [0mGrep "final_state.*IN"[90m in tests/storage/test_schema.py · 0 matches[0m
[0m✱ [0mGrep "terminal|released|expired|error"[90m in tests/storage/test_schema.py · 100 matches[0m
[0m→ [0mRead tests/storage/test_schema.py[90m [offset=50, limit=75][0m
[0m✱ [0mGrep "minimax-m3|kimi-k3"[90m in plans/workflow.md · 2 matches[0m
[0m✱ [0mGrep "OPENCODE_MINIMAX|OPENCODE_KIMI"[90m in plans/workflow.md · 1 match[0m
[0m✱ [0mGrep "OPENCODE_MINIMAX_MODEL|minimax-m3|OPENCODE_KIMI_MODEL"[90m in scripts/miyabi/run_multi_agent_review.pbs · 4 matches[0m
[0m✱ [0mGrep "minimax-m3|kimi-k3"[90m in scripts/miyabi/run_multi_agent_review.pbs · 3 matches[0m
[0m→ [0mRead scripts/miyabi/run_multi_agent_review.pbs[90m [offset=485, limit=30][0m
[0m→ [0mRead scripts/miyabi/run_multi_agent_review.pbs[90m [offset=60, limit=15][0m
[0m→ [0mRead scripts/miyabi/run_multi_agent_review.pbs[90m [offset=520, limit=10][0m
[0m→ [0mRead reports/DOING/plan03-1/plan-complete-remediation.md
[0m→ [0mRead reports/DOING/plan03-1/workflow_state.yaml
[0m
[0m$ [0mls /tmp/2520922.7876/fsdiloco-review.2520922.u8Ncni/repository-minimax/reports/DOING/plan03-1/artifacts/
20260810-183244_p2-phase-remediation-validation_pass.json
20260810-183244_p2-phase-remediation-validation_pass.log
20260810-190552_p3-functional-normal_pass.json
20260810-190552_p3-functional-normal_pbs.log
20260810-191842_p3-functional-normal_pbs.log
20260810-191842_p3-functional-normal_result.json
20260810-192000_p3-checker-remediation-validation.json
20260810-192000_p3-checker-remediation-validation.log
20260810-192006_p3-learner-replacement_pbs.log
20260810-192006_p3-learner-replacement_result.json
20260810-193100_p3-terminal-total-validation.json
20260810-193100_p3-terminal-total-validation.log
20260810-193300_p3-functional-normal_pbs.log
20260810-193300_p3-functional-normal_result.json
20260810-193500_p3-learner-replacement_pbs.log
20260810-193500_p3-learner-replacement_result.json
20260810-193700_p3-syncer-takeover_pbs.log
20260810-193700_p3-syncer-takeover_result.json
20260810-203000_p4-candidate-validation.json
20260810-203000_p4-candidate-validation.log
20260810-203000_p4-candidate-validation.log.focused-pytest.junit.xml
20260810-203000_p4-candidate-validation.log.full-pytest.junit.xml
20260810-205900_p4-preformal-remediation-validation.json
20260810-205900_p4-preformal-remediation-validation.log
20260810-205900_p4-preformal-remediation-validation.log.focused-pytest.junit.xml
20260810-205900_p4-preformal-remediation-validation.log.full-pytest.junit.xml
20260810-211104_p4-preliminary-9node-overbaseline_pbs.log
20260810-211104_p4-preliminary-9node-overbaseline_result.json
[0m
[0m$ [0mls /tmp/2520922.7876/fsdiloco-review.2520922.u8Ncni/repository-minimax/reports/DOING/plan03-1/
artifacts
artifact-schema.md
code_review.md
failures.md
formal-ladder-manifest.json
identity-authority.md
inventory.md
p3-functional-fault-manifest.json
plan-complete-remediation.md
progress.md
requirement-matrix.csv
test-ladder.md
workflow_state.yaml
[0m
[0m→ [0mRead reports/DOING/plan03-1/code_review.md
[0m✱ [0mGrep "owner_short|hashlib.*sha256.*encode"[90m in scripts/miyabi/check_full_protocol_run.py · 0 matches[0m
[0m✱ [0mGrep "owner_id|epoch.*owner|epoch_stop"[90m in scripts/miyabi/check_full_protocol_run.py · 6 matches[0m
[0m→ [0mRead scripts/miyabi/check_full_protocol_run.py[90m [offset=593, limit=15][0m
[0m→ [0mRead reports/DOING/plan03-1/progress.md[90m [limit=100][0m
[0m
[0m$ [0mgrep -n "2026-08-10T21:30\|2026-08-10T22\|remediation.*current" /tmp/2520922.7876/fsdiloco-review.2520922.u8Ncni/repository-minimax/reports/DOING/plan03-1/progress.md | head -20
358:- P2-F1 remediation replaces group-level coverage claims with 81 exact current
963:## 2026-08-10T21:30:00+09:00 — PLAN_REMEDIATION from current-review audit
[0m
[0m→ [0mRead reports/DOING/plan03-1/progress.md[90m [offset=963, limit=50][0m
[0m→ [0mRead tests/harness/test_full_protocol_harness.py[90m [offset=375, limit=50][0m
[0m✱ [0mGrep "test_aggregate_checker_unregistered|test_unregistered_replacement|test_unregistered"[90m in tests/harness/test_full_protocol_harness.py · 0 matches[0m
[0m✱ [0mGrep ""unregistered_replacement"|"unregistered_takeover"|unregistered_replacement_gene"[90m in tests/harness/test_full_protocol_harness.py · 2 matches[0m
[0m→ [0mRead tests/harness/test_full_protocol_harness.py[90m [offset=505, limit=80][0m
[0m→ [0mRead tests/harness/test_full_protocol_harness.py[90m [offset=600, limit=60][0m
[0m✱ [0mGrep "last_update_id"[90m in tests · 13 matches[0m
[0m→ [0mRead tests/storage/test_authority_operational.py[90m [offset=460, limit=60][0m
[0m✱ [0mGrep "last_update_id|final_update_id"[90m in tests/storage/test_static_contributor_binding.py · 21 matches[0m
[0m✱ [0mGrep "bind_or_replace_static_attempt|last_update_id.*static"[90m in tests/storage/test_static_contributor_binding.py · 26 matches[0m
[0m✱ [0mGrep "StaticAdmissionResponse|last_update_id|static.*resume"[90m in fs_diloco/storage/admission.py · 10 matches[0m
[0m✱ [0mGrep "epoch_stop_path|owner_short"[90m in tests · 2 matches[0m
