Currently Loaded Modulefiles:
 1) nvidia/25.9(default)   2) nv-hpcx/25.9

Key:
(symbolic-version)
mg0002
PBS_JOBID=2508334.opbs
python=3.13.13
platform=Linux-5.14.0-427.13.1.el9_4.aarch64+64k-aarch64-with-glibc2.34
pytest=9.1.1
torch=2.13.0+cu132
{
  "artifact_version": 1,
  "counts": {
    "bound_mutators": 42,
    "config_files": 40,
    "fragment_enabled_configs": 8,
    "fragment_pbs": 5,
    "pbs_files": 37,
    "schema_files": 1,
    "source_files": 71,
    "test_files": 58,
    "torch_baseline_configs": 4,
    "torch_baseline_pbs": 2,
    "torch_baseline_tests": 3
  },
  "differences": [],
  "inventory": {
    "bound_mutators": [
      "admit_registration",
      "advance_dynamic_drain",
      "authorize_placement_replacement",
      "begin_dynamic_drain",
      "claim_gc_candidate",
      "claim_ready_gc_candidates",
      "clear_gc_pending_paths",
      "commit_full_merge",
      "complete_gc_candidate",
      "delete_archived_dynamic_history",
      "delete_archived_ha_history",
      "delete_archived_rows",
      "drop_ineligible_updates",
      "drop_obsolete_updates",
      "drop_superseded_updates",
      "drop_updates",
      "expedite_terminal_gc_candidates",
      "finalize_terminal_state",
      "finalize_unconsumed_updates",
      "initialize_dynamic_membership",
      "initialize_full_run",
      "insert_update_metadata",
      "mark_updates_applied",
      "mark_updates_selected",
      "prepare_full_resume",
      "record_capacity_observation",
      "record_control_publication",
      "record_external_launch_jobs",
      "record_starvation_capacity_observation",
      "register_orphan_gc_candidate",
      "reject_registration",
      "reset_all_selected_to_pending",
      "reset_selected_to_pending",
      "revoke_dead_instances",
      "set_controller_state",
      "set_run_state",
      "update_instance_heartbeat",
      "update_instance_heartbeats",
      "update_launch_request",
      "update_learner_status",
      "upsert_global_version",
      "upsert_learner"
    ],
    "configs_recursive": [
      "configs/5000/fs_diloco_gpt2_wikitext2_8l_200x25steps.yaml",
      "configs/fs_diloco_gpt2_wikitext2_1l_debug.yaml",
      "configs/fs_diloco_gpt2_wikitext2_1l_fragment_debug.yaml",
      "configs/fs_diloco_gpt2_wikitext2_1l_rebase_state_debug.yaml",
      "configs/fs_diloco_gpt2_wikitext2_8l.yaml",
      "configs/fs_diloco_gpt2_wikitext2_8l_5000steps.yaml",
      "configs/fs_diloco_gpt2_wikitext2_8l_5000steps_predict.yaml",
      "configs/fs_diloco_gpt2_wikitext2_8l_5000steps_predict_bf16all_cuda.yaml",
      "configs/fs_diloco_gpt2_wikitext2_8l_5000steps_rebase_bf16all_cuda.yaml",
      "configs/fs_diloco_gpt2_wikitext2_8l_5000steps_terminal_capture.yaml",
      "configs/fs_diloco_gpt2_wikitext2_8l_5000steps_wait2p5.yaml",
      "configs/fs_diloco_gpt2_wikitext2_8l_5000steps_wait2p5_predict.yaml",
      "configs/fs_diloco_gpt2_wikitext2_8l_acceptance.yaml",
      "configs/fs_diloco_gpt2_wikitext2_8l_fragment_5000steps.yaml",
      "configs/fs_diloco_gpt2_wikitext2_8l_fragment_50x10.yaml",
      "configs/fs_diloco_gpt2_wikitext2_8l_fragment_50x4.yaml",
      "configs/fs_diloco_gpt2_wikitext2_8l_no_fragment_50x10.yaml",
      "configs/fs_diloco_tiny_adaptive_global_stop.yaml",
      "configs/fs_diloco_tiny_fragment_local.yaml",
      "configs/fs_diloco_tiny_fragment_terminal_local.yaml",
      "configs/fs_diloco_tiny_ha_dynamic_2node.yaml",
      "configs/fs_diloco_tiny_ha_dynamic_acceptance.yaml",
      "configs/fs_diloco_tiny_ha_static.yaml",
      "configs/fs_diloco_tiny_ha_static_acceptance.yaml",
      "configs/fs_diloco_tiny_local.yaml",
      "configs/fs_diloco_tiny_midcycle_replace_local.yaml",
      "configs/fs_diloco_tiny_predict_bf16_gpu.yaml",
      "configs/fs_diloco_tiny_predict_local.yaml",
      "configs/fs_diloco_tiny_publish_ingest_local.yaml",
      "configs/fs_diloco_tiny_rebase_local.yaml",
      "configs/fs_diloco_tiny_scheduler_fragment_local.yaml",
      "configs/fs_diloco_tiny_scheduler_replace_local.yaml",
      "configs/fs_diloco_tiny_syncer_bf16_gpu.yaml",
      "configs/fs_diloco_tiny_wait_local.yaml",
      "configs/fs_diloco_tiny_watchdog_fragment_local.yaml",
      "configs/fs_diloco_tiny_watchdog_local.yaml",
      "configs/torch_baseline_gpt2_wikitext2_1rank_debug.yaml",
      "configs/torch_baseline_gpt2_wikitext2_2rank_debug.yaml",
      "configs/torch_baseline_gpt2_wikitext2_8n_5000steps.yaml",
      "configs/torch_baseline_tiny_2rank.yaml"
    ],
    "pbs": [
      "scripts/miyabi/run_1node_debug.pbs",
      "scripts/miyabi/run_1node_fragment_debug.pbs",
      "scripts/miyabi/run_1node_lm_eval.pbs",
      "scripts/miyabi/run_1node_validation_eval.pbs",
      "scripts/miyabi/run_2node_debug.pbs",
      "scripts/miyabi/run_2node_fragment_debug.pbs",
      "scripts/miyabi/run_2node_resume_regression.pbs",
      "scripts/miyabi/run_8node_colocated_gpt2_wikitext2_5000steps.pbs",
      "scripts/miyabi/run_8node_torch_ddp_gpt2_wikitext2_5000steps.pbs",
      "scripts/miyabi/run_8node_torch_periodic_average_gpt2_wikitext2_5000steps.pbs",
      "scripts/miyabi/run_9node_fragment_gpt2_wikitext2_5000steps.pbs",
      "scripts/miyabi/run_9node_fragment_gpt2_wikitext2_50x10.pbs",
      "scripts/miyabi/run_9node_fragment_gpt2_wikitext2_50x4.pbs",
      "scripts/miyabi/run_9node_gpt2_wikitext2.pbs",
      "scripts/miyabi/run_9node_gpt2_wikitext2_5000steps.pbs",
      "scripts/miyabi/run_9node_no_fragment_gpt2_wikitext2_50x10.pbs",
      "scripts/miyabi/run_dynamic_learner.pbs",
      "scripts/miyabi/run_plan01_regression.pbs",
      "scripts/miyabi/run_plan02_capability_child.pbs",
      "scripts/miyabi/run_plan02_phase0_feasibility.pbs",
      "scripts/miyabi/run_plan02_phase0_tests.pbs",
      "scripts/miyabi/run_plan02_phase1_acceptance_launcher.pbs",
      "scripts/miyabi/run_plan02_phase1_checker.pbs",
      "scripts/miyabi/run_plan02_phase1_faults.pbs",
      "scripts/miyabi/run_plan02_phase1_lock.pbs",
      "scripts/miyabi/run_plan02_phase1_matched_performance.pbs",
      "scripts/miyabi/run_plan02_phase1_smoke.pbs",
      "scripts/miyabi/run_plan02_phase1_tests.pbs",
      "scripts/miyabi/run_plan02_phase2_acceptance_launcher.pbs",
      "scripts/miyabi/run_plan02_phase2_chaos_checker.pbs",
      "scripts/miyabi/run_plan02_phase2_completed_checker.pbs",
      "scripts/miyabi/run_plan02_phase2_evidence_tests.pbs",
      "scripts/miyabi/run_plan02_phase2_matched_checker.pbs",
      "scripts/miyabi/run_plan02_phase2_matched_launcher.pbs",
      "scripts/miyabi/run_plan02_phase2_tests.pbs",
      "scripts/miyabi/run_static_learner.pbs",
      "scripts/miyabi/run_syncer_candidate.pbs"
    ],
    "schemas": [
      "fs_diloco/storage/schema.sql"
    ],
    "source": [
      "fs_diloco/__init__.py",
      "fs_diloco/analysis.py",
      "fs_diloco/baselines/__init__.py",
      "fs_diloco/baselines/artifacts.py",
      "fs_diloco/baselines/health.py",
      "fs_diloco/baselines/protocol.py",
      "fs_diloco/baselines/train.py",
      "fs_diloco/cli.py",
      "fs_diloco/core/__init__.py",
      "fs_diloco/core/config.py",
      "fs_diloco/core/constants.py",
      "fs_diloco/core/run_descriptor.py",
      "fs_diloco/eval_lm_harness.py",
      "fs_diloco/learner.py",
      "fs_diloco/modeling/__init__.py",
      "fs_diloco/modeling/hf_data.py",
      "fs_diloco/modeling/hf_model.py",
      "fs_diloco/modeling/outer_optim.py",
      "fs_diloco/modeling/param_index.py",
      "fs_diloco/observability/__init__.py",
      "fs_diloco/observability/logging_utils.py",
      "fs_diloco/observability/metrics.py",
      "fs_diloco/observability/phase1_performance.py",
      "fs_diloco/observability/resource_monitor.py",
      "fs_diloco/observability/wandb_logging.py",
      "fs_diloco/protocol/__init__.py",
      "fs_diloco/protocol/control_epoch.py",
      "fs_diloco/protocol/dynamic_terminal.py",
      "fs_diloco/protocol/fragment_codec.py",
      "fs_diloco/protocol/fragment_index.py",
      "fs_diloco/protocol/fragment_scheduler.py",
      "fs_diloco/protocol/liveness.py",
      "fs_diloco/protocol/membership.py",
      "fs_diloco/protocol/merge.py",
      "fs_diloco/runtime/__init__.py",
      "fs_diloco/runtime/adoption.py",
      "fs_diloco/runtime/failure_sim.py",
      "fs_diloco/runtime/launch_outbox.py",
      "fs_diloco/runtime/learner.py",
      "fs_diloco/runtime/pbs_scheduler.py",
      "fs_diloco/runtime/syncer.py",
      "fs_diloco/runtime/syncer_ha.py",
      "fs_diloco/storage/__init__.py",
      "fs_diloco/storage/atomic_io.py",
      "fs_diloco/storage/fenced_store.py",
      "fs_diloco/storage/leader_lease.py",
      "fs_diloco/storage/maintenance.py",
      "fs_diloco/storage/paths.py",
      "fs_diloco/storage/schema.sql",
      "fs_diloco/storage/schema_bootstrap.py",
      "fs_diloco/storage/sqlite_store.py",
      "fs_diloco/storage/tensor_codec.py",
      "fs_diloco/syncer.py",
      "fs_diloco/tools/__init__.py",
      "fs_diloco/tools/analysis.py",
      "fs_diloco/tools/clean_run.py",
      "fs_diloco/tools/compare_event_traces.py",
      "fs_diloco/tools/eval_lm_harness.py",
      "fs_diloco/tools/init_run.py",
      "fs_diloco/tools/launch_independent_run.py",
      "fs_diloco/tools/launch_phase1_acceptance.py",
      "fs_diloco/tools/launch_phase2_acceptance.py",
      "fs_diloco/tools/launch_phase2_matched.py",
      "fs_diloco/tools/phase1_matched_performance.py",
      "fs_diloco/tools/phase2_chaos_evidence.py",
      "fs_diloco/tools/phase2_matched_evidence.py",
      "fs_diloco/tools/phase2_test_evidence.py",
      "fs_diloco/tools/publish_quality_gate.py",
      "fs_diloco/tools/request_dynamic_close.py",
      "fs_diloco/tools/run_metrics_csv.py",
      "fs_diloco/tools/validation_eval.py"
    ],
    "tests": [
      "tests/test_adoption_strategy.py",
      "tests/test_adoption_telemetry.py",
      "tests/test_atomic_io.py",
      "tests/test_bounded_1000_cycles.py",
      "tests/test_capture_source_identity.py",
      "tests/test_clean_run.py",
      "tests/test_compare_event_traces.py",
      "tests/test_config.py",
      "tests/test_data_shuffle.py",
      "tests/test_fragment_analysis.py",
      "tests/test_fragment_codec.py",
      "tests/test_fragment_final_wait.py",
      "tests/test_fragment_index.py",
      "tests/test_fragment_latest_retry.py",
      "tests/test_fragment_materialization.py",
      "tests/test_fragment_merge.py",
      "tests/test_fragment_pipeline_smoke.py",
      "tests/test_fragment_pointer_discovery.py",
      "tests/test_fragment_scheduler.py",
      "tests/test_fragment_store.py",
      "tests/test_inner_scheduler.py",
      "tests/test_interval_telemetry.py",
      "tests/test_latest_load_retry.py",
      "tests/test_learner_completion.py",
      "tests/test_learner_rebase.py",
      "tests/test_liveness.py",
      "tests/test_merge.py",
      "tests/test_midcycle_adoption_metadata.py",
      "tests/test_outer_optim.py",
      "tests/test_parallel_publication.py",
      "tests/test_param_index_roundtrip.py",
      "tests/test_plan01_checker.py",
      "tests/test_plan02_feasibility.py",
      "tests/test_plan02_phase1_ha.py",
      "tests/test_plan02_phase2_dynamic.py",
      "tests/test_plan02_phase2_review_remediation.py",
      "tests/test_publish_quality_gate.py",
      "tests/test_resource_monitor.py",
      "tests/test_resume.py",
      "tests/test_retention.py",
      "tests/test_run_metrics_csv.py",
      "tests/test_shared_runtime_primitives.py",
      "tests/test_source_identity.py",
      "tests/test_sqlite_probe.py",
      "tests/test_sqlite_store.py",
      "tests/test_staleness_evidence.py",
      "tests/test_syncer_resource_cost.py",
      "tests/test_syncer_runtime.py",
      "tests/test_syncer_selection.py",
      "tests/test_tensor_codec.py",
      "tests/test_terminal_predecessor_capture.py",
      "tests/test_terminal_state_machine.py",
      "tests/test_torch_baseline_artifacts_and_data.py",
      "tests/test_torch_baseline_health.py",
      "tests/test_torch_baseline_protocol.py",
      "tests/test_validation_eval.py",
      "tests/test_validation_submitter.py",
      "tests/test_wandb_logging.py"
    ]
  },
  "manifest_sha256": {
    "configs/5000/fs_diloco_gpt2_wikitext2_8l_200x25steps.yaml": "c5c2c55947bf51aa394315d72af1e2934b120d7c10c1acd6190220947674bb7e",
    "configs/fs_diloco_gpt2_wikitext2_1l_debug.yaml": "a58f67bdf43a5ede5c9311d9a534111678623e6f7ddf59a26898885ee04b420c",
    "configs/fs_diloco_gpt2_wikitext2_1l_fragment_debug.yaml": "930aaf976b614f15b08ed8a23dc0ed4b54da32485694cee6f36262a9c08b414d",
    "configs/fs_diloco_gpt2_wikitext2_1l_rebase_state_debug.yaml": "0e5b4f9b15b24e3468efd48259157623fdc963ed228a64ec9364259976681e8f",
    "configs/fs_diloco_gpt2_wikitext2_8l.yaml": "756def01f71bc50524f8b759111bf9bb1c88de73be9377614cd2a5592835eb0f",
    "configs/fs_diloco_gpt2_wikitext2_8l_5000steps.yaml": "b3af36c7835d1d181185d16ac172a00a120d88be601822d330c6758dc28a64c3",
    "configs/fs_diloco_gpt2_wikitext2_8l_5000steps_predict.yaml": "2a23210a453cfa8be7ec78ff510318a23f86469152e04b279dc345c6cfeec5cc",
    "configs/fs_diloco_gpt2_wikitext2_8l_5000steps_predict_bf16all_cuda.yaml": "4e8b41543cd60b8565b6154aa3c6044ba4035ddf026db89c62d9c898096aadc2",
    "configs/fs_diloco_gpt2_wikitext2_8l_5000steps_rebase_bf16all_cuda.yaml": "1d67c8224252150759c99825afc09546e6cd2fa6e7fd8d41e8d224c002e70568",
    "configs/fs_diloco_gpt2_wikitext2_8l_5000steps_terminal_capture.yaml": "662900020802dd113262930bb2e603e9b1e4084802973d453c207df0a1a7e7ac",
    "configs/fs_diloco_gpt2_wikitext2_8l_5000steps_wait2p5.yaml": "801926e2a5afbbc3bb673a26869479058a0dae1d770fa898d88bbd4f31e1d30e",
    "configs/fs_diloco_gpt2_wikitext2_8l_5000steps_wait2p5_predict.yaml": "17a6bb09cc764810bd58e29f46a001a628f7c3e2c0a633dc0b07e6248ae94f6a",
    "configs/fs_diloco_gpt2_wikitext2_8l_acceptance.yaml": "b757931063c5c1b129ff3e004bf84cb9c190b5e94ac9f1410327c866fd97defc",
    "configs/fs_diloco_gpt2_wikitext2_8l_fragment_5000steps.yaml": "1d17bd3f79850798ffdcfd09904c6eb00b7361767374b4bc7a7380570cbc72b3",
    "configs/fs_diloco_gpt2_wikitext2_8l_fragment_50x10.yaml": "37f4ad7faa166bde7013f360fcdd62c52073e57213e2106d391bc254e7cd4feb",
    "configs/fs_diloco_gpt2_wikitext2_8l_fragment_50x4.yaml": "eb8587b9769620e1f25b7513eb45b754d195605bf71f4faf9df67eedc53411ad",
    "configs/fs_diloco_gpt2_wikitext2_8l_no_fragment_50x10.yaml": "83ad39d844c7aae3e6bbbf95a694a3c9d48c29d0cff72a6bc33aa96bad644339",
    "configs/fs_diloco_tiny_adaptive_global_stop.yaml": "aeac96428b7a5a2a3491ca0e6b195c3f6179857f18763665198103162dca84d3",
    "configs/fs_diloco_tiny_fragment_local.yaml": "001226e74eb5d7b83fb7613d0008f0d18630359b299df2eaa02091bffe314ec6",
    "configs/fs_diloco_tiny_fragment_terminal_local.yaml": "c02ab298c2639ee16d090ae84d32685fa04230456e53714a80eca4bdbb966a37",
    "configs/fs_diloco_tiny_ha_dynamic_2node.yaml": "df7231fb7f676d5fa83423d9bc986e4e936ee9ef918a1e817f9e39f8af417e5c",
    "configs/fs_diloco_tiny_ha_dynamic_acceptance.yaml": "75adf2492faef51dc6cdcd135d3f144981c1dd43e34b5b682c6fda6fd3fc62b0",
    "configs/fs_diloco_tiny_ha_static.yaml": "adc37b2b816ffbb829401ac6f7e0ce4c053c2d3ebb8147b8bce5838240831bba",
    "configs/fs_diloco_tiny_ha_static_acceptance.yaml": "4574e3ca6a7678a97a7aa4ed09e8b4e5987c6771c6c5a54c88f9070c300b9f28",
    "configs/fs_diloco_tiny_local.yaml": "a0a193fcf4650e57e734eacb56331057ac0686379cfa6fbf7ed6d75016ace3fa",
    "configs/fs_diloco_tiny_midcycle_replace_local.yaml": "d487c5263173ec1b49825f09a523e5be924e357c889883203457367507073c5c",
    "configs/fs_diloco_tiny_predict_bf16_gpu.yaml": "b70b11e383df8b8481cdd044c768934c8699609e94f0e532305e0b832389ce37",
    "configs/fs_diloco_tiny_predict_local.yaml": "1592e4c25225a76ada2715cdb3a770dc58b2cee68a815432c12aefb845825437",
    "configs/fs_diloco_tiny_publish_ingest_local.yaml": "bb8d4e39b229d0efed0b8ac5c032632645dd6cd859a768c1ba7fcb02acb4cfd2",
    "configs/fs_diloco_tiny_rebase_local.yaml": "315d12bac49ddf44198b7c0355358d55b0d1a3ba0877d4f70dfeb7e2e71348f2",
    "configs/fs_diloco_tiny_scheduler_fragment_local.yaml": "1f46a1527f581a321ec4f3d9e3a7ea718f48becb0eab295b9f3c47599ec5f392",
    "configs/fs_diloco_tiny_scheduler_replace_local.yaml": "fbdd67b31126be47593e04217ff290f1df13df2f47d75f07c0b097761b03ac92",
    "configs/fs_diloco_tiny_syncer_bf16_gpu.yaml": "01ad009c570fb334925d9a0526e9bc7d0e41369399af9413537ee964a928e9bb",
    "configs/fs_diloco_tiny_wait_local.yaml": "68afea0698483937b038ce09a410cd3a82b8673d75ed5d22d0ddc1883039621e",
    "configs/fs_diloco_tiny_watchdog_fragment_local.yaml": "ce919c9109961815ec63cf572afd969f344ab51b2c9c9a27e9e4a6ad5f5173be",
    "configs/fs_diloco_tiny_watchdog_local.yaml": "18120e02c4965b4c2828d9bbda539616c0fdd3bb06cb1817c3659d9f0f54af24",
    "configs/torch_baseline_gpt2_wikitext2_1rank_debug.yaml": "05033f347ea7a83a5678dd3ff41ab0717a2aaaf85e292b73b69cb2e6ea951bb0",
    "configs/torch_baseline_gpt2_wikitext2_2rank_debug.yaml": "01e15a79e54cd21d45674aca151929d72f2f0212373d60a7f38f7c1348bddc1d",
    "configs/torch_baseline_gpt2_wikitext2_8n_5000steps.yaml": "5dc3f374fffe627cdf23ef3da6cc456cc20dcd9cec1c4baee656082be99887e6",
    "configs/torch_baseline_tiny_2rank.yaml": "79c174cab15f614f7594f6952ad3690832e434700d9a477f0ee70f196fe5185c",
    "fs_diloco/__init__.py": "de81b374df20f6690aba0226c051924f69a6fa206abd36b5fa3c6fb37d17dd7e",
    "fs_diloco/analysis.py": "5ff8dc4375b2aff600ac2c70fd70f3835964a6bed76b183183b566bcc5061925",
    "fs_diloco/baselines/__init__.py": "1595b0a53e251a2d6880370b489e84be79dbfd75b94ed8367e6e0896501166ad",
    "fs_diloco/baselines/artifacts.py": "f76cc7bbb20e29569126950cf060e9e8fd48b51a7204971fa11c3121d74503b0",
    "fs_diloco/baselines/health.py": "7eb14555813c7cd173ad9a98a777ed3640b681d67fcf0cd15aa698223e5ee2f7",
    "fs_diloco/baselines/protocol.py": "3583489762e366dcb7edf1cbb3ce013870b559134ab5ebd8f2f4facc0bf9dfd8",
    "fs_diloco/baselines/train.py": "8e291afa66e9b44ec281af9efad60a670eaf7bd8901b53741e907f4faefcd9d0",
    "fs_diloco/cli.py": "5686371035345d734e22b04c248a9b5cbaeae5d4d6f6c9ad5aafad678f42d293",
    "fs_diloco/core/__init__.py": "45253b8a4d3a42ce30942e47ea2bc27b4659771d3822e2ef1c2a28ece8b8c1b1",
    "fs_diloco/core/config.py": "c9d8a8c9357e150cb161c61fd5e95015e905d44938d818b41ded168e36ea415f",
    "fs_diloco/core/constants.py": "a58331a8689da2990e4db959fff9938f564993c00fb42c6fdfa42dda1b2e94bd",
    "fs_diloco/core/run_descriptor.py": "03dc7e16db05ab278c7050430280dac19726a6a67168d08d3fa26c22fa022979",
    "fs_diloco/eval_lm_harness.py": "385424162400ae3d96727819ae9bcee34a892b5d506b8d7b46d763d22fbc3ecb",
    "fs_diloco/learner.py": "19e2297ee33421fda9a9bbd655c0bf9a1d819385695cf9321c4df599efc859dd",
    "fs_diloco/modeling/__init__.py": "54d8e35d40904bed25e601d4f14f6aba808b541c71c7c38998ee88fd852a059a",
    "fs_diloco/modeling/hf_data.py": "0ba838c4c281a86367182fbaca03abcfde04cb3b5ac3308f8e7cf8afbe04e669",
    "fs_diloco/modeling/hf_model.py": "f7022145f76d95c25d0851cf15d674e98d9712d9fc93cdabe5466ff2f78b5aee",
    "fs_diloco/modeling/outer_optim.py": "e6f9806f2d5246a9373a6b8e1e1116eff6d307f64b0215d0c074dd40d0f2f658",
    "fs_diloco/modeling/param_index.py": "6cfb0784a9d5ea16c426117dceacfccb69ae27177edb787f28ec346e70bbd655",
    "fs_diloco/observability/__init__.py": "0858ddb49d1bdc76d269d44f6e3bdf3f6b9cdd6fe6656acbc83d8c2a2fd78ea5",
    "fs_diloco/observability/logging_utils.py": "bf9f2bfa9e96571e98e2e6559d03ecda569a10bf6e129d6d5fb46509943c9dd7",
    "fs_diloco/observability/metrics.py": "9cba12aa4891c6478cb5eb18126dc0763ae6bb6fb6e02f2d2cd8cebef14fbe57",
    "fs_diloco/observability/phase1_performance.py": "d509e647c191b33c9c4d4efd0c8636f5d2a09c092aa81bd657851c6ec83d0f3f",
    "fs_diloco/observability/resource_monitor.py": "8cf07b81e2365ed25260dd43d7dfea7144365460481620c086ef04ad0c46a368",
    "fs_diloco/observability/wandb_logging.py": "2684e8e10420929703f6520f855dcbe9664f6328d2a0c6e5ab1b1efc00fcded4",
    "fs_diloco/protocol/__init__.py": "02dd258a4e7869e4b7457817b5527294662c56d7b68fb716aeda5cc662d4e4c5",
    "fs_diloco/protocol/control_epoch.py": "1bd68622d9a88114a6acacbb34ceb599c5b25065154fb213847001136e636006",
    "fs_diloco/protocol/dynamic_terminal.py": "c1052cfd94dc5019cc5fd75b6206aa7479db90316a0e146bbe47752e6ba8562d",
    "fs_diloco/protocol/fragment_codec.py": "6ff268284d4c37c6415a5ef5d0ffec5ec354416f6bd67434fdf2f18d383e816e",
    "fs_diloco/protocol/fragment_index.py": "04bb91c2e9963a6e2eb75444fc8aeb64652091a67eac846e1a13652e5b9ef11d",
    "fs_diloco/protocol/fragment_scheduler.py": "3b8b935017c8e169ea27e9e20572ce99d3eb97152c4c8cb643c838840a340dbf",
    "fs_diloco/protocol/liveness.py": "f2f0ebc113c125f252a4b25a6d41f89d4c6d85f2201ecafee8e82550cb254d7e",
    "fs_diloco/protocol/membership.py": "bf4ba1066d40d098b65f6e7583459dcc5847059e9352850368f74e08dd427f45",
    "fs_diloco/protocol/merge.py": "48db53cc9f7c1169ef169531be1a0febd16021e38c968654297cc0bb55ec6c97",
    "fs_diloco/runtime/__init__.py": "de02c15d0ad18f4b21f5c188d08d9a602f8c7826494a9d660a4b2a013527fccc",
    "fs_diloco/runtime/adoption.py": "f562c124ebc101327caaa64af245892600a1a821915d06730d0fa2f07901fd8e",
    "fs_diloco/runtime/failure_sim.py": "b9da18fd404ce18cdac791d56cc9b3e3ed7f5063984c5ecfd89e3d6a33d5b6a1",
    "fs_diloco/runtime/launch_outbox.py": "6558695356f0b7a117cbbef80cbdd6d707ecf8fb607abe04b1409f4b0d85fc97",
    "fs_diloco/runtime/learner.py": "8b54b1ac9eecce0b2b3af12200cab362e6ebe3009ae3ae5625e7dc243890bf8f",
    "fs_diloco/runtime/pbs_scheduler.py": "7caae93279ed1b087c932c3dd017c4233547265421e6fec019f15d3426b4d9c2",
    "fs_diloco/runtime/syncer.py": "b856e55a9b78feaf28c774de042bba1b8edff7e2476fc47606b3ce3b6f955c89",
    "fs_diloco/runtime/syncer_ha.py": "581ef1f1978bf9955550be16c7fd446d41288dec020c19498a93adc14fb2c42a",
    "fs_diloco/storage/__init__.py": "c3338e8a5086fbf9e7d1530cac4d8c17257044c968de806b48658a4d9280786f",
    "fs_diloco/storage/atomic_io.py": "d3119b65458f51e25456ebc2176b570f98ed2329acf33e54da42189c1ec94101",
    "fs_diloco/storage/fenced_store.py": "016a49d8d0b5bdac41f48ee2e2ce52c9caadf0dcf23e215c264e86829150b53e",
    "fs_diloco/storage/leader_lease.py": "5e18879dbe9a4f7f29384f0791707dd2bd824eb6b7b5437467fe14750f87a412",
    "fs_diloco/storage/maintenance.py": "b79ee4a9ea4033c69dd20a460846778ccf72312558b4592ef12b839f1c146b96",
    "fs_diloco/storage/paths.py": "2364f0b41e572195c5840959b59c2d571ae69e37f5a55289485142e000e72247",
    "fs_diloco/storage/schema.sql": "90842e33832f0badf2001a2c9ffbfe159439bc03001f5d2439ecff038ca41f6f",
    "fs_diloco/storage/schema_bootstrap.py": "97d3280cf9cfd1fc86b6da158796b78708e985b30c1a4bc1bb01855e70698231",
    "fs_diloco/storage/sqlite_store.py": "cf36bb51c18e6c12477147d764193359a80ce6672b71107a80eb0a5617184674",
    "fs_diloco/storage/tensor_codec.py": "c05e12b59e88ef05d3649bcd046e4b38e1b00ce0952fa88c64a95b5509fc9967",
    "fs_diloco/syncer.py": "adcc94f435224ed8235ddbbed8a8fb8fc25c1087abc2fd63b5ee33f0fa2936bf",
    "fs_diloco/tools/__init__.py": "1dd7c1f4477dca17b61275c611d9674dc4467a8749412b151e236d2dc73e85e7",
    "fs_diloco/tools/analysis.py": "a2bed9111e314aed335b447dbe158f3ff8bf4cc1033acdf37c22b741587d494f",
    "fs_diloco/tools/clean_run.py": "6be1d511ef62601dcd53109ba60db877882d4abbf702d2752699434936433656",
    "fs_diloco/tools/compare_event_traces.py": "411566f12702728d6b42e18eb394f92845df5aa38c14a95adcc960af41c1e620",
    "fs_diloco/tools/eval_lm_harness.py": "2f7ea3e2e6472add746d1464e50bb4560749be2f685b326d27f19a25b22b93d3",
    "fs_diloco/tools/init_run.py": "6a1d86be72777f043b96a2ac1484825abfc52fd059643db090084dd583cefe32",
    "fs_diloco/tools/launch_independent_run.py": "0c0ef652a5fb531804ddf4d137f27e19e8c0c3cd19ae458dd48cd8f2625297fa",
    "fs_diloco/tools/launch_phase1_acceptance.py": "9e50f8eee5e3919eb0ae048f99943b6bd29b4a0f930ada87f339040811c7588a",
    "fs_diloco/tools/launch_phase2_acceptance.py": "79ad600e4b503c6b314e71de3188f35a48708f0abc416fb067beeeb0be46114d",
    "fs_diloco/tools/launch_phase2_matched.py": "72255da7dde47a5da1a1cb23d412c22554139134932bf25489b18eb5eaa353e0",
    "fs_diloco/tools/phase1_matched_performance.py": "f77e1900ccb8090da71268b9219bc1971c32110d08e899f05e49b160306db877",
    "fs_diloco/tools/phase2_chaos_evidence.py": "48362befc0ce33041e8415b6f8fdac0ec4aab14537433afe40a61d02f864443a",
    "fs_diloco/tools/phase2_matched_evidence.py": "f8eab99c921e21ebd61f94ec7f002b3753c99b2aafdf5187467410e5fcbd2bb2",
    "fs_diloco/tools/phase2_test_evidence.py": "919bf01df7eccea6a1fd33c912e30777547c99ad2761445def9eaf42f02c0255",
    "fs_diloco/tools/publish_quality_gate.py": "c13254ff4fe53ac15b5bf7ccbd5cc7353469f974b29e1201692bcc43c990ecd2",
    "fs_diloco/tools/request_dynamic_close.py": "66b495dba675934a76f33710efcf644f9e42c989d3662c6e1281dcd07bd9417e",
    "fs_diloco/tools/run_metrics_csv.py": "96a561dd0f92f82842ef2c3b0678e824516b9cdac029956ba6823a15e13356e8",
    "fs_diloco/tools/validation_eval.py": "a695420035056fac8e7b9727620cda549215228330df61b86584530230e2709b",
    "scripts/miyabi/run_1node_debug.pbs": "ac1eb3f6dfe764b4d2a8c7c2d89f8cc15f142299f5a0f15b942666956291d341",
    "scripts/miyabi/run_1node_fragment_debug.pbs": "ef318dcfea772ab987018f347cc5d518f35c9fa9816b5a32af260f796fafbd24",
    "scripts/miyabi/run_1node_lm_eval.pbs": "6d83bfce7cd3b85a99f5d4e75c15c3d2405dd58434f15cb9aa1115a015baa856",
    "scripts/miyabi/run_1node_validation_eval.pbs": "25c9c0741f2617679e2988e5586076698455bbb3c21ac5a6caa4081510086cee",
    "scripts/miyabi/run_2node_debug.pbs": "f697cdb1e314108910c9339fd6354ca1bc8b1a2a6b228f68b8c27090cc63018f",
    "scripts/miyabi/run_2node_fragment_debug.pbs": "129593e3fdd254ddd1432b5edfbeecb0200c35854f33896c6482a9a6ea03b6d7",
    "scripts/miyabi/run_2node_resume_regression.pbs": "810f830f877a00783f9204d774051dd5051cc31e31c4bb1160a34b8f90d6729f",
    "scripts/miyabi/run_8node_colocated_gpt2_wikitext2_5000steps.pbs": "c19cf94803b7274dbb17dbe8174237fed89c4d9876aed541547163c95f3263a3",
    "scripts/miyabi/run_8node_torch_ddp_gpt2_wikitext2_5000steps.pbs": "ea84bde4cf2d4788e2c8dfddf58112e29364a08e3224838354036fc0ca421184",
    "scripts/miyabi/run_8node_torch_periodic_average_gpt2_wikitext2_5000steps.pbs": "cb020faead83832779e0ea3f4ce60174f97421e6ab264bdd860c0aebce31e856",
    "scripts/miyabi/run_9node_fragment_gpt2_wikitext2_5000steps.pbs": "09872d9cc681a6335c8e427fc13f075e771126a065ac60bb968104c5e73f4b38",
    "scripts/miyabi/run_9node_fragment_gpt2_wikitext2_50x10.pbs": "69d68b9f721cc89ffef79fe0278277a73992af28b656de967a333a2c1933a7b4",
    "scripts/miyabi/run_9node_fragment_gpt2_wikitext2_50x4.pbs": "1d603e8395ffcb02217d60032904b18f1d9666646b05e14df0821bdc7231f8f9",
    "scripts/miyabi/run_9node_gpt2_wikitext2.pbs": "4c051b08655eec428ba4f4ac2ed9c5cee443592d9626b608cb849963b8de6414",
    "scripts/miyabi/run_9node_gpt2_wikitext2_5000steps.pbs": "269f8992650f90996bd44490cba95687575947d295b3ba8a9750c07e7668ca90",
    "scripts/miyabi/run_9node_no_fragment_gpt2_wikitext2_50x10.pbs": "3784555bb82d4d80362334a9a937f1ea79ca20c5527e7d38feeb4d4535479377",
    "scripts/miyabi/run_dynamic_learner.pbs": "fa467dac048207170462ee758b187c5b8b3a1f04f4c304ef548cdedd9e80d64a",
    "scripts/miyabi/run_plan01_regression.pbs": "db482f895bb023cc50db56c7da0babfd2e91f824f1873f2beab60fca007cc5aa",
    "scripts/miyabi/run_plan02_capability_child.pbs": "f305c2fa9df620cd1a1472c90dce059de7e39887718092ca82054a2ca2cdc641",
    "scripts/miyabi/run_plan02_phase0_feasibility.pbs": "4348ab3dae9f34bc866c0b84874a307144018c2e6726d523b727c18f1a6eb9c6",
    "scripts/miyabi/run_plan02_phase0_tests.pbs": "a572cf87d8e23dc402d9fb54aec95e9454e790b037f3124ee6549d06d12cdec7",
    "scripts/miyabi/run_plan02_phase1_acceptance_launcher.pbs": "4f971b7ab4bfbd06702f268e9f88dcdbd50eb3b31ee539011258982ddecc8919",
    "scripts/miyabi/run_plan02_phase1_checker.pbs": "6f6df34cbe61dbec625993a9249c01c4fe8f3fcbbaf9658590e69fbfbafe5901",
    "scripts/miyabi/run_plan02_phase1_faults.pbs": "708616d21e73ca119aa01a7252b21ab68703ca5cc58325bb3a0f6355dcf04159",
    "scripts/miyabi/run_plan02_phase1_lock.pbs": "07078eef12f93ab7641695f8963425c23fcb77019a006587ee2d940fb3497bd7",
    "scripts/miyabi/run_plan02_phase1_matched_performance.pbs": "127217432847bbde70633c791da0c17c885852cdeb6aae4f7fcd7ba6a2a39e51",
    "scripts/miyabi/run_plan02_phase1_smoke.pbs": "574d9190a891b92887420461f1ebc8efb1e046e30b6733b7c55f9dd430be6628",
    "scripts/miyabi/run_plan02_phase1_tests.pbs": "d334ec09b6b956c291aed335e3cff67285c91809630c448a693d613251c7e7f8",
    "scripts/miyabi/run_plan02_phase2_acceptance_launcher.pbs": "2ce4921ff2215fcc1087358392ff99ed394aed9aa62a5132ee3ed87997e86df6",
    "scripts/miyabi/run_plan02_phase2_chaos_checker.pbs": "0af0014eef09341667fff734d341550bd79af4c5c046e50023c1b29b9f93aac5",
    "scripts/miyabi/run_plan02_phase2_completed_checker.pbs": "9c229c52bddbbab2f68b132fda477ef48c2842397642b092853e1a4339f1ce8f",
    "scripts/miyabi/run_plan02_phase2_evidence_tests.pbs": "cc6fe0c0688a24b897cf4eb40abc46b2db91f4b6218d3a89531418dd8c484d1d",
    "scripts/miyabi/run_plan02_phase2_matched_checker.pbs": "b2728570519d59172512ba75a9dc08e1c3ad2626382bdb3788dd85324665e22f",
    "scripts/miyabi/run_plan02_phase2_matched_launcher.pbs": "1b639de5fc3cea5a1a4deef77fdd671df3dc0906a015f13c2225e228fafbda50",
    "scripts/miyabi/run_plan02_phase2_tests.pbs": "c8e86aa8c8694aec22863ab5d4e48f05df7a14834b6e47a688a7beb2a6ec1b26",
    "scripts/miyabi/run_static_learner.pbs": "940cb6e3b7f435c6bd241f874de9bb6f3cc42c61e13bdddadc8e165bae0b49e5",
    "scripts/miyabi/run_syncer_candidate.pbs": "f50a076bf9fb1c8ecd0fe8baf96568981b2a7cb02a57e1018d07d65dc1f83d18",
    "tests/test_adoption_strategy.py": "f923f130f63d29c6cbc429ee41d2e971f1d0fbb5e6425f35ec43f83e5c6f1900",
    "tests/test_adoption_telemetry.py": "896381fcf6221836db7d59a8ff62140915b046b9056633270ca47d104ec96036",
    "tests/test_atomic_io.py": "b69aeb448f5261e59237c62f3709f243c002e1abdd02780bcac09183c7124aad",
    "tests/test_bounded_1000_cycles.py": "dc380b2dfd46408f90f83451bc5b2bfe74c0d9cc9eaadf32d187b4bbfe1130f0",
    "tests/test_capture_source_identity.py": "cb211a99ab5a835aa970009d7db708efbb5650d8e05885ff10441253c9545d9e",
    "tests/test_clean_run.py": "12ee4a448e07f46f7477d52495df8b273d0fc1c1ffd2447488f4e6a87a547977",
    "tests/test_compare_event_traces.py": "41e8e9234f591b6114b5d4241703b86e9699432ea4f71e6c7c368698b78a9791",
    "tests/test_config.py": "292e481b5b0535a724609314c237f2021e0c317ff4228be894b092c247fbb1e5",
    "tests/test_data_shuffle.py": "cb6d0c427d1a1629dc84c83dc56e82aa02539b5060bb97296b69915727c70f0f",
    "tests/test_fragment_analysis.py": "5bcd9a4e204dda9c6b80223c7d4fd614409e81397274d69bd08c68fdb74d3de3",
    "tests/test_fragment_codec.py": "d2cadcec50ec0d0d91616455324ad1c02cb2877d8f563089eeb2a38b0c132a89",
    "tests/test_fragment_final_wait.py": "e1b411db19a1348d3aff021878e82dac0d906e45760a04f8ee599e72de0b17ae",
    "tests/test_fragment_index.py": "9d77d7c084d1e3378c20fc0eb2b342d798e136647e2695b0148fa7a86967a1e3",
    "tests/test_fragment_latest_retry.py": "f3c6caeaee3b451a4d49e1a086a66e4c8d4b41fc69eca47a0f3480966c884c72",
    "tests/test_fragment_materialization.py": "51b32cf321aba8c2c6d698ac88b8bc1fefd5426e30b4c4f5ad1ee498705e8fdf",
    "tests/test_fragment_merge.py": "c46061afc979dd684779be9f90022d0dd2e8560b84a85ebe55d032aa449ba98e",
    "tests/test_fragment_pipeline_smoke.py": "12b492cbc35aa8fcbbee612ea8e5fb8fcc04ea26a7d16306845699940b6f2bc6",
    "tests/test_fragment_pointer_discovery.py": "df9c059b013f635004c1e0400d7231739b5860bc7e010510317922c542b1fd76",
    "tests/test_fragment_scheduler.py": "29155a19d3f472bc37428c15dc06aa510115413a83b243f18f2b7eb66138c05b",
    "tests/test_fragment_store.py": "19965c2b371ff1beb146b0ddfb0d9d43db7004f41a42330aefd72adc8c73b524",
    "tests/test_inner_scheduler.py": "d1fb1208beb7d6382d962af599cd372838ff2fbb2dcebf9e2c2d0030caa61c08",
    "tests/test_interval_telemetry.py": "66252aabfc0d86d8f933869ea97b156424667498c3ca19d6823b0eae6a4bd3f0",
    "tests/test_latest_load_retry.py": "3c81989bc86060094630cd554ef7db9c4b929e9f5dde5d068589ee33a81a08ad",
    "tests/test_learner_completion.py": "bc932a5708c92d0e877c0a55d365cba42dfef81c729197465b937ce6ab6b1905",
    "tests/test_learner_rebase.py": "88b76f9076f12dba570ccc1cc69172e3cd9117652a85229897ce7e8716dc91e8",
    "tests/test_liveness.py": "edc90cab0fe2820a2a5dbd928f99519961ff22696bb473d52613f72f53863b3a",
    "tests/test_merge.py": "f128ec04893dde790e8232adf3445abe9c12b0de72acdb640cc183a95f47bcaa",
    "tests/test_midcycle_adoption_metadata.py": "d757d0f435c6b3280e4c52c1f2659746b9a4302109333215edb3d334652c5db4",
    "tests/test_outer_optim.py": "eea83c17c2f33c450167071ae65845656ef267215564ada1347570606b5c9cad",
    "tests/test_parallel_publication.py": "8ff2e19edaa3dee7797d2a0a633b8d9e63c42ace60d5cbffa42b06914fdf0406",
    "tests/test_param_index_roundtrip.py": "e2dc1e703734af9ddd903e11e99da522042ba9bf30a167d356471de581ddaefb",
    "tests/test_plan01_checker.py": "98b59a8b2d51502d5ddfb630e79239b3f763ed0d7e66d4ce94150bc5c019cb9a",
    "tests/test_plan02_feasibility.py": "da3a850360cc9008473259efa7ec3408416ed328edc4315dc78874c86b9141fe",
    "tests/test_plan02_phase1_ha.py": "5dae299d6cf25aeab727b7a8a7477fbdf6f8efe2d5e77cff44d035be4215fc52",
    "tests/test_plan02_phase2_dynamic.py": "bad893ec6cc3f31f8696ee0cbcab85507f49b7c48282cbef32c5f4de60d91656",
    "tests/test_plan02_phase2_review_remediation.py": "e27b2fc2b2c3e30fa08073941a9e215d6f79321f552a241ae329f2a3c18cc0a3",
    "tests/test_publish_quality_gate.py": "6f9015adcd9ac51c0597a76b8c0d954164847dbe7931189d0f5c8aef01d0d439",
    "tests/test_resource_monitor.py": "2b91145dc0dbb86df0193b3c7e2e8a8baad798bd34c514a51581e7447c387884",
    "tests/test_resume.py": "bf344a8d4659f54e48b8e8878d6a40115e791826f04e47b4bcdc68166fb2a5ea",
    "tests/test_retention.py": "67c8d5e9f206f11c27e4ba041d926074c76d370264b585bb24e8e1e045a200b6",
    "tests/test_run_metrics_csv.py": "8a3d35e21fc69dbbfde0b5e81d41708dd5c9b76f5f41ea66188b51e5b8ff578a",
    "tests/test_shared_runtime_primitives.py": "85bd969d3e8f3a2ca7941a8d4cb1692973fc3aeeeb15e82b09055c584c3659de",
    "tests/test_source_identity.py": "a9120d40f11c7521cfa8138d992f6c08eb70be84637c049b0cfdf4a96664aea4",
    "tests/test_sqlite_probe.py": "bc6852378e900dd261a45724da90818b578882f3c4fb5262b7a09b544f6f9b6c",
    "tests/test_sqlite_store.py": "3e710629f063e53ce146d12d434ac36857be9a3ddccc75b02aff03d83662137e",
    "tests/test_staleness_evidence.py": "3e23e471a7806c4675efae4ccdfc0b67d2aaea095c2cce974a08b6720fe086f9",
    "tests/test_syncer_resource_cost.py": "923da9e4a9f47882fe637d14fb1244f4099c0c6714dd07d91b6f13842ffaa1b1",
    "tests/test_syncer_runtime.py": "53e1384dd2c5ccfe36f52e10cd6c8dce2212eb22973bc4cbf1e885d5637409d1",
    "tests/test_syncer_selection.py": "5c4092e28fa1f0441936716c529bb0a0de9e67582b3ef3471c009f4f4629d167",
    "tests/test_tensor_codec.py": "7dc170d7c48ad0e891ce2ca3dca2d3aaeffb1dab0fe47d24ed3de5806e2a5300",
    "tests/test_terminal_predecessor_capture.py": "b9c55cd58dcfd7e46d460a8cd6caeefb587a400de5df0d0f8660153f4f59a945",
    "tests/test_terminal_state_machine.py": "38fede97cdc02ab857dca48ea8692329571d5870d94cde0e37c92f8fd8a1f11f",
    "tests/test_torch_baseline_artifacts_and_data.py": "fb4a1d57d37df9eb298a0a07709a82c4440ebc1a2a698007a209c4de865f978d",
    "tests/test_torch_baseline_health.py": "d387b00c03b43c7003dd2b1c8c10cbdb724bbe1c94a95f807ec8a8654a39d4b3",
    "tests/test_torch_baseline_protocol.py": "7e23724a0e204ffaa9f1a3d300cccaec6236b01c280b6efa38defef4cd718c4e",
    "tests/test_validation_eval.py": "1d7c59bf39390a4106acbcc815cae15af5672001450e454c3493fc115e5f00f2",
    "tests/test_validation_submitter.py": "2e65e87a21a7dcfc281523f7adbbe46a91c9de28695f5335da0181ba03376dd0",
    "tests/test_wandb_logging.py": "7e40ad5eedb4c8b840bc28e3dc7fb564bae2ddb64af668a7ea8b68235d0e3a03"
  },
  "migration_boundaries": {
    "fragment_enabled_configs_delete_in_p5": [
      "configs/fs_diloco_gpt2_wikitext2_1l_fragment_debug.yaml",
      "configs/fs_diloco_gpt2_wikitext2_8l_fragment_5000steps.yaml",
      "configs/fs_diloco_gpt2_wikitext2_8l_fragment_50x10.yaml",
      "configs/fs_diloco_gpt2_wikitext2_8l_fragment_50x4.yaml",
      "configs/fs_diloco_tiny_fragment_local.yaml",
      "configs/fs_diloco_tiny_fragment_terminal_local.yaml",
      "configs/fs_diloco_tiny_scheduler_fragment_local.yaml",
      "configs/fs_diloco_tiny_watchdog_fragment_local.yaml"
    ],
    "fragment_pbs_delete_in_p5": [
      "scripts/miyabi/run_1node_fragment_debug.pbs",
      "scripts/miyabi/run_2node_fragment_debug.pbs",
      "scripts/miyabi/run_9node_fragment_gpt2_wikitext2_5000steps.pbs",
      "scripts/miyabi/run_9node_fragment_gpt2_wikitext2_50x10.pbs",
      "scripts/miyabi/run_9node_fragment_gpt2_wikitext2_50x4.pbs"
    ],
    "historical_full_control_archive_separately": {
      "config": "configs/fs_diloco_gpt2_wikitext2_8l_no_fragment_50x10.yaml",
      "pbs": "scripts/miyabi/run_9node_no_fragment_gpt2_wikitext2_50x10.pbs"
    },
    "recursive_config_anchor": "configs/5000/fs_diloco_gpt2_wikitext2_8l_200x25steps.yaml",
    "torch_baseline_retain": {
      "configs": [
        "configs/torch_baseline_gpt2_wikitext2_1rank_debug.yaml",
        "configs/torch_baseline_gpt2_wikitext2_2rank_debug.yaml",
        "configs/torch_baseline_gpt2_wikitext2_8n_5000steps.yaml",
        "configs/torch_baseline_tiny_2rank.yaml"
      ],
      "package": "fs_diloco/baselines",
      "pbs": [
        "scripts/miyabi/run_8node_torch_ddp_gpt2_wikitext2_5000steps.pbs",
        "scripts/miyabi/run_8node_torch_periodic_average_gpt2_wikitext2_5000steps.pbs"
      ],
      "tests": [
        "tests/test_torch_baseline_artifacts_and_data.py",
        "tests/test_torch_baseline_health.py",
        "tests/test_torch_baseline_protocol.py"
      ]
    }
  },
  "plan_id": "fsb_decoupled_diloco_plan_03_unified_ha",
  "source_identity": {
    "archive_tag_targets": {
      "archive/classic-full-v1-final": "a00a3d64a50f10a2478c3f4fe795e658d1b3b52f",
      "archive/fragment-v0-final": "a00a3d64a50f10a2478c3f4fe795e658d1b3b52f"
    },
    "branch": "plan03",
    "commit": "a00a3d64a50f10a2478c3f4fe795e658d1b3b52f"
  },
  "status": "PASS"
}
Traceback (most recent call last):
  File "/work/xg24i002/x10041/fsb_decoupled_diloco/scripts/miyabi/plan03_fs_capability.py", line 524, in <module>
    main()
    ~~~~^^
  File "/work/xg24i002/x10041/fsb_decoupled_diloco/scripts/miyabi/plan03_fs_capability.py", line 515, in main
    payload = probe(args.shared_parent)
  File "/work/xg24i002/x10041/fsb_decoupled_diloco/scripts/miyabi/plan03_fs_capability.py", line 472, in probe
    "directory_publish_fallback": _probe_directory_publish_fallback(temporary),
                                  ~~~~~~~~~~~~~~~~~~~~~~~~~~~~~~~~~^^^^^^^^^^^
  File "/work/xg24i002/x10041/fsb_decoupled_diloco/scripts/miyabi/plan03_fs_capability.py", line 331, in _probe_directory_publish_fallback
    raise RuntimeError(f"crash prefix {prefix} became visible")
RuntimeError: crash prefix 13 became visible
[ERROR] Failed at line 40
