Currently Loaded Modulefiles:
 1) nvidia/25.9(default)   2) nv-hpcx/25.9

Key:
(symbolic-version)
mg0006
PBS_JOBID=2512047.opbs
TEST_TARGET=tests/architecture tests/legacy tests/tools/test_authorize_static_replacement.py tests/runtime/test_dynamic_capacity_service.py tests/runtime/test_pbs_scheduler.py tests/runtime/test_p4_mandatory_runtime.py tests/runtime/test_terminal_service.py tests/storage tests/test_config.py tests/test_torch_baseline_artifacts_and_data.py tests/test_torch_baseline_health.py tests/test_torch_baseline_protocol.py tests/test_fragment_analysis.py tests/test_plan03_checker.py tests/test_validation_eval.py
All checks passed!
45 files already formatted
PASS
........................................................................ [ 15%]
........................................................................ [ 31%]
........................................................................ [ 47%]
........................................................................ [ 63%]
........................................................................ [ 79%]
........................................................................ [ 95%]
......................                                                   [100%]
454 passed in 40.08s
........................................................................ [ 11%]
........................................................................ [ 23%]
........................................................................ [ 34%]
........................................................................ [ 46%]
........................................................................ [ 57%]
........................................................................ [ 69%]
........................................................................ [ 80%]
........................................................................ [ 92%]
.................................................                        [100%]
625 passed in 40.03s
PLAN03_PHASE5_TESTS_COMPLETE=2512047.opbs
