Currently Loaded Modulefiles:
 1) nvidia/25.9(default)   2) nv-hpcx/25.9  

Key:
(symbolic-version)  
mg0005
PBS_JOBID=2508516.opbs
python=3.13.13
platform=Linux-5.14.0-427.13.1.el9_4.aarch64+64k-aarch64-with-glibc2.34
pytest=9.1.1
torch=2.13.0+cu132
PASS
PLAN03_CHECKER_ARTIFACT=reports/DOING/fsb_decoupled_diloco_plan_03_unified_ha/artifacts/20260809-002803_p0-current-boundary-check_review.json
{
  "artifact_version": 1,
  "experiment_id": "p0-shared-fs-capability",
  "host": "mg0005",
  "pbs_job_id": "2508516.opbs",
  "recorded_at": "2026-08-08T15:28:05.290639+00:00",
  "results": {
    "dir_fd_openat_nofollow_and_parent_fsync": {
      "parent_directory_fsync": true,
      "status": "PASS",
      "symlink_errno": 40
    },
    "directory_publish_fallback": {
      "completed_root_overwrite": "fail_closed",
      "crash_prefixes": [
        {
          "crash_after": "before_any_step",
          "next_step": "link_parent_reservation",
          "prefix": 0,
          "visible_after_retry": true,
          "visible_before_retry": false
        },
        {
          "crash_after": "link_parent_reservation",
          "next_step": "fsync_parent_reservation",
          "prefix": 1,
          "visible_after_retry": true,
          "visible_before_retry": false
        },
        {
          "crash_after": "fsync_parent_reservation",
          "next_step": "mkdir_final",
          "prefix": 2,
          "visible_after_retry": true,
          "visible_before_retry": false
        },
        {
          "crash_after": "mkdir_final",
          "next_step": "fsync_parent_final",
          "prefix": 3,
          "visible_after_retry": true,
          "visible_before_retry": false
        },
        {
          "crash_after": "fsync_parent_final",
          "next_step": "link_final_identity",
          "prefix": 4,
          "visible_after_retry": true,
          "visible_before_retry": false
        },
        {
          "crash_after": "link_final_identity",
          "next_step": "fsync_final_identity",
          "prefix": 5,
          "visible_after_retry": true,
          "visible_before_retry": false
        },
        {
          "crash_after": "fsync_final_identity",
          "next_step": "link_descriptor.json",
          "prefix": 6,
          "visible_after_retry": true,
          "visible_before_retry": false
        },
        {
          "crash_after": "link_descriptor.json",
          "next_step": "fsync_descriptor.json",
          "prefix": 7,
          "visible_after_retry": true,
          "visible_before_retry": false
        },
        {
          "crash_after": "fsync_descriptor.json",
          "next_step": "link_authority.sqlite",
          "prefix": 8,
          "visible_after_retry": true,
          "visible_before_retry": false
        },
        {
          "crash_after": "link_authority.sqlite",
          "next_step": "fsync_authority.sqlite",
          "prefix": 9,
          "visible_after_retry": true,
          "visible_before_retry": false
        },
        {
          "crash_after": "fsync_authority.sqlite",
          "next_step": "link_bootstrap.json",
          "prefix": 10,
          "visible_after_retry": true,
          "visible_before_retry": false
        },
        {
          "crash_after": "link_bootstrap.json",
          "next_step": "fsync_bootstrap.json",
          "prefix": 11,
          "visible_after_retry": true,
          "visible_before_retry": false
        },
        {
          "crash_after": "fsync_bootstrap.json",
          "next_step": "link_complete_marker",
          "prefix": 12,
          "visible_after_retry": true,
          "visible_before_retry": false
        }
      ],
      "different_identity_collision": "fail_closed",
      "different_staging_concurrency": "fail_closed_until_final_identity_exists",
      "foreign_entry_visibility": "fail_closed",
      "post_visibility_prefixes": [
        {
          "completed_steps": 13,
          "crash_after": "link_complete_marker",
          "visible_after_retry": true,
          "visible_before_retry": true
        },
        {
          "completed_steps": 14,
          "crash_after": "fsync_final_complete",
          "visible_after_retry": true,
          "visible_before_retry": true
        }
      ],
      "preexisting_final_retry": "repeatable_fail_closed_without_reservation_leak",
      "protocol": "parent-hardlink-identity-reservation+exclusive-mkdir+hashed-hardlink-objects+complete-manifest",
      "reservation_lifecycle": "retain_with_run; verified completed run supports same-inode repair",
      "reservation_loss_before_repair_visible": false,
      "reservation_repair": "PASS",
      "same_identity_retry": true,
      "same_identity_retry_requires_original_staging_inode_until_identity_link": true,
      "status": "PASS",
      "visibility_linearization_point": "link_complete_marker"
    },
    "directory_rename_no_replace": {
      "errno": 22,
      "error": "[Errno 22] Invalid argument: PosixPath('/work/xg24i002/x10041/fsb_decoupled_diloco/runs/.plan03-fs-capability-l93q371e/run.final')",
      "fallback_required": true,
      "status": "UNSUPPORTED"
    },
    "hardlink_create_no_replace": {
      "collision_errno": 17,
      "same_inode": true,
      "status": "PASS"
    },
    "sqlite_delete_journal_lock": {
      "contended_error": "database is locked",
      "contended_error_code": 5,
      "integrity_check": [
        "ok"
      ],
      "journal_mode": "delete",
      "status": "PASS",
      "success_after_release": true,
      "waited_seconds": 0.05114421801408753
    }
  },
  "shared_parent": "/work/xg24i002/x10041/fsb_decoupled_diloco/runs",
  "source_identity": {
    "git_commit": "0993737978da3c52990734cb6eef1aee84172d1f",
    "git_dirty": true,
    "source_fingerprint": "sha256:36f75de032056089c08f850ade103889fdf3f6449c5bce5bba60e8bd182eedac"
  },
  "status": "PASS",
  "temporary_path_removed": true
}
PLAN03_FS_CAPABILITY_ARTIFACT=/work/xg24i002/x10041/fsb_decoupled_diloco/reports/DOING/fsb_decoupled_diloco_plan_03_unified_ha/artifacts/20260808-152805_p0-shared-fs-capability_pass.json
................F............xxxxx                                       [100%]
=================================== FAILURES ===================================
___ test_plan03_completed_candidate_evidence_is_tracked_and_matches_contract ___

    def test_plan03_completed_candidate_evidence_is_tracked_and_matches_contract() -> None:
        matrix = (
            ROOT / "plans/DOING/plans/fsb_decoupled_diloco_plan_03_unified_ha-requirement-matrix.csv"
        )
        with matrix.open(newline="", encoding="utf-8") as handle:
            rows = list(csv.DictReader(handle))
        candidates = [row for row in rows if row["invariant_id"].startswith("P0-")]
    
        assert len(candidates) == 10
        for row in candidates:
            assert row["status"] in {"completion-candidate", "complete"}
            evidence = [item.strip() for item in row["evidence_path"].split(";") if item.strip()]
            for evidence_path in evidence:
                path = ROOT / evidence_path
                assert path.exists(), (row["invariant_id"], evidence_path)
                tracked = subprocess.run(
                    [
                        "git",
                        "ls-files",
                        "--error-unmatch",
                        "--",
                        evidence_path,
                    ],
                    cwd=ROOT,
                    check=True,
                    capture_output=True,
                    text=True,
                ).stdout.splitlines()
                assert tracked == [evidence_path], (row["invariant_id"], evidence_path)
            contracts = [
                item.strip() for item in row["artifact_contract"].split(";") if "artifacts/<ts>" in item
            ]
            evidence_names = {Path(item).name for item in evidence}
            for contract in contracts:
                suffix = contract.split("<ts>", 1)[1]
>               assert any(name.endswith(suffix) for name in evidence_names), (
                    row["invariant_id"],
                    contract,
                )
E               AssertionError: ('P0-SURFACE', 'artifacts/<ts>_p0-current-boundary-check_review.json')
E               assert False
E                +  where False = any(<generator object test_plan03_completed_candidate_evidence_is_tracked_and_matches_contract.<locals>.<genexpr> at 0x40016c58e7a0>)

tests/test_plan03_checker.py:123: AssertionError
=========================== short test summary info ============================
FAILED tests/test_plan03_checker.py::test_plan03_completed_candidate_evidence_is_tracked_and_matches_contract
1 failed, 28 passed, 5 xfailed in 9.33s
[ERROR] Failed at line 54
