Timestamp: 2026-08-09T04:51:06+09:00
Environment: miyabi-g1 login/control-plane; static validation only

Implemented hardening after the first green P3 unit gate:
  - initializer validates manifest structure/source objects, refuses symlink directory traversal,
    cleans the writable staging alias only after complete validation, recovers post-marker crash,
    and requires full protocol-entry validation before explicit reservation repair;
  - indexed cursor has explicit shard identity and one shared keyed bijection, proving bounded
    non-overlap rather than independent-hash collision luck;
  - versioned artifact policy classifies authority/audit/telemetry/cache/payload/temp, and
    clean_run checks policy plus live SQLite references;
  - audit batches have path-safe identity and record-kind dedup; active-leader compaction publishes
    partition then manifest, folds hot DB rows, and uses fenced claim/delete-complete source GC;
  - terminal close freezes a one-cycle hard-crash token budget, sums per-incarnation gaps, and
    accepts only the single contiguous pre-close current cycle/matching update;
  - scheduler transitions now have an explicit graph, mandatory persisted uncertainty deadline,
    elapsed-deadline guard, and operator-only uncertainty scope;
  - SQL adapter fairness, static cursor restart, telemetry independence, 8-case unified v4 golden
    and accepted-change attribution were added.

Commands/results:
  scoped Ruff format: PASS (2 reformatted, 12 unchanged)
  repository Ruff: PASS
  compileall: PASS
  authoritative Plan03 boundary Checker: PASS
  git diff --check: PASS
  bash -n scripts/miyabi/*.pbs: PASS
  literal PBS group placeholder scan: PASS

No pytest/torch/runtime job ran on the login node. Compute validation remains required.
