Currently Loaded Modulefiles:
 1) nvidia/25.9(default)   2) nv-hpcx/25.9

Key:
(symbolic-version)
mg0004
PBS_JOBID=2508127.opbs
python=3.13.13
platform=Linux-5.14.0-427.13.1.el9_4.aarch64+64k-aarch64-with-glibc2.34
pytest=9.1.1
torch=2.13.0+cu132
....xxxxx                                                                [100%]
4 passed, 5 xfailed in 1.85s
........................................................................ [ 13%]
........................................................................ [ 26%]
........................................................................ [ 40%]
........................................................................ [ 53%]
........................................................................ [ 67%]
.................................xxxxx.................................. [ 80%]
........................................................................ [ 94%]
...............................                                          [100%]
530 passed, 5 xfailed in 37.27s
PLAN03_PHASE0_TESTS_COMPLETE=2508127.opbs
